Component: ARM Compiler 5.06 update 6 (build 750) Tool: armlink [4d35ed]

==============================================================================

Section Cross References

    main.o(i.main) refers to misc.o(i.NVIC_PriorityGroupConfig) for NVIC_PriorityGroupConfig
    main.o(i.main) refers to bsp_config.o(i.delay_init) for delay_init
    main.o(i.main) refers to bsp_usart.o(i.UART1_Init) for UART1_Init
    main.o(i.main) refers to bsp_timer.o(i.TIM2_Init) for TIM2_Init
    main.o(i.main) refers to bsp_timer.o(i.TIM1_PWM_Init) for TIM1_PWM_Init
    main.o(i.main) refers to stm32f10x_tim.o(i.TIM_SetCompare1) for TIM_SetCompare1
    main.o(i.main) refers to bsp_adc.o(i.ADC1_Init) for ADC1_Init
    main.o(i.main) refers to oled.o(i.OLED_Init) for OLED_Init
    main.o(i.main) refers to oled.o(i.OLED_ColorTurn) for OLED_ColorTurn
    main.o(i.main) refers to oled.o(i.OLED_DisplayTurn) for OLED_DisplayTurn
    main.o(i.main) refers to bsp_gpio.o(i.Key_Init) for Key_Init
    main.o(i.main) refers to scope.o(i.Scope_Init) for Scope_Init
    main.o(i.main) refers to scope.o(i.Scope_Start) for Scope_Start
    main.o(i.main) refers to oled.o(i.OLED_Refresh) for OLED_Refresh
    main.o(i.main) refers to bsp_gpio.o(i.Key_Scan) for Key_Scan
    main.o(i.main) refers to scope.o(i.Scope_SetTimeBase) for Scope_SetTimeBase
    main.o(i.main) refers to scope.o(i.Scope_Auto) for Scope_Auto
    main.o(i.main) refers to bsp_config.o(i.delay_ms) for delay_ms
    main.o(i.main) refers to bsp_adc.o(i.ADC_GetTransmitedSta) for ADC_GetTransmitedSta
    main.o(i.main) refers to scope.o(i.Scope_Task) for Scope_Task
    main.o(i.main) refers to bsp_adc.o(i.ADC_DMAStartTransmit) for ADC_DMAStartTransmit
    main.o(i.main) refers to bsp_adc.o(i.ADC_DMAStopTransmit) for ADC_DMAStopTransmit
    main.o(i.main) refers to bsp_adc.o(i.ADC_ResetTransmitedSta) for ADC_ResetTransmitedSta
    main.o(i.main) refers to scope.o(.bss) for hscope
    main.o(i.main) refers to main.o(.bss) for adc_buf
    stm32f10x_it.o(i.DMA1_Channel1_IRQHandler) refers to stm32f10x_dma.o(i.DMA_GetFlagStatus) for DMA_GetFlagStatus
    stm32f10x_it.o(i.DMA1_Channel1_IRQHandler) refers to bsp_adc.o(i.ADC_SetTransmitedSta) for ADC_SetTransmitedSta
    stm32f10x_it.o(i.DMA1_Channel1_IRQHandler) refers to stm32f10x_dma.o(i.DMA_ClearITPendingBit) for DMA_ClearITPendingBit
    stm32f10x_it.o(i.USART1_IRQHandler) refers to stm32f10x_usart.o(i.USART_GetITStatus) for USART_GetITStatus
    stm32f10x_it.o(i.USART1_IRQHandler) refers to stm32f10x_usart.o(i.USART_ReceiveData) for USART_ReceiveData
    stm32f10x_it.o(i.USART1_IRQHandler) refers to stm32f10x_it.o(.data) for uart1_recive_ch
    stm32f10x_it.o(i.USART2_IRQHandler) refers to stm32f10x_usart.o(i.USART_GetITStatus) for USART_GetITStatus
    stm32f10x_it.o(i.USART2_IRQHandler) refers to stm32f10x_usart.o(i.USART_ReceiveData) for USART_ReceiveData
    stm32f10x_it.o(i.USART2_IRQHandler) refers to stm32f10x_it.o(.data) for uart2_recive_ch
    scope.o(i.Scope_AddTimeBase) refers to scope.o(i.Scope_SetTimeBase) for Scope_SetTimeBase
    scope.o(i.Scope_AddTimeBase) refers to scope.o(.bss) for hscope
    scope.o(i.Scope_Auto) refers to scope.o(i.Scope_SetTimeBase) for Scope_SetTimeBase
    scope.o(i.Scope_Auto) refers to bsp_adc.o(i.ADC_ResetTransmitedSta) for ADC_ResetTransmitedSta
    scope.o(i.Scope_Auto) refers to bsp_adc.o(i.ADC_DMAStartTransmit) for ADC_DMAStartTransmit
    scope.o(i.Scope_Auto) refers to bsp_adc.o(i.ADC_GetTransmitedSta) for ADC_GetTransmitedSta
    scope.o(i.Scope_Auto) refers to scope.o(i.Scope_GetWaveFre) for Scope_GetWaveFre
    scope.o(i.Scope_Auto) refers to scope.o(.bss) for hscope
    scope.o(i.Scope_Auto) refers to scope.o(.data) for sample_gap_per_point
    scope.o(i.Scope_DrawNet) refers to scope_gui.o(i.Scope_DrawPoint) for Scope_DrawPoint
    scope.o(i.Scope_DrawNet) refers to scope.o(.data) for lines_y_per_gap
    scope.o(i.Scope_GetWaveFre) refers to scope.o(i.Scope_GetWavePara) for Scope_GetWavePara
    scope.o(i.Scope_GetWaveFre) refers to dflt_clz.o(x$fpl$dfltu) for __aeabi_ui2d
    scope.o(i.Scope_GetWaveFre) refers to dmul.o(x$fpl$dmul) for __aeabi_dmul
    scope.o(i.Scope_GetWaveFre) refers to ddiv.o(x$fpl$ddiv) for __aeabi_ddiv
    scope.o(i.Scope_GetWaveFre) refers to dfixu.o(x$fpl$dfixu) for __aeabi_d2uiz
    scope.o(i.Scope_GetWaveFre) refers to scope.o(.bss) for hscope
    scope.o(i.Scope_GetWaveFre) refers to scope.o(.data) for sample_gap_per_point
    scope.o(i.Scope_GetWavePara) refers to scope.o(i.Scope_IsWaveTrigPoint) for Scope_IsWaveTrigPoint
    scope.o(i.Scope_GetWavePara) refers to fflt_clz.o(x$fpl$ffltu) for __aeabi_ui2f
    scope.o(i.Scope_GetWavePara) refers to fdiv.o(x$fpl$fdiv) for __aeabi_fdiv
    scope.o(i.Scope_GetWavePara) refers to frleqf.o(x$fpl$frleqf) for __aeabi_cfrcmple
    scope.o(i.Scope_GetWavePara) refers to scope.o(.bss) for hscope
    scope.o(i.Scope_GetWavePara) refers to scope.o(.data) for second_period_start_index
[...]
    .ARM.Collect$$rtentry$$00000000          0x08000188   Section        0  __rtentry.o(.ARM.Collect$$rtentry$$00000000)
    .ARM.Collect$$rtentry$$00000002          0x08000188   Section        0  __rtentry2.o(.ARM.Collect$$rtentry$$00000002)
    .ARM.Collect$$rtentry$$00000004          0x08000188   Section        6  __rtentry4.o(.ARM.Collect$$rtentry$$00000004)
    .ARM.Collect$$rtentry$$00000009          0x0800018e   Section        0  __rtentry2.o(.ARM.Collect$$rtentry$$00000009)
    .ARM.Collect$$rtentry$$0000000A          0x0800018e   Section        4  __rtentry2.o(.ARM.Collect$$rtentry$$0000000A)
    .ARM.Collect$$rtentry$$0000000C          0x08000192   Section        0  __rtentry2.o(.ARM.Collect$$rtentry$$0000000C)
    .ARM.Collect$$rtentry$$0000000D          0x08000192   Section        8  __rtentry2.o(.ARM.Collect$$rtentry$$0000000D)
    .ARM.Collect$$rtexit$$00000000           0x0800019a   Section        2  rtexit.o(.ARM.Collect$$rtexit$$00000000)
    .ARM.Collect$$rtexit$$00000002           0x0800019c   Section        0  rtexit2.o(.ARM.Collect$$rtexit$$00000002)
    .ARM.Collect$$rtexit$$00000003           0x0800019c   Section        4  rtexit2.o(.ARM.Collect$$rtexit$$00000003)
    .ARM.Collect$$rtexit$$00000004           0x080001a0   Section        6  rtexit2.o(.ARM.Collect$$rtexit$$00000004)
    .text                                    0x080001a8   Section       64  startup_stm32f10x_md.o(.text)
    .text                                    0x080001e8   Section        0  __2sprintf.o(.text)
    .text                                    0x08000214   Section        0  _printf_pad.o(.text)
    .text                                    0x08000264   Section        0  _printf_dec.o(.text)
    .text                                    0x080002dc   Section        0  __printf_flags_ss_wp.o(.text)
    .text                                    0x08000464   Section        0  strlen.o(.text)
    .text                                    0x080004a2   Section       78  rt_memclr_w.o(.text)
    .text                                    0x080004f0   Section        0  heapauxi.o(.text)
    .text                                    0x080004f6   Section        0  _printf_intcommon.o(.text)
    .text                                    0x080005a8   Section        0  _printf_fp_dec.o(.text)
    _fp_digits                               0x080005ab   Thumb Code   432  _printf_fp_dec.o(.text)
    .text                                    0x080009c8   Section        0  _printf_char_common.o(.text)
    _printf_input_char                       0x080009c9   Thumb Code    10  _printf_char_common.o(.text)
    .text                                    0x080009f8   Section        0  _sputc.o(.text)
    .text                                    0x08000a04   Section        8  rt_locale_intlibspace.o(.text)
    .text                                    0x08000a0c   Section      138  lludiv10.o(.text)
    .text                                    0x08000a98   Section        0  _printf_fp_infnan.o(.text)
    .text                                    0x08000b18   Section        0  bigflt0.o(.text)
    .text                                    0x08000bfc   Section        8  libspace.o(.text)
    .text                                    0x08000c04   Section       74  sys_stackheap_outer.o(.text)
    .text                                    0x08000c4e   Section        0  exit.o(.text)
    .text                                    0x08000c60   Section      128  strcmpv7m.o(.text)
    CL$$btod_d2e                             0x08000ce0   Section       62  btod.o(CL$$btod_d2e)
    CL$$btod_d2e_denorm_low                  0x08000d1e   Section       70  btod.o(CL$$btod_d2e_denorm_low)
    CL$$btod_d2e_norm_op1                    0x08000d64   Section       96  btod.o(CL$$btod_d2e_norm_op1)
    CL$$btod_div_common                      0x08000dc4   Section      824  btod.o(CL$$btod_div_common)
    CL$$btod_e2e                             0x080010fc   Section      220  btod.o(CL$$btod_e2e)
    CL$$btod_ediv                            0x080011d8   Section       42  btod.o(CL$$btod_ediv)
    CL$$btod_emul                            0x08001202   Section       42  btod.o(CL$$btod_emul)
    CL$$btod_mult_common                     0x0800122c   Section      580  btod.o(CL$$btod_mult_common)
    i.ADC1_Init                              0x08001470   Section        0  bsp_adc.o(i.ADC1_Init)
    i.ADC_Cmd                                0x08001534   Section        0  stm32f10x_adc.o(i.ADC_Cmd)
    i.ADC_DMACmd                             0x0800154a   Section        0  stm32f10x_adc.o(i.ADC_DMACmd)
    i.ADC_DMAStartTransmit                   0x08001560   Section        0  bsp_adc.o(i.ADC_DMAStartTransmit)
    i.ADC_DMAStopTransmit                    0x08001584   Section        0  bsp_adc.o(i.ADC_DMAStopTransmit)
    i.ADC_DMA_Init                           0x08001598   Section        0  bsp_adc.o(i.ADC_DMA_Init)
    i.ADC_DeInit                             0x08001634   Section        0  stm32f10x_adc.o(i.ADC_DeInit)
    i.ADC_ExternalTrigConvCmd                0x08001690   Section        0  stm32f10x_adc.o(i.ADC_ExternalTrigConvCmd)
    i.ADC_GetCalibrationStatus               0x080016a6   Section        0  stm32f10x_adc.o(i.ADC_GetCalibrationStatus)
    i.ADC_GetResetCalibrationStatus          0x080016ba   Section        0  stm32f10x_adc.o(i.ADC_GetResetCalibrationStatus)
    i.ADC_GetTransmitedSta                   0x080016d0   Section        0  bsp_adc.o(i.ADC_GetTransmitedSta)
    i.ADC_Init                               0x080016e4   Section        0  stm32f10x_adc.o(i.ADC_Init)
    i.ADC_RegularChannelConfig               0x08001734   Section        0  stm32f10x_adc.o(i.ADC_RegularChannelConfig)
    i.ADC_ResetCalibration                   0x080017ec   Section        0  stm32f10x_adc.o(i.ADC_ResetCalibration)
    i.ADC_ResetTransmitedSta                 0x080017f8   Section        0  bsp_adc.o(i.ADC_ResetTransmitedSta)
    i.ADC_SetTimerFre                        0x08001804   Section        0  bsp_adc.o(i.ADC_SetTimerFre)
    i.ADC_SetTransmitedSta                   0x08001814   Section        0  bsp_adc.o(i.ADC_SetTransmitedSta)
    i.ADC_StartCalibration                   0x08001820   Section        0  stm32f10x_adc.o(i.ADC_StartCalibration)
    i.ADC_TIM_Init                           0x0800182c   Section        0  bsp_adc.o(i.ADC_TIM_Init)
    i.BusFault_Handler                       0x08001878   Section        0  stm32f10x_it.o(i.BusFault_Handler)
    i.DMA1_Channel1_IRQHandler               0x0800187c   Section        0  stm32f10x_it.o(i.DMA1_Channel1_IRQHandler)
    i.DMA_ClearITPendingBit                  0x08001894   Section        0  stm32f10x_dma.o(i.DMA_ClearITPendingBit)
    i.DMA_Cmd                                0x080018b0   Section        0  stm32f10x_dma.o(i.DMA_Cmd)
    i.DMA_DeInit                             0x080018c8   Section        0  stm32f10x_dma.o(i.DMA_DeInit)
    i.DMA_GetFlagStatus                      0x08001a14   Section        0  stm32f10x_dma.o(i.DMA_GetFlagStatus)
    i.DMA_ITConfig                           0x08001a40   Section        0  stm32f10x_dma.o(i.DMA_ITConfig)
    i.DMA_Init                               0x08001a52   Section        0  stm32f10x_dma.o(i.DMA_Init)
    i.DebugMon_Handler                       0x08001a8e   Section        0  stm32f10x_it.o(i.DebugMon_Handler)
    i.GPIO_Init                              0x08001a90   Section        0  stm32f10x_gpio.o(i.GPIO_Init)
    i.GPIO_ResetBits                         0x08001ba6   Section        0  stm32f10x_gpio.o(i.GPIO_ResetBits)
    i.GPIO_SetBits                           0x08001baa   Section        0  stm32f10x_gpio.o(i.GPIO_SetBits)
    i.HardFault_Handler                      0x08001bae   Section        0  stm32f10x_it.o(i.HardFault_Handler)
    i.I2C_Start                              0x08001bb4   Section        0  oled.o(i.I2C_Start)
    i.I2C_Stop                               0x08001be8   Section        0  oled.o(i.I2C_Stop)
    i.I2C_WaitAck                            0x08001c0c   Section        0  oled.o(i.I2C_WaitAck)
    i.IIC_delay                              0x08001c38   Section        0  oled.o(i.IIC_delay)
    i.Key_Init                               0x08001c48   Section        0  bsp_gpio.o(i.Key_Init)
    i.Key_Scan                               0x08001c94   Section        0  bsp_gpio.o(i.Key_Scan)
    i.MemManage_Handler                      0x08001d84   Section        0  stm32f10x_it.o(i.MemManage_Handler)
    i.NMI_Handler                            0x08001d88   Section        0  stm32f10x_it.o(i.NMI_Handler)
    i.NVIC_Init                              0x08001d8c   Section        0  misc.o(i.NVIC_Init)
    i.NVIC_PriorityGroupConfig               0x08001dfc   Section        0  misc.o(i.NVIC_PriorityGroupConfig)
    i.OLED_Clear                             0x08001e10   Section        0  oled.o(i.OLED_Clear)
    i.OLED_ColorTurn                         0x08001e40   Section        0  oled.o(i.OLED_ColorTurn)
    i.OLED_DisplayTurn                       0x08001e5c   Section        0  oled.o(i.OLED_DisplayTurn)
    i.OLED_DrawLine                          0x08001e88   Section        0  oled.o(i.OLED_DrawLine)
    i.OLED_DrawPoint                         0x08001f34   Section        0  oled.o(i.OLED_DrawPoint)
    i.OLED_Init                              0x08001fac   Section        0  oled.o(i.OLED_Init)
    i.OLED_Refresh                           0x080020f0   Section        0  oled.o(i.OLED_Refresh)
    i.OLED_ShowChar                          0x08002158   Section        0  oled.o(i.OLED_ShowChar)
    i.OLED_ShowString                        0x08002294   Section        0  oled.o(i.OLED_ShowString)
    i.OLED_WR_Byte                           0x080022de   Section        0  oled.o(i.OLED_WR_Byte)
    i.PendSV_Handler                         0x08002316   Section        0  stm32f10x_it.o(i.PendSV_Handler)
    i.RCC_ADCCLKConfig                       0x08002318   Section        0  stm32f10x_rcc.o(i.RCC_ADCCLKConfig)
    i.RCC_AHBPeriphClockCmd                  0x08002330   Section        0  stm32f10x_rcc.o(i.RCC_AHBPeriphClockCmd)
    i.RCC_APB1PeriphClockCmd                 0x08002350   Section        0  stm32f10x_rcc.o(i.RCC_APB1PeriphClockCmd)
    i.RCC_APB1PeriphResetCmd                 0x08002370   Section        0  stm32f10x_rcc.o(i.RCC_APB1PeriphResetCmd)
    i.RCC_APB2PeriphClockCmd                 0x08002390   Section        0  stm32f10x_rcc.o(i.RCC_APB2PeriphClockCmd)
    i.RCC_APB2PeriphResetCmd                 0x080023b0   Section        0  stm32f10x_rcc.o(i.RCC_APB2PeriphResetCmd)
    i.RCC_GetClocksFreq                      0x080023d0   Section        0  stm32f10x_rcc.o(i.RCC_GetClocksFreq)
    i.SVC_Handler                            0x080024a4   Section        0  stm32f10x_it.o(i.SVC_Handler)
    i.Scope_Auto                             0x080024a8   Section        0  scope.o(i.Scope_Auto)
    i.Scope_ClearPoint                       0x0800251c   Section        0  scope_gui.o(i.Scope_ClearPoint)
    i.Scope_DrawLine                         0x08002530   Section        0  scope_gui.o(i.Scope_DrawLine)
    i.Scope_DrawNet                          0x08002554   Section        0  scope.o(i.Scope_DrawNet)
    i.Scope_DrawPic                          0x08002594   Section        0  scope_gui.o(i.Scope_DrawPic)
    i.Scope_DrawPicReverse                   0x08002658   Section        0  scope_gui.o(i.Scope_DrawPicReverse)
    i.Scope_DrawPoint                        0x0800271c   Section        0  scope_gui.o(i.Scope_DrawPoint)
    i.Scope_DrawRect                         0x08002730   Section        0  scope_gui.o(i.Scope_DrawRect)
    i.Scope_Fill                             0x08002784   Section        0  scope_gui.o(i.Scope_Fill)
    i.Scope_GetWaveFre                       0x08002804   Section        0  scope.o(i.Scope_GetWaveFre)
    i.Scope_GetWavePara                      0x08002b30   Section        0  scope.o(i.Scope_GetWavePara)
    i.Scope_GetWaveVoltage                   0x08002cc4   Section        0  scope.o(i.Scope_GetWaveVoltage)
    i.Scope_Init                             0x08002d2c   Section        0  scope.o(i.Scope_Init)
    i.Scope_IsWaveTrigPoint                  0x08002d64   Section        0  scope.o(i.Scope_IsWaveTrigPoint)
    i.Scope_Refresh                          0x08002d94   Section        0  scope_gui.o(i.Scope_Refresh)
    i.Scope_RefreshWave                      0x08002d9c   Section        0  scope.o(i.Scope_RefreshWave)
    i.Scope_SetTimeBase                      0x08002e70   Section        0  scope.o(i.Scope_SetTimeBase)
    i.Scope_ShowStr                          0x08003058   Section        0  scope_gui.o(i.Scope_ShowStr)
    i.Scope_ShowStrReverse                   0x0800307c   Section        0  scope_gui.o(i.Scope_ShowStrReverse)
    i.Scope_Start                            0x080030a0   Section        0  scope.o(i.Scope_Start)
    i.Scope_Task                             0x080030bc   Section        0  scope.o(i.Scope_Task)
    i.Send_Byte                              0x08003388   Section        0  oled.o(i.Send_Byte)
    i.SetSysClock                            0x080033d4   Section        0  system_stm32f10x.o(i.SetSysClock)
    SetSysClock                              0x080033d5   Thumb Code     8  system_stm32f10x.o(i.SetSysClock)
    i.SetSysClockTo56                        0x080033dc   Section        0  system_stm32f10x.o(i.SetSysClockTo56)
    SetSysClockTo56                          0x080033dd   Thumb Code   214  system_stm32f10x.o(i.SetSysClockTo56)
    i.SysTick_CLKSourceConfig                0x080034bc   Section        0  misc.o(i.SysTick_CLKSourceConfig)
    i.SysTick_Handler                        0x080034e4   Section        0  stm32f10x_it.o(i.SysTick_Handler)
    i.SystemInit                             0x080034e8   Section        0  system_stm32f10x.o(i.SystemInit)
    i.TIM1_PWM_Init                          0x08003548   Section        0  bsp_timer.o(i.TIM1_PWM_Init)
    i.TIM2_IRQHandler                        0x080035f0   Section        0  bsp_timer.o(i.TIM2_IRQHandler)
    i.TIM2_Init                              0x08003628   Section        0  bsp_timer.o(i.TIM2_Init)
    i.TIM_ARRPreloadConfig                   0x08003684   Section        0  stm32f10x_tim.o(i.TIM_ARRPreloadConfig)
    i.TIM_ClearITPendingBit                  0x0800369c   Section        0  stm32f10x_tim.o(i.TIM_ClearITPendingBit)
    i.TIM_Cmd                                0x080036a2   Section        0  stm32f10x_tim.o(i.TIM_Cmd)
    i.TIM_CtrlPWMOutputs                     0x080036ba   Section        0  stm32f10x_tim.o(i.TIM_CtrlPWMOutputs)
    i.TIM_DeInit                             0x080036d8   Section        0  stm32f10x_tim.o(i.TIM_DeInit)
    i.TIM_ITConfig                           0x080038c0   Section        0  stm32f10x_tim.o(i.TIM_ITConfig)
    i.TIM_OC1Init                            0x080038d4   Section        0  stm32f10x_tim.o(i.TIM_OC1Init)
    i.TIM_OC1PreloadConfig                   0x0800396c   Section        0  stm32f10x_tim.o(i.TIM_OC1PreloadConfig)
    i.TIM_SelectOutputTrigger                0x0800397e   Section        0  stm32f10x_tim.o(i.TIM_SelectOutputTrigger)
    i.TIM_SetCompare1                        0x08003990   Section        0  stm32f10x_tim.o(i.TIM_SetCompare1)
    i.TIM_TimeBaseInit                       0x08003994   Section        0  stm32f10x_tim.o(i.TIM_TimeBaseInit)
    i.UART1_Init                             0x08003a38   Section        0  bsp_usart.o(i.UART1_Init)
    i.USART1_IRQHandler                      0x08003aec   Section        0  stm32f10x_it.o(i.USART1_IRQHandler)
    i.USART2_IRQHandler                      0x08003b10   Section        0  stm32f10x_it.o(i.USART2_IRQHandler)
    i.USART_Cmd                              0x08003b34   Section        0  stm32f10x_usart.o(i.USART_Cmd)
    i.USART_GetITStatus                      0x08003b4c   Section        0  stm32f10x_usart.o(i.USART_GetITStatus)
    i.USART_ITConfig                         0x08003ba0   Section        0  stm32f10x_usart.o(i.USART_ITConfig)
    i.USART_Init                             0x08003bec   Section        0  stm32f10x_usart.o(i.USART_Init)
    i.USART_ReceiveData                      0x08003cc4   Section        0  stm32f10x_usart.o(i.USART_ReceiveData)
    i.UsageFault_Handler                     0x08003cce   Section        0  stm32f10x_it.o(i.UsageFault_Handler)
    i.__ARM_fpclassify                       0x08003cd2   Section        0  fpclassify.o(i.__ARM_fpclassify)
    i._is_digit                              0x08003cfa   Section        0  __printf_wp.o(i._is_digit)
    i._sys_exit                              0x08003d08   Section        0  bsp_usart.o(i._sys_exit)
    i.delay_init                             0x08003d0c   Section        0  bsp_config.o(i.delay_init)
    i.delay_ms                               0x08003d50   Section        0  bsp_config.o(i.delay_ms)
    i.delay_short_ms                         0x08003d88   Section        0  bsp_config.o(i.delay_short_ms)
    i.main                                   0x08003dd4   Section        0  main.o(i.main)
    locale$$code                             0x08003ef4   Section       44  lc_numeric_c.o(locale$$code)
    x$fpl$ddiv                               0x08003f20   Section      688  ddiv.o(x$fpl$ddiv)
    ddiv_entry                               0x08003f27   Thumb Code     0  ddiv.o(x$fpl$ddiv)
    x$fpl$dfixu                              0x080041d0   Section       90  dfixu.o(x$fpl$dfixu)
    x$fpl$dfltu                              0x0800422a   Section       38  dflt_clz.o(x$fpl$dfltu)
    x$fpl$dmul                               0x08004250   Section      340  dmul.o(x$fpl$dmul)
    x$fpl$dnaninf                            0x080043a4   Section      156  dnaninf.o(x$fpl$dnaninf)
    x$fpl$dretinf                            0x08004440   Section       12  dretinf.o(x$fpl$dretinf)
    x$fpl$f2d                                0x0800444c   Section       86  f2d.o(x$fpl$f2d)
    x$fpl$fcmpinf                            0x080044a2   Section       24  fcmpi.o(x$fpl$fcmpinf)
    x$fpl$fdiv                               0x080044bc   Section      388  fdiv.o(x$fpl$fdiv)
    _fdiv1                                   0x080044bd   Thumb Code     0  fdiv.o(x$fpl$fdiv)
    x$fpl$ffix                               0x08004640   Section       54  ffix.o(x$fpl$ffix)
    x$fpl$ffixu                              0x08004678   Section       62  ffixu.o(x$fpl$ffixu)
    x$fpl$ffltu                              0x080046b8   Section       38  fflt_clz.o(x$fpl$ffltu)
    x$fpl$fleqf                              0x080046e0   Section      104  fleqf.o(x$fpl$fleqf)
    x$fpl$fmul                               0x08004748   Section      258  fmul.o(x$fpl$fmul)
    x$fpl$fnaninf                            0x0800484a   Section      140  fnaninf.o(x$fpl$fnaninf)
    x$fpl$fretinf                            0x080048d6   Section       10  fretinf.o(x$fpl$fretinf)
    x$fpl$frleqf                             0x080048e0   Section       98  frleqf.o(x$fpl$frleqf)
    x$fpl$printf1                            0x08004942   Section        4  printf1.o(x$fpl$printf1)
    .constdata                               0x08004946   Section       21  scope_gui.o(.constdata)
    x$fpl$usenofp                            0x08004946   Section        0  usenofp.o(x$fpl$usenofp)
    .constdata                               0x0800495b   Section     6632  oled.o(.constdata)
    .constdata                               0x08006343   Section       17  __printf_flags_ss_wp.o(.constdata)
    maptable                                 0x08006343   Data          17  __printf_flags_ss_wp.o(.constdata)
    .constdata                               0x08006354   Section      148  bigflt0.o(.constdata)
    tenpwrs_x                                0x08006354   Data          60  bigflt0.o(.constdata)
    tenpwrs_i                                0x08006390   Data          64  bigflt0.o(.constdata)
    locale$$data                             0x08006408   Section       28  lc_numeric_c.o(locale$$data)
    __lcnum_c_name                           0x0800640c   Data           2  lc_numeric_c.o(locale$$data)
    __lcnum_c_start                          0x08006414   Data           0  lc_numeric_c.o(locale$$data)
    __lcnum_c_point                          0x08006420   Data           0  lc_numeric_c.o(locale$$data)
    __lcnum_c_thousands                      0x08006422   Data           0  lc_numeric_c.o(locale$$data)
    __lcnum_c_grouping                       0x08006423   Data           0  lc_numeric_c.o(locale$$data)
    __lcnum_c_end                            0x08006424   Data           0  lc_numeric_c.o(locale$$data)
    .data                                    0x20000000   Section        2  stm32f10x_it.o(.data)
    .data                                    0x20000002   Section        8  scope.o(.data)
    sample_gap_per_point                     0x20000002   Data           2  scope.o(.data)
    second_period_start_index                0x20000004   Data           2  scope.o(.data)
    lines_x_per_gap                          0x20000006   Data           2  scope.o(.data)
    lines_y_per_gap                          0x20000008   Data           2  scope.o(.data)
    .data                                    0x2000000a   Section        4  bsp_config.o(.data)
    fac_us                                   0x2000000a   Data           1  bsp_config.o(.data)
    fac_ms                                   0x2000000c   Data           2  bsp_config.o(.data)
    .data                                    0x2000000e   Section        4  bsp_timer.o(.data)
    .data                                    0x20000012   Section        1  bsp_adc.o(.data)
    .data                                    0x20000013   Section        1  bsp_gpio.o(.data)
    key_up                                   0x20000013   Data           1  bsp_gpio.o(.data)
    .data                                    0x20000014   Section       20  stm32f10x_rcc.o(.data)
    APBAHBPrescTable                         0x20000014   Data          16  stm32f10x_rcc.o(.data)
    ADCPrescTable                            0x20000024   Data           4  stm32f10x_rcc.o(.data)
    .data                                    0x20000028   Section       20  system_stm32f10x.o(.data)
    .bss                                     0x2000003c   Section     8000  main.o(.bss)
    .bss                                     0x20001f7c   Section       44  scope.o(.bss)
    buf                                      0x20001f9c   Data          12  scope.o(.bss)
    .bss                                     0x20001fa8   Section     1152  oled.o(.bss)
    .bss                                     0x20002428   Section       96  libspace.o(.bss)
    HEAP                                     0x20002488   Section      512  startup_stm32f10x_md.o(HEAP)
    Heap_Mem                                 0x20002488   Data         512  startup_stm32f10x_md.o(HEAP)
    STACK                                    0x20002688   Section     1024  startup_stm32f10x_md.o(STACK)
    Stack_Mem                                0x20002688   Data        1024  startup_stm32f10x_md.o(STACK)
    __initial_sp                             0x20002a88   Data           0  startup_stm32f10x_md.o(STACK)

    Global Symbols

    Symbol Name                              Value     Ov Type        Size  Object(Section)

    BuildAttributes$$THM_ISAv4$P$D$K$B$S$PE$A:L22UL41UL21$X:L11$S22US41US21$IEEE1$IW$USESV6$~STKCKD$USESV7$~SHL$OTIME$ROPI$IEEEJ$EBA8$UX$STANDARDLIB$REQ8$PRES8$EABIv2 0x00000000   Number         0  anon$$obj.o ABSOLUTE
    __ARM_use_no_argv                        0x00000000   Number         0  main.o ABSOLUTE
    _printf_flags                            0x00000000   Number         0  printf_stubs.o ABSOLUTE
    _printf_return_value                     0x00000000   Number         0  printf_stubs.o ABSOLUTE
    _printf_sizespec                         0x00000000   Number         0  printf_stubs.o ABSOLUTE
    _printf_widthprec                        0x00000000   Number         0  printf_stubs.o ABSOLUTE
    __ARM_exceptions_init                     - Undefined Weak Reference
    __alloca_initialize                       - Undefined Weak Reference
    __arm_preinit_                            - Undefined Weak Reference
    __cpp_initialize__aeabi_                  - Undefined Weak Reference
    __cxa_finalize                            - Undefined Weak Reference
    __sigvec_lookup                           - Undefined Weak Reference
    _atexit_init                              - Undefined Weak Reference
    _call_atexit_fns                          - Undefined Weak Reference
    _clock_init                               - Undefined Weak Reference
    _fp_trap_init                             - Undefined Weak Reference
    _fp_trap_shutdown                         - Undefined Weak Reference
    _get_lc_collate                           - Undefined Weak Reference
    _get_lc_monetary                          - Undefined Weak Reference
    _get_lc_time                              - Undefined Weak Reference
    _getenv_init                              - Undefined Weak Reference
    _handle_redirection                       - Undefined Weak Reference
    _init_alloc                               - Undefined Weak Reference
    _init_user_alloc                          - Undefined Weak Reference
    _initio                                   - Undefined Weak Reference
    _printf_mbtowc                            - Undefined Weak Reference
    _printf_wc                                - Undefined Weak Reference
    _rand_init                                - Undefined Weak Reference
    _signal_finish                            - Undefined Weak Reference
    _signal_init                              - Undefined Weak Reference
    _terminate_alloc                          - Undefined Weak Reference
    _terminate_user_alloc                     - Undefined Weak Reference
    _terminateio                              - Undefined Weak Reference
    __Vectors_Size                           0x000000ec   Number         0  startup_stm32f10x_md.o ABSOLUTE
    __Vectors                                0x08000000   Data           4  startup_stm32f10x_md.o(RESET)
    __Vectors_End                            0x080000ec   Data           0  startup_stm32f10x_md.o(RESET)
    __main                                   0x080000ed   Thumb Code     8  __main.o(!!!main)
    __scatterload                            0x080000f5   Thumb Code     0  __scatter.o(!!!scatter)
    __scatterload_rt2                        0x080000f5   Thumb Code    44  __scatter.o(!!!scatter)
    __scatterload_rt2_thumb_only             0x080000f5   Thumb Code     0  __scatter.o(!!!scatter)
    __scatterload_null                       0x08000103   Thumb Code     0  __scatter.o(!!!scatter)
    __scatterload_copy                       0x08000129   Thumb Code    26  __scatter_copy.o(!!handler_copy)
    __scatterload_zeroinit                   0x08000145   Thumb Code    28  __scatter_zi.o(!!handler_zi)
    _printf_f                                0x08000161   Thumb Code     0  _printf_f.o(.ARM.Collect$$_printf_percent$$00000003)
    _printf_percent                          0x08000161   Thumb Code     0  _printf_percent.o(.ARM.Collect$$_printf_percent$$00000000)
    _printf_d                                0x08000167   Thumb Code     0  _printf_d.o(.ARM.Collect$$_printf_percent$$00000009)
    _printf_percent_end                      0x0800016d   Thumb Code     0  _printf_percent_end.o(.ARM.Collect$$_printf_percent$$00000017)
    __rt_lib_init                            0x08000171   Thumb Code     0  libinit.o(.ARM.Collect$$libinit$$00000000)
    __rt_lib_init_fp_1                       0x08000173   Thumb Code     0  libinit2.o(.ARM.Collect$$libinit$$00000002)
    __rt_lib_init_heap_1                     0x08000173   Thumb Code     0  libinit2.o(.ARM.Collect$$libinit$$0000000A)
    __rt_lib_init_lc_common                  0x08000173   Thumb Code     0  libinit2.o(.ARM.Collect$$libinit$$0000000F)
    __rt_lib_init_preinit_1                  0x08000173   Thumb Code     0  libinit2.o(.ARM.Collect$$libinit$$00000004)
    __rt_lib_init_rand_1                     0x08000173   Thumb Code     0  libinit2.o(.ARM.Collect$$libinit$$0000000E)
    __rt_lib_init_user_alloc_1               0x08000173   Thumb Code     0  libinit2.o(.ARM.Collect$$libinit$$0000000C)
    __rt_lib_init_lc_collate_1               0x08000179   Thumb Code     0  libinit2.o(.ARM.Collect$$libinit$$00000011)
    __rt_lib_init_lc_ctype_1                 0x08000179   Thumb Code     0  libinit2.o(.ARM.Collect$$libinit$$00000013)
    __rt_lib_init_lc_monetary_1              0x08000179   Thumb Code     0  libinit2.o(.ARM.Collect$$libinit$$00000015)
    __rt_lib_init_lc_numeric_2               0x08000179   Thumb Code     0  libinit2.o(.ARM.Collect$$libinit$$00000016)
    __rt_lib_init_alloca_1                   0x08000183   Thumb Code     0  libinit2.o(.ARM.Collect$$libinit$$0000002E)
    __rt_lib_init_argv_1                     0x08000183   Thumb Code     0  libinit2.o(.ARM.Collect$$libinit$$0000002C)
    __rt_lib_init_atexit_1                   0x08000183   Thumb Code     0  libinit2.o(.ARM.Collect$$libinit$$0000001B)
    __rt_lib_init_clock_1                    0x08000183   Thumb Code     0  libinit2.o(.ARM.Collect$$libinit$$00000021)
    __rt_lib_init_cpp_1                      0x08000183   Thumb Code     0  libinit2.o(.ARM.Collect$$libinit$$00000032)
    __rt_lib_init_exceptions_1               0x08000183   Thumb Code     0  libinit2.o(.ARM.Collect$$libinit$$00000030)
    __rt_lib_init_fp_trap_1                  0x08000183   Thumb Code     0  libinit2.o(.ARM.Collect$$libinit$$0000001F)
    __rt_lib_init_getenv_1                   0x08000183   Thumb Code     0  libinit2.o(.ARM.Collect$$libinit$$00000023)
    __rt_lib_init_lc_numeric_1               0x08000183   Thumb Code     0  libinit2.o(.ARM.Collect$$libinit$$00000017)
    __rt_lib_init_lc_time_1                  0x08000183   Thumb Code     0  libinit2.o(.ARM.Collect$$libinit$$00000019)
    __rt_lib_init_return                     0x08000183   Thumb Code     0  libinit2.o(.ARM.Collect$$libinit$$00000033)
    __rt_lib_init_signal_1                   0x08000183   Thumb Code     0  libinit2.o(.ARM.Collect$$libinit$$0000001D)
    __rt_lib_init_stdio_1                    0x08000183   Thumb Code     0  libinit2.o(.ARM.Collect$$libinit$$00000025)
    __rt_lib_shutdown                        0x08000185   Thumb Code     0  libshutdown.o(.ARM.Collect$$libshutdown$$00000000)
    __rt_lib_shutdown_cpp_1                  0x08000187   Thumb Code     0  libshutdown2.o(.ARM.Collect$$libshutdown$$00000002)
    __rt_lib_shutdown_fp_trap_1              0x08000187   Thumb Code     0  libshutdown2.o(.ARM.Collect$$libshutdown$$00000007)
    __rt_lib_shutdown_heap_1                 0x08000187   Thumb Code     0  libshutdown2.o(.ARM.Collect$$libshutdown$$0000000F)
    __rt_lib_shutdown_return                 0x08000187   Thumb Code     0  libshutdown2.o(.ARM.Collect$$libshutdown$$00000010)
    __rt_lib_shutdown_signal_1               0x08000187   Thumb Code     0  libshutdown2.o(.ARM.Collect$$libshutdown$$0000000A)
    __rt_lib_shutdown_stdio_1                0x08000187   Thumb Code     0  libshutdown2.o(.ARM.Collect$$libshutdown$$00000004)
    __rt_lib_shutdown_user_alloc_1           0x08000187   Thumb Code     0  libshutdown2.o(.ARM.Collect$$libshutdown$$0000000C)
    __rt_entry                               0x08000189   Thumb Code     0  __rtentry.o(.ARM.Collect$$rtentry$$00000000)
    __rt_entry_presh_1                       0x08000189   Thumb Code     0  __rtentry2.o(.ARM.Collect$$rtentry$$00000002)
    __rt_entry_sh                            0x08000189   Thumb Code     0  __rtentry4.o(.ARM.Collect$$rtentry$$00000004)
    __rt_entry_li                            0x0800018f   Thumb Code     0  __rtentry2.o(.ARM.Collect$$rtentry$$0000000A)
    __rt_entry_postsh_1                      0x0800018f   Thumb Code     0  __rtentry2.o(.ARM.Collect$$rtentry$$00000009)
    __rt_entry_main                          0x08000193   Thumb Code     0  __rtentry2.o(.ARM.Collect$$rtentry$$0000000D)
    __rt_entry_postli_1                      0x08000193   Thumb Code     0  __rtentry2.o(.ARM.Collect$$rtentry$$0000000C)
    __rt_exit                                0x0800019b   Thumb Code     0  rtexit.o(.ARM.Collect$$rtexit$$00000000)
    __rt_exit_ls                             0x0800019d   Thumb Code     0  rtexit2.o(.ARM.Collect$$rtexit$$00000003)
    __rt_exit_prels_1                        0x0800019d   Thumb Code     0  rtexit2.o(.ARM.Collect$$rtexit$$00000002)
    __rt_exit_exit                           0x080001a1   Thumb Code     0  rtexit2.o(.ARM.Collect$$rtexit$$00000004)
    Reset_Handler                            0x080001a9   Thumb Code     8  startup_stm32f10x_md.o(.text)
    ADC1_2_IRQHandler                        0x080001c3   Thumb Code     0  startup_stm32f10x_md.o(.text)
    CAN1_RX1_IRQHandler                      0x080001c3   Thumb Code     0  startup_stm32f10x_md.o(.text)
    CAN1_SCE_IRQHandler                      0x080001c3   Thumb Code     0  startup_stm32f10x_md.o(.text)
    DMA1_Channel2_IRQHandler                 0x080001c3   Thumb Code     0  startup_stm32f10x_md.o(.text)
    DMA1_Channel3_IRQHandler                 0x080001c3   Thumb Code     0  startup_stm32f10x_md.o(.text)
    DMA1_Channel4_IRQHandler                 0x080001c3   Thumb Code     0  startup_stm32f10x_md.o(.text)
    DMA1_Channel5_IRQHandler                 0x080001c3   Thumb Code     0  startup_stm32f10x_md.o(.text)
    DMA1_Channel6_IRQHandler                 0x080001c3   Thumb Code     0  startup_stm32f10x_md.o(.text)
    DMA1_Channel7_IRQHandler                 0x080001c3   Thumb Code     0  startup_stm32f10x_md.o(.text)
    EXTI0_IRQHandler                         0x080001c3   Thumb Code     0  startup_stm32f10x_md.o(.text)
    EXTI15_10_IRQHandler                     0x080001c3   Thumb Code     0  startup_stm32f10x_md.o(.text)
    EXTI1_IRQHandler                         0x080001c3   Thumb Code     0  startup_stm32f10x_md.o(.text)
    EXTI2_IRQHandler                         0x080001c3   Thumb Code     0  startup_stm32f10x_md.o(.text)
    EXTI3_IRQHandler                         0x080001c3   Thumb Code     0  startup_stm32f10x_md.o(.text)
    EXTI4_IRQHandler                         0x080001c3   Thumb Code     0  startup_stm32f10x_md.o(.text)
    EXTI9_5_IRQHandler                       0x080001c3   Thumb Code     0  startup_stm32f10x_md.o(.text)
    FLASH_IRQHandler                         0x080001c3   Thumb Code     0  startup_stm32f10x_md.o(.text)
    I2C1_ER_IRQHandler                       0x080001c3   Thumb Code     0  startup_stm32f10x_md.o(.text)
    I2C1_EV_IRQHandler                       0x080001c3   Thumb Code     0  startup_stm32f10x_md.o(.text)
    I2C2_ER_IRQHandler                       0x080001c3   Thumb Code     0  startup_stm32f10x_md.o(.text)
    I2C2_EV_IRQHandler                       0x080001c3   Thumb Code     0  startup_stm32f10x_md.o(.text)
    PVD_IRQHandler                           0x080001c3   Thumb Code     0  startup_stm32f10x_md.o(.text)
    RCC_IRQHandler                           0x080001c3   Thumb Code     0  startup_stm32f10x_md.o(.text)
    RTCAlarm_IRQHandler                      0x080001c3   Thumb Code     0  startup_stm32f10x_md.o(.text)
    RTC_IRQHandler                           0x080001c3   Thumb Code     0  startup_stm32f10x_md.o(.text)
    SPI1_IRQHandler                          0x080001c3   Thumb Code     0  startup_stm32f10x_md.o(.text)
    SPI2_IRQHandler                          0x080001c3   Thumb Code     0  startup_stm32f10x_md.o(.text)
    TAMPER_IRQHandler                        0x080001c3   Thumb Code     0  startup_stm32f10x_md.o(.text)
    TIM1_BRK_IRQHandler                      0x080001c3   Thumb Code     0  startup_stm32f10x_md.o(.text)
    TIM1_CC_IRQHandler                       0x080001c3   Thumb Code     0  startup_stm32f10x_md.o(.text)
    TIM1_TRG_COM_IRQHandler                  0x080001c3   Thumb Code     0  startup_stm32f10x_md.o(.text)
    TIM1_UP_IRQHandler                       0x080001c3   Thumb Code     0  startup_stm32f10x_md.o(.text)
    TIM3_IRQHandler                          0x080001c3   Thumb Code     0  startup_stm32f10x_md.o(.text)
    TIM4_IRQHandler                          0x080001c3   Thumb Code     0  startup_stm32f10x_md.o(.text)
    USART3_IRQHandler                        0x080001c3   Thumb Code     0  startup_stm32f10x_md.o(.text)
    USBWakeUp_IRQHandler                     0x080001c3   Thumb Code     0  startup_stm32f10x_md.o(.text)
    USB_HP_CAN1_TX_IRQHandler                0x080001c3   Thumb Code     0  startup_stm32f10x_md.o(.text)
    USB_LP_CAN1_RX0_IRQHandler               0x080001c3   Thumb Code     0  startup_stm32f10x_md.o(.text)
    WWDG_IRQHandler                          0x080001c3   Thumb Code     0  startup_stm32f10x_md.o(.text)
    __user_initial_stackheap                 0x080001c5   Thumb Code     0  startup_stm32f10x_md.o(.text)
    __2sprintf                               0x080001e9   Thumb Code    38  __2sprintf.o(.text)
    _printf_pre_padding                      0x08000215   Thumb Code    44  _printf_pad.o(.text)
    _printf_post_padding                     0x08000241   Thumb Code    34  _printf_pad.o(.text)
    _printf_int_dec                          0x08000265   Thumb Code   104  _printf_dec.o(.text)
    __printf                                 0x080002dd   Thumb Code   388  __printf_flags_ss_wp.o(.text)
    strlen                                   0x08000465   Thumb Code    62  strlen.o(.text)
    __aeabi_memclr4                          0x080004a3   Thumb Code     0  rt_memclr_w.o(.text)
    __aeabi_memclr8                          0x080004a3   Thumb Code     0  rt_memclr_w.o(.text)
    __rt_memclr_w                            0x080004a3   Thumb Code    78  rt_memclr_w.o(.text)
    _memset_w                                0x080004a7   Thumb Code     0  rt_memclr_w.o(.text)
    __use_two_region_memory                  0x080004f1   Thumb Code     2  heapauxi.o(.text)
    __rt_heap_escrow$2region                 0x080004f3   Thumb Code     2  heapauxi.o(.text)
    __rt_heap_expand$2region                 0x080004f5   Thumb Code     2  heapauxi.o(.text)
    _printf_int_common                       0x080004f7   Thumb Code   178  _printf_intcommon.o(.text)
    __lib_sel_fp_printf                      0x080005a9   Thumb Code     2  _printf_fp_dec.o(.text)
    _printf_fp_dec_real                      0x0800075b   Thumb Code   620  _printf_fp_dec.o(.text)
    _printf_char_common                      0x080009d3   Thumb Code    32  _printf_char_common.o(.text)
    _sputc                                   0x080009f9   Thumb Code    10  _sputc.o(.text)
    __rt_locale                              0x08000a05   Thumb Code     8  rt_locale_intlibspace.o(.text)
    _ll_udiv10                               0x08000a0d   Thumb Code   138  lludiv10.o(.text)
    _printf_fp_infnan                        0x08000a99   Thumb Code   112  _printf_fp_infnan.o(.text)
    _btod_etento                             0x08000b19   Thumb Code   224  bigflt0.o(.text)
    __user_libspace                          0x08000bfd   Thumb Code     8  libspace.o(.text)
    __user_perproc_libspace                  0x08000bfd   Thumb Code     0  libspace.o(.text)
    __user_perthread_libspace                0x08000bfd   Thumb Code     0  libspace.o(.text)
    __user_setup_stackheap                   0x08000c05   Thumb Code    74  sys_stackheap_outer.o(.text)
    exit                                     0x08000c4f   Thumb Code    18  exit.o(.text)
    strcmp                                   0x08000c61   Thumb Code   128  strcmpv7m.o(.text)
    _btod_d2e                                0x08000ce1   Thumb Code    62  btod.o(CL$$btod_d2e)
    _d2e_denorm_low                          0x08000d1f   Thumb Code    70  btod.o(CL$$btod_d2e_denorm_low)
    _d2e_norm_op1                            0x08000d65   Thumb Code    96  btod.o(CL$$btod_d2e_norm_op1)
    __btod_div_common                        0x08000dc5   Thumb Code   696  btod.o(CL$$btod_div_common)
    _e2e                                     0x080010fd   Thumb Code   220  btod.o(CL$$btod_e2e)
    _btod_ediv                               0x080011d9   Thumb Code    42  btod.o(CL$$btod_ediv)
    _btod_emul                               0x08001203   Thumb Code    42  btod.o(CL$$btod_emul)
    __btod_mult_common                       0x0800122d   Thumb Code   580  btod.o(CL$$btod_mult_common)
    ADC1_Init                                0x08001471   Thumb Code   186  bsp_adc.o(i.ADC1_Init)
    ADC_Cmd                                  0x08001535   Thumb Code    22  stm32f10x_adc.o(i.ADC_Cmd)
    ADC_DMACmd                               0x0800154b   Thumb Code    22  stm32f10x_adc.o(i.ADC_DMACmd)
    ADC_DMAStartTransmit                     0x08001561   Thumb Code    30  bsp_adc.o(i.ADC_DMAStartTransmit)
    ADC_DMAStopTransmit                      0x08001585   Thumb Code    14  bsp_adc.o(i.ADC_DMAStopTransmit)
    ADC_DMA_Init                             0x08001599   Thumb Code   142  bsp_adc.o(i.ADC_DMA_Init)
    ADC_DeInit                               0x08001635   Thumb Code    78  stm32f10x_adc.o(i.ADC_DeInit)
    ADC_ExternalTrigConvCmd                  0x08001691   Thumb Code    22  stm32f10x_adc.o(i.ADC_ExternalTrigConvCmd)
    ADC_GetCalibrationStatus                 0x080016a7   Thumb Code    20  stm32f10x_adc.o(i.ADC_GetCalibrationStatus)
    ADC_GetResetCalibrationStatus            0x080016bb   Thumb Code    20  stm32f10x_adc.o(i.ADC_GetResetCalibrationStatus)
    ADC_GetTransmitedSta                     0x080016d1   Thumb Code    14  bsp_adc.o(i.ADC_GetTransmitedSta)
    ADC_Init                                 0x080016e5   Thumb Code    70  stm32f10x_adc.o(i.ADC_Init)
    ADC_RegularChannelConfig                 0x08001735   Thumb Code   184  stm32f10x_adc.o(i.ADC_RegularChannelConfig)
    ADC_ResetCalibration                     0x080017ed   Thumb Code    10  stm32f10x_adc.o(i.ADC_ResetCalibration)
    ADC_ResetTransmitedSta                   0x080017f9   Thumb Code     8  bsp_adc.o(i.ADC_ResetTransmitedSta)
    ADC_SetTimerFre                          0x08001805   Thumb Code    10  bsp_adc.o(i.ADC_SetTimerFre)
    ADC_SetTransmitedSta                     0x08001815   Thumb Code     8  bsp_adc.o(i.ADC_SetTransmitedSta)
    ADC_StartCalibration                     0x08001821   Thumb Code    10  stm32f10x_adc.o(i.ADC_StartCalibration)
    ADC_TIM_Init                             0x0800182d   Thumb Code    72  bsp_adc.o(i.ADC_TIM_Init)
    BusFault_Handler                         0x08001879   Thumb Code     4  stm32f10x_it.o(i.BusFault_Handler)
    DMA1_Channel1_IRQHandler                 0x0800187d   Thumb Code    22  stm32f10x_it.o(i.DMA1_Channel1_IRQHandler)
    DMA_ClearITPendingBit                    0x08001895   Thumb Code    18  stm32f10x_dma.o(i.DMA_ClearITPendingBit)
    DMA_Cmd                                  0x080018b1   Thumb Code    24  stm32f10x_dma.o(i.DMA_Cmd)
    DMA_DeInit                               0x080018c9   Thumb Code   324  stm32f10x_dma.o(i.DMA_DeInit)
    DMA_GetFlagStatus                        0x08001a15   Thumb Code    36  stm32f10x_dma.o(i.DMA_GetFlagStatus)
    DMA_ITConfig                             0x08001a41   Thumb Code    18  stm32f10x_dma.o(i.DMA_ITConfig)
    DMA_Init                                 0x08001a53   Thumb Code    60  stm32f10x_dma.o(i.DMA_Init)
    DebugMon_Handler                         0x08001a8f   Thumb Code     2  stm32f10x_it.o(i.DebugMon_Handler)
    GPIO_Init                                0x08001a91   Thumb Code   278  stm32f10x_gpio.o(i.GPIO_Init)
    GPIO_ResetBits                           0x08001ba7   Thumb Code     4  stm32f10x_gpio.o(i.GPIO_ResetBits)
    GPIO_SetBits                             0x08001bab   Thumb Code     4  stm32f10x_gpio.o(i.GPIO_SetBits)
    HardFault_Handler                        0x08001baf   Thumb Code     4  stm32f10x_it.o(i.HardFault_Handler)
    I2C_Start                                0x08001bb5   Thumb Code    48  oled.o(i.I2C_Start)
    I2C_Stop                                 0x08001be9   Thumb Code    32  oled.o(i.I2C_Stop)
    I2C_WaitAck                              0x08001c0d   Thumb Code    40  oled.o(i.I2C_WaitAck)
    IIC_delay                                0x08001c39   Thumb Code    16  oled.o(i.IIC_delay)
    Key_Init                                 0x08001c49   Thumb Code    66  bsp_gpio.o(i.Key_Init)
    Key_Scan                                 0x08001c95   Thumb Code   226  bsp_gpio.o(i.Key_Scan)
    MemManage_Handler                        0x08001d85   Thumb Code     4  stm32f10x_it.o(i.MemManage_Handler)
    NMI_Handler                              0x08001d89   Thumb Code     2  stm32f10x_it.o(i.NMI_Handler)
    NVIC_Init                                0x08001d8d   Thumb Code   100  misc.o(i.NVIC_Init)
    NVIC_PriorityGroupConfig                 0x08001dfd   Thumb Code    10  misc.o(i.NVIC_PriorityGroupConfig)
    OLED_Clear                               0x08001e11   Thumb Code    42  oled.o(i.OLED_Clear)
    OLED_ColorTurn                           0x08001e41   Thumb Code    28  oled.o(i.OLED_ColorTurn)
    OLED_DisplayTurn                         0x08001e5d   Thumb Code    44  oled.o(i.OLED_DisplayTurn)
    OLED_DrawLine                            0x08001e89   Thumb Code   172  oled.o(i.OLED_DrawLine)
    OLED_DrawPoint                           0x08001f35   Thumb Code   114  oled.o(i.OLED_DrawPoint)
    OLED_Init                                0x08001fad   Thumb Code   314  oled.o(i.OLED_Init)
    OLED_Refresh                             0x080020f1   Thumb Code   100  oled.o(i.OLED_Refresh)
    OLED_ShowChar                            0x08002159   Thumb Code   300  oled.o(i.OLED_ShowChar)
    OLED_ShowString                          0x08002295   Thumb Code    74  oled.o(i.OLED_ShowString)
    OLED_WR_Byte                             0x080022df   Thumb Code    56  oled.o(i.OLED_WR_Byte)
    PendSV_Handler                           0x08002317   Thumb Code     2  stm32f10x_it.o(i.PendSV_Handler)
    RCC_ADCCLKConfig                         0x08002319   Thumb Code    18  stm32f10x_rcc.o(i.RCC_ADCCLKConfig)
    RCC_AHBPeriphClockCmd                    0x08002331   Thumb Code    26  stm32f10x_rcc.o(i.RCC_AHBPeriphClockCmd)
    RCC_APB1PeriphClockCmd                   0x08002351   Thumb Code    26  stm32f10x_rcc.o(i.RCC_APB1PeriphClockCmd)
    RCC_APB1PeriphResetCmd                   0x08002371   Thumb Code    26  stm32f10x_rcc.o(i.RCC_APB1PeriphResetCmd)
    RCC_APB2PeriphClockCmd                   0x08002391   Thumb Code    26  stm32f10x_rcc.o(i.RCC_APB2PeriphClockCmd)
    RCC_APB2PeriphResetCmd                   0x080023b1   Thumb Code    26  stm32f10x_rcc.o(i.RCC_APB2PeriphResetCmd)
    RCC_GetClocksFreq                        0x080023d1   Thumb Code   192  stm32f10x_rcc.o(i.RCC_GetClocksFreq)
    SVC_Handler                              0x080024a5   Thumb Code     2  stm32f10x_it.o(i.SVC_Handler)
    Scope_Auto                               0x080024a9   Thumb Code   106  scope.o(i.Scope_Auto)
    Scope_ClearPoint                         0x0800251d   Thumb Code    20  scope_gui.o(i.Scope_ClearPoint)
    Scope_DrawLine                           0x08002531   Thumb Code    36  scope_gui.o(i.Scope_DrawLine)
    Scope_DrawNet                            0x08002555   Thumb Code    56  scope.o(i.Scope_DrawNet)
    Scope_DrawPic                            0x08002595   Thumb Code   196  scope_gui.o(i.Scope_DrawPic)
    Scope_DrawPicReverse                     0x08002659   Thumb Code   196  scope_gui.o(i.Scope_DrawPicReverse)
    Scope_DrawPoint                          0x0800271d   Thumb Code    20  scope_gui.o(i.Scope_DrawPoint)
    Scope_DrawRect                           0x08002731   Thumb Code    84  scope_gui.o(i.Scope_DrawRect)
    Scope_Fill                               0x08002785   Thumb Code   126  scope_gui.o(i.Scope_Fill)
    Scope_GetWaveFre                         0x08002805   Thumb Code   716  scope.o(i.Scope_GetWaveFre)
    Scope_GetWavePara                        0x08002b31   Thumb Code   394  scope.o(i.Scope_GetWavePara)
    Scope_GetWaveVoltage                     0x08002cc5   Thumb Code    94  scope.o(i.Scope_GetWaveVoltage)
    Scope_Init                               0x08002d2d   Thumb Code    50  scope.o(i.Scope_Init)
    Scope_IsWaveTrigPoint                    0x08002d65   Thumb Code    44  scope.o(i.Scope_IsWaveTrigPoint)
    Scope_Refresh                            0x08002d95   Thumb Code     8  scope_gui.o(i.Scope_Refresh)
    Scope_RefreshWave                        0x08002d9d   Thumb Code   194  scope.o(i.Scope_RefreshWave)
    Scope_SetTimeBase                        0x08002e71   Thumb Code   360  scope.o(i.Scope_SetTimeBase)
    Scope_ShowStr                            0x08003059   Thumb Code    36  scope_gui.o(i.Scope_ShowStr)
    Scope_ShowStrReverse                     0x0800307d   Thumb Code    36  scope_gui.o(i.Scope_ShowStrReverse)
    Scope_Start                              0x080030a1   Thumb Code    26  scope.o(i.Scope_Start)
    Scope_Task                               0x080030bd   Thumb Code   588  scope.o(i.Scope_Task)
    Send_Byte                                0x08003389   Thumb Code    70  oled.o(i.Send_Byte)
    SysTick_CLKSourceConfig                  0x080034bd   Thumb Code    40  misc.o(i.SysTick_CLKSourceConfig)
    SysTick_Handler                          0x080034e5   Thumb Code     2  stm32f10x_it.o(i.SysTick_Handler)
    SystemInit                               0x080034e9   Thumb Code    78  system_stm32f10x.o(i.SystemInit)
    TIM1_PWM_Init                            0x08003549   Thumb Code   158  bsp_timer.o(i.TIM1_PWM_Init)
    TIM2_IRQHandler                          0x080035f1   Thumb Code    46  bsp_timer.o(i.TIM2_IRQHandler)
    TIM2_Init                                0x08003629   Thumb Code    92  bsp_timer.o(i.TIM2_Init)
    TIM_ARRPreloadConfig                     0x08003685   Thumb Code    24  stm32f10x_tim.o(i.TIM_ARRPreloadConfig)
    TIM_ClearITPendingBit                    0x0800369d   Thumb Code     6  stm32f10x_tim.o(i.TIM_ClearITPendingBit)
    TIM_Cmd                                  0x080036a3   Thumb Code    24  stm32f10x_tim.o(i.TIM_Cmd)
    TIM_CtrlPWMOutputs                       0x080036bb   Thumb Code    30  stm32f10x_tim.o(i.TIM_CtrlPWMOutputs)
    TIM_DeInit                               0x080036d9   Thumb Code   424  stm32f10x_tim.o(i.TIM_DeInit)
    TIM_ITConfig                             0x080038c1   Thumb Code    18  stm32f10x_tim.o(i.TIM_ITConfig)
    TIM_OC1Init                              0x080038d5   Thumb Code   132  stm32f10x_tim.o(i.TIM_OC1Init)
    TIM_OC1PreloadConfig                     0x0800396d   Thumb Code    18  stm32f10x_tim.o(i.TIM_OC1PreloadConfig)
    TIM_SelectOutputTrigger                  0x0800397f   Thumb Code    18  stm32f10x_tim.o(i.TIM_SelectOutputTrigger)
    TIM_SetCompare1                          0x08003991   Thumb Code     4  stm32f10x_tim.o(i.TIM_SetCompare1)
    TIM_TimeBaseInit                         0x08003995   Thumb Code   122  stm32f10x_tim.o(i.TIM_TimeBaseInit)
    UART1_Init                               0x08003a39   Thumb Code   172  bsp_usart.o(i.UART1_Init)
    USART1_IRQHandler                        0x08003aed   Thumb Code    26  stm32f10x_it.o(i.USART1_IRQHandler)
    USART2_IRQHandler                        0x08003b11   Thumb Code    26  stm32f10x_it.o(i.USART2_IRQHandler)
    USART_Cmd                                0x08003b35   Thumb Code    24  stm32f10x_usart.o(i.USART_Cmd)
    USART_GetITStatus                        0x08003b4d   Thumb Code    84  stm32f10x_usart.o(i.USART_GetITStatus)
    USART_ITConfig                           0x08003ba1   Thumb Code    74  stm32f10x_usart.o(i.USART_ITConfig)
    USART_Init                               0x08003bed   Thumb Code   210  stm32f10x_usart.o(i.USART_Init)
    USART_ReceiveData                        0x08003cc5   Thumb Code    10  stm32f10x_usart.o(i.USART_ReceiveData)
    UsageFault_Handler                       0x08003ccf   Thumb Code     4  stm32f10x_it.o(i.UsageFault_Handler)
    __ARM_fpclassify                         0x08003cd3   Thumb Code    40  fpclassify.o(i.__ARM_fpclassify)
    _is_digit                                0x08003cfb   Thumb Code    14  __printf_wp.o(i._is_digit)
    _sys_exit                                0x08003d09   Thumb Code     4  bsp_usart.o(i._sys_exit)
    delay_init                               0x08003d0d   Thumb Code    50  bsp_config.o(i.delay_init)
    delay_ms                                 0x08003d51   Thumb Code    54  bsp_config.o(i.delay_ms)
    delay_short_ms                           0x08003d89   Thumb Code    72  bsp_config.o(i.delay_short_ms)
    main                                     0x08003dd5   Thumb Code   274  main.o(i.main)
    _get_lc_numeric                          0x08003ef5   Thumb Code    44  lc_numeric_c.o(locale$$code)
    __aeabi_ddiv                             0x08003f21   Thumb Code     0  ddiv.o(x$fpl$ddiv)
    _ddiv                                    0x08003f21   Thumb Code   552  ddiv.o(x$fpl$ddiv)
    __aeabi_d2uiz                            0x080041d1   Thumb Code     0  dfixu.o(x$fpl$dfixu)
    _dfixu                                   0x080041d1   Thumb Code    90  dfixu.o(x$fpl$dfixu)
    __aeabi_ui2d                             0x0800422b   Thumb Code     0  dflt_clz.o(x$fpl$dfltu)
    _dfltu                                   0x0800422b   Thumb Code    38  dflt_clz.o(x$fpl$dfltu)
    __aeabi_dmul                             0x08004251   Thumb Code     0  dmul.o(x$fpl$dmul)
    _dmul                                    0x08004251   Thumb Code   332  dmul.o(x$fpl$dmul)
    __fpl_dnaninf                            0x080043a5   Thumb Code   156  dnaninf.o(x$fpl$dnaninf)
    __fpl_dretinf                            0x08004441   Thumb Code    12  dretinf.o(x$fpl$dretinf)
    __aeabi_f2d                              0x0800444d   Thumb Code     0  f2d.o(x$fpl$f2d)
    _f2d                                     0x0800444d   Thumb Code    86  f2d.o(x$fpl$f2d)
    __fpl_fcmp_Inf                           0x080044a3   Thumb Code    24  fcmpi.o(x$fpl$fcmpinf)
    __aeabi_fdiv                             0x080044bd   Thumb Code     0  fdiv.o(x$fpl$fdiv)
    _fdiv                                    0x080044bd   Thumb Code   384  fdiv.o(x$fpl$fdiv)
    __aeabi_f2iz                             0x08004641   Thumb Code     0  ffix.o(x$fpl$ffix)
    _ffix                                    0x08004641   Thumb Code    54  ffix.o(x$fpl$ffix)
    __aeabi_f2uiz                            0x08004679   Thumb Code     0  ffixu.o(x$fpl$ffixu)
    _ffixu                                   0x08004679   Thumb Code    62  ffixu.o(x$fpl$ffixu)
    __aeabi_ui2f                             0x080046b9   Thumb Code     0  fflt_clz.o(x$fpl$ffltu)
    _ffltu                                   0x080046b9   Thumb Code    38  fflt_clz.o(x$fpl$ffltu)
    __aeabi_cfcmple                          0x080046e1   Thumb Code     0  fleqf.o(x$fpl$fleqf)
    _fcmple                                  0x080046e1   Thumb Code   104  fleqf.o(x$fpl$fleqf)
    __fpl_fcmple_InfNaN                      0x08004733   Thumb Code     0  fleqf.o(x$fpl$fleqf)
    __aeabi_fmul                             0x08004749   Thumb Code     0  fmul.o(x$fpl$fmul)
    _fmul                                    0x08004749   Thumb Code   258  fmul.o(x$fpl$fmul)
    __fpl_fnaninf                            0x0800484b   Thumb Code   140  fnaninf.o(x$fpl$fnaninf)
    __fpl_fretinf                            0x080048d7   Thumb Code    10  fretinf.o(x$fpl$fretinf)
    __aeabi_cfrcmple                         0x080048e1   Thumb Code     0  frleqf.o(x$fpl$frleqf)
    _frcmple                                 0x080048e1   Thumb Code    98  frleqf.o(x$fpl$frleqf)
    _printf_fp_dec                           0x08004943   Thumb Code     4  printf1.o(x$fpl$printf1)
    __I$use$fp                               0x08004946   Number         0  usenofp.o(x$fpl$usenofp)
    bmp_edge_down                            0x08004946   Data           7  scope_gui.o(.constdata)
    bmp_edge_rising                          0x0800494d   Data           7  scope_gui.o(.constdata)
    bmp_voltage_base                         0x08004954   Data           3  scope_gui.o(.constdata)
    bmp_trig_base                            0x08004957   Data           3  scope_gui.o(.constdata)
    bmp_fill                                 0x0800495a   Data           1  scope_gui.o(.constdata)
    asc2_0806                                0x0800495b   Data         552  oled.o(.constdata)
    asc2_1206                                0x08004b83   Data        1140  oled.o(.constdata)
    asc2_1608                                0x08004ff7   Data        1520  oled.o(.constdata)
    asc2_2412                                0x080055e7   Data        3420  oled.o(.constdata)
    Region$$Table$$Base                      0x080063e8   Number         0  anon$$obj.o(Region$$Table)
    Region$$Table$$Limit                     0x08006408   Number         0  anon$$obj.o(Region$$Table)
    uart1_recive_ch                          0x20000000   Data           1  stm32f10x_it.o(.data)
    uart2_recive_ch                          0x20000001   Data           1  stm32f10x_it.o(.data)
    second_count                             0x2000000e   Data           2  bsp_timer.o(.data)
    ms_count                                 0x20000010   Data           2  bsp_timer.o(.data)
    adc_dma_changed_sta                      0x20000012   Data           1  bsp_adc.o(.data)
    SystemCoreClock                          0x20000028   Data           4  system_stm32f10x.o(.data)
    AHBPrescTable                            0x2000002c   Data          16  system_stm32f10x.o(.data)
    adc_buf                                  0x2000003c   Data        8000  main.o(.bss)
    hscope                                   0x20001f7c   Data          32  scope.o(.bss)
    OLED_GRAM                                0x20001fa8   Data        1152  oled.o(.bss)
    __libspace_start                         0x20002428   Data          96  libspace.o(.bss)
    __temporary_stack_top$libspace           0x20002488   Data           0  libspace.o(.bss)



==============================================================================

Memory Map of the image

  Image Entry point : 0x080000ed

  Load Region LR_IROM1 (Base: 0x08000000, Size: 0x00006460, Max: 0x00010000, ABSOLUTE)

    Execution Region ER_IROM1 (Exec base: 0x08000000, Load base: 0x08000000, Size: 0x00006424, Max: 0x00010000, ABSOLUTE)

    Exec Addr    Load Addr    Size         Type   Attr      Idx    E Section Name        Object

    0x08000000   0x08000000   0x000000ec   Data   RO         2466    RESET               startup_stm32f10x_md.o
    0x080000ec   0x080000ec   0x00000008   Code   RO         2514  * !!!main             c_w.l(__main.o)
    0x080000f4   0x080000f4   0x00000034   Code   RO         2856    !!!scatter          c_w.l(__scatter.o)
    0x08000128   0x08000128   0x0000001a   Code   RO         2858    !!handler_copy      c_w.l(__scatter_copy.o)
    0x08000142   0x08000142   0x00000002   PAD
    0x08000144   0x08000144   0x0000001c   Code   RO         2860    !!handler_zi        c_w.l(__scatter_zi.o)
    0x08000160   0x08000160   0x00000000   Code   RO         2507    .ARM.Collect$$_printf_percent$$00000000  c_w.l(_printf_percent.o)
    0x08000160   0x08000160   0x00000006   Code   RO         2506    .ARM.Collect$$_printf_percent$$00000003  c_w.l(_printf_f.o)
    0x08000166   0x08000166   0x00000006   Code   RO         2505    .ARM.Collect$$_printf_percent$$00000009  c_w.l(_printf_d.o)
    0x0800016c   0x0800016c   0x00000004   Code   RO         2616    .ARM.Collect$$_printf_percent$$00000017  c_w.l(_printf_percent_end.o)
    0x08000170   0x08000170   0x00000002   Code   RO         2728    .ARM.Collect$$libinit$$00000000  c_w.l(libinit.o)
    0x08000172   0x08000172   0x00000000   Code   RO         2730    .ARM.Collect$$libinit$$00000002  c_w.l(libinit2.o)
    0x08000172   0x08000172   0x00000000   Code   RO         2732    .ARM.Collect$$libinit$$00000004  c_w.l(libinit2.o)
    0x08000172   0x08000172   0x00000000   Code   RO         2735    .ARM.Collect$$libinit$$0000000A  c_w.l(libinit2.o)
    0x08000172   0x08000172   0x00000000   Code   RO         2737    .ARM.Collect$$libinit$$0000000C  c_w.l(libinit2.o)
    0x08000172   0x08000172   0x00000000   Code   RO         2739    .ARM.Collect$$libinit$$0000000E  c_w.l(libinit2.o)
    0x08000172   0x08000172   0x00000006   Code   RO         2740    .ARM.Collect$$libinit$$0000000F  c_w.l(libinit2.o)
    0x08000178   0x08000178   0x00000000   Code   RO         2742    .ARM.Collect$$libinit$$00000011  c_w.l(libinit2.o)
    0x08000178   0x08000178   0x00000000   Code   RO         2744    .ARM.Collect$$libinit$$00000013  c_w.l(libinit2.o)
    0x08000178   0x08000178   0x00000000   Code   RO         2746    .ARM.Collect$$libinit$$00000015  c_w.l(libinit2.o)
    0x08000178   0x08000178   0x0000000a   Code   RO         2747    .ARM.Collect$$libinit$$00000016  c_w.l(libinit2.o)
    0x08000182   0x08000182   0x00000000   Code   RO         2748    .ARM.Collect$$libinit$$00000017  c_w.l(libinit2.o)
    0x08000182   0x08000182   0x00000000   Code   RO         2750    .ARM.Collect$$libinit$$00000019  c_w.l(libinit2.o)
    0x08000182   0x08000182   0x00000000   Code   RO         2752    .ARM.Collect$$libinit$$0000001B  c_w.l(libinit2.o)
    0x08000182   0x08000182   0x00000000   Code   RO         2754    .ARM.Collect$$libinit$$0000001D  c_w.l(libinit2.o)
    0x08000182   0x08000182   0x00000000   Code   RO         2756    .ARM.Collect$$libinit$$0000001F  c_w.l(libinit2.o)
    0x08000182   0x08000182   0x00000000   Code   RO         2758    .ARM.Collect$$libinit$$00000021  c_w.l(libinit2.o)
    0x08000182   0x08000182   0x00000000   Code   RO         2760    .ARM.Collect$$libinit$$00000023  c_w.l(libinit2.o)
    0x08000182   0x08000182   0x00000000   Code   RO         2762    .ARM.Collect$$libinit$$00000025  c_w.l(libinit2.o)
    0x08000182   0x08000182   0x00000000   Code   RO         2766    .ARM.Collect$$libinit$$0000002C  c_w.l(libinit2.o)
    0x08000182   0x08000182   0x00000000   Code   RO         2768    .ARM.Collect$$libinit$$0000002E  c_w.l(libinit2.o)
    0x08000182   0x08000182   0x00000000   Code   RO         2770    .ARM.Collect$$libinit$$00000030  c_w.l(libinit2.o)
    0x08000182   0x08000182   0x00000000   Code   RO         2772    .ARM.Collect$$libinit$$00000032  c_w.l(libinit2.o)
    0x08000182   0x08000182   0x00000002   Code   RO         2773    .ARM.Collect$$libinit$$00000033  c_w.l(libinit2.o)
    0x08000184   0x08000184   0x00000002   Code   RO         2804    .ARM.Collect$$libshutdown$$00000000  c_w.l(libshutdown.o)
    0x08000186   0x08000186   0x00000000   Code   RO         2815    .ARM.Collect$$libshutdown$$00000002  c_w.l(libshutdown2.o)
    0x08000186   0x08000186   0x00000000   Code   RO         2817    .ARM.Collect$$libshutdown$$00000004  c_w.l(libshutdown2.o)
    0x08000186   0x08000186   0x00000000   Code   RO         2820    .ARM.Collect$$libshutdown$$00000007  c_w.l(libshutdown2.o)
    0x08000186   0x08000186   0x00000000   Code   RO         2823    .ARM.Collect$$libshutdown$$0000000A  c_w.l(libshutdown2.o)
    0x08000186   0x08000186   0x00000000   Code   RO         2825    .ARM.Collect$$libshutdown$$0000000C  c_w.l(libshutdown2.o)
    0x08000186   0x08000186   0x00000000   Code   RO         2828    .ARM.Collect$$libshutdown$$0000000F  c_w.l(libshutdown2.o)
    0x08000186   0x08000186   0x00000002   Code   RO         2829    .ARM.Collect$$libshutdown$$00000010  c_w.l(libshutdown2.o)
    0x08000188   0x08000188   0x00000000   Code   RO         2558    .ARM.Collect$$rtentry$$00000000  c_w.l(__rtentry.o)
    0x08000188   0x08000188   0x00000000   Code   RO         2644    .ARM.Collect$$rtentry$$00000002  c_w.l(__rtentry2.o)
    0x08000188   0x08000188   0x00000006   Code   RO         2656    .ARM.Collect$$rtentry$$00000004  c_w.l(__rtentry4.o)
    0x0800018e   0x0800018e   0x00000000   Code   RO         2646    .ARM.Collect$$rtentry$$00000009  c_w.l(__rtentry2.o)
    0x0800018e   0x0800018e   0x00000004   Code   RO         2647    .ARM.Collect$$rtentry$$0000000A  c_w.l(__rtentry2.o)
    0x08000192   0x08000192   0x00000000   Code   RO         2649    .ARM.Collect$$rtentry$$0000000C  c_w.l(__rtentry2.o)
    0x08000192   0x08000192   0x00000008   Code   RO         2650    .ARM.Collect$$rtentry$$0000000D  c_w.l(__rtentry2.o)
    0x0800019a   0x0800019a   0x00000002   Code   RO         2774    .ARM.Collect$$rtexit$$00000000  c_w.l(rtexit.o)
    0x0800019c   0x0800019c   0x00000000   Code   RO         2784    .ARM.Collect$$rtexit$$00000002  c_w.l(rtexit2.o)
    0x0800019c   0x0800019c   0x00000004   Code   RO         2785    .ARM.Collect$$rtexit$$00000003  c_w.l(rtexit2.o)
    0x080001a0   0x080001a0   0x00000006   Code   RO         2786    .ARM.Collect$$rtexit$$00000004  c_w.l(rtexit2.o)
    0x080001a6   0x080001a6   0x00000002   PAD
    0x080001a8   0x080001a8   0x00000040   Code   RO         2467    .text               startup_stm32f10x_md.o
    0x080001e8   0x080001e8   0x0000002c   Code   RO         2475    .text               c_w.l(__2sprintf.o)
    0x08000214   0x08000214   0x0000004e   Code   RO         2481    .text               c_w.l(_printf_pad.o)
    0x08000262   0x08000262   0x00000002   PAD
    0x08000264   0x08000264   0x00000078   Code   RO         2483    .text               c_w.l(_printf_dec.o)
    0x080002dc   0x080002dc   0x00000188   Code   RO         2502    .text               c_w.l(__printf_flags_ss_wp.o)
    0x08000464   0x08000464   0x0000003e   Code   RO         2508    .text               c_w.l(strlen.o)
    0x080004a2   0x080004a2   0x0000004e   Code   RO         2510    .text               c_w.l(rt_memclr_w.o)
    0x080004f0   0x080004f0   0x00000006   Code   RO         2512    .text               c_w.l(heapauxi.o)
    0x080004f6   0x080004f6   0x000000b2   Code   RO         2563    .text               c_w.l(_printf_intcommon.o)
    0x080005a8   0x080005a8   0x0000041e   Code   RO         2567    .text               c_w.l(_printf_fp_dec.o)
    0x080009c6   0x080009c6   0x00000002   PAD
    0x080009c8   0x080009c8   0x00000030   Code   RO         2569    .text               c_w.l(_printf_char_common.o)
    0x080009f8   0x080009f8   0x0000000a   Code   RO         2571    .text               c_w.l(_sputc.o)
    0x08000a02   0x08000a02   0x00000002   PAD
    0x08000a04   0x08000a04   0x00000008   Code   RO         2661    .text               c_w.l(rt_locale_intlibspace.o)
    0x08000a0c   0x08000a0c   0x0000008a   Code   RO         2663    .text               c_w.l(lludiv10.o)
    0x08000a96   0x08000a96   0x00000002   PAD
    0x08000a98   0x08000a98   0x00000080   Code   RO         2668    .text               c_w.l(_printf_fp_infnan.o)
    0x08000b18   0x08000b18   0x000000e4   Code   RO         2676    .text               c_w.l(bigflt0.o)
    0x08000bfc   0x08000bfc   0x00000008   Code   RO         2712    .text               c_w.l(libspace.o)
    0x08000c04   0x08000c04   0x0000004a   Code   RO         2715    .text               c_w.l(sys_stackheap_outer.o)
    0x08000c4e   0x08000c4e   0x00000012   Code   RO         2719    .text               c_w.l(exit.o)
    0x08000c60   0x08000c60   0x00000080   Code   RO         2721    .text               c_w.l(strcmpv7m.o)
    0x08000ce0   0x08000ce0   0x0000003e   Code   RO         2679    CL$$btod_d2e        c_w.l(btod.o)
    0x08000d1e   0x08000d1e   0x00000046   Code   RO         2681    CL$$btod_d2e_denorm_low  c_w.l(btod.o)
    0x08000d64   0x08000d64   0x00000060   Code   RO         2680    CL$$btod_d2e_norm_op1  c_w.l(btod.o)
    0x08000dc4   0x08000dc4   0x00000338   Code   RO         2689    CL$$btod_div_common  c_w.l(btod.o)
    0x080010fc   0x080010fc   0x000000dc   Code   RO         2686    CL$$btod_e2e        c_w.l(btod.o)
    0x080011d8   0x080011d8   0x0000002a   Code   RO         2683    CL$$btod_ediv       c_w.l(btod.o)
    0x08001202   0x08001202   0x0000002a   Code   RO         2682    CL$$btod_emul       c_w.l(btod.o)
    0x0800122c   0x0800122c   0x00000244   Code   RO         2688    CL$$btod_mult_common  c_w.l(btod.o)
    0x08001470   0x08001470   0x000000c4   Code   RO          740    i.ADC1_Init         bsp_adc.o
    0x08001534   0x08001534   0x00000016   Code   RO          855    i.ADC_Cmd           stm32f10x_adc.o
    0x0800154a   0x0800154a   0x00000016   Code   RO          856    i.ADC_DMACmd        stm32f10x_adc.o
    0x08001560   0x08001560   0x00000024   Code   RO          741    i.ADC_DMAStartTransmit  bsp_adc.o
    0x08001584   0x08001584   0x00000014   Code   RO          742    i.ADC_DMAStopTransmit  bsp_adc.o
    0x08001598   0x08001598   0x0000009c   Code   RO          743    i.ADC_DMA_Init      bsp_adc.o
    0x08001634   0x08001634   0x0000005c   Code   RO          857    i.ADC_DeInit        stm32f10x_adc.o
    0x08001690   0x08001690   0x00000016   Code   RO          860    i.ADC_ExternalTrigConvCmd  stm32f10x_adc.o
    0x080016a6   0x080016a6   0x00000014   Code   RO          863    i.ADC_GetCalibrationStatus  stm32f10x_adc.o
    0x080016ba   0x080016ba   0x00000014   Code   RO          869    i.ADC_GetResetCalibrationStatus  stm32f10x_adc.o
    0x080016ce   0x080016ce   0x00000002   PAD
    0x080016d0   0x080016d0   0x00000014   Code   RO          744    i.ADC_GetTransmitedSta  bsp_adc.o
    0x080016e4   0x080016e4   0x00000050   Code   RO          873    i.ADC_Init          stm32f10x_adc.o
    0x08001734   0x08001734   0x000000b8   Code   RO          877    i.ADC_RegularChannelConfig  stm32f10x_adc.o
    0x080017ec   0x080017ec   0x0000000a   Code   RO          878    i.ADC_ResetCalibration  stm32f10x_adc.o
    0x080017f6   0x080017f6   0x00000002   PAD
    0x080017f8   0x080017f8   0x0000000c   Code   RO          745    i.ADC_ResetTransmitedSta  bsp_adc.o
    0x08001804   0x08001804   0x00000010   Code   RO          746    i.ADC_SetTimerFre   bsp_adc.o
    0x08001814   0x08001814   0x0000000c   Code   RO          747    i.ADC_SetTransmitedSta  bsp_adc.o
    0x08001820   0x08001820   0x0000000a   Code   RO          882    i.ADC_StartCalibration  stm32f10x_adc.o
    0x0800182a   0x0800182a   0x00000002   PAD
    0x0800182c   0x0800182c   0x0000004c   Code   RO          748    i.ADC_TIM_Init      bsp_adc.o
    0x08001878   0x08001878   0x00000004   Code   RO          146    i.BusFault_Handler  stm32f10x_it.o
    0x0800187c   0x0800187c   0x00000016   Code   RO          147    i.DMA1_Channel1_IRQHandler  stm32f10x_it.o
    0x08001892   0x08001892   0x00000002   PAD
    0x08001894   0x08001894   0x0000001c   Code   RO         2204    i.DMA_ClearITPendingBit  stm32f10x_dma.o
    0x080018b0   0x080018b0   0x00000018   Code   RO         2205    i.DMA_Cmd           stm32f10x_dma.o
    0x080018c8   0x080018c8   0x0000014c   Code   RO         2206    i.DMA_DeInit        stm32f10x_dma.o
    0x08001a14   0x08001a14   0x0000002c   Code   RO         2208    i.DMA_GetFlagStatus  stm32f10x_dma.o
    0x08001a40   0x08001a40   0x00000012   Code   RO         2210    i.DMA_ITConfig      stm32f10x_dma.o
    0x08001a52   0x08001a52   0x0000003c   Code   RO         2211    i.DMA_Init          stm32f10x_dma.o
    0x08001a8e   0x08001a8e   0x00000002   Code   RO          148    i.DebugMon_Handler  stm32f10x_it.o
    0x08001a90   0x08001a90   0x00000116   Code   RO         1167    i.GPIO_Init         stm32f10x_gpio.o
    0x08001ba6   0x08001ba6   0x00000004   Code   RO         1174    i.GPIO_ResetBits    stm32f10x_gpio.o
    0x08001baa   0x08001baa   0x00000004   Code   RO         1175    i.GPIO_SetBits      stm32f10x_gpio.o
    0x08001bae   0x08001bae   0x00000004   Code   RO          149    i.HardFault_Handler  stm32f10x_it.o
    0x08001bb2   0x08001bb2   0x00000002   PAD
    0x08001bb4   0x08001bb4   0x00000034   Code   RO          403    i.I2C_Start         oled.o
    0x08001be8   0x08001be8   0x00000024   Code   RO          404    i.I2C_Stop          oled.o
    0x08001c0c   0x08001c0c   0x0000002c   Code   RO          405    i.I2C_WaitAck       oled.o
    0x08001c38   0x08001c38   0x00000010   Code   RO          406    i.IIC_delay         oled.o
    0x08001c48   0x08001c48   0x0000004c   Code   RO          820    i.Key_Init          bsp_gpio.o
    0x08001c94   0x08001c94   0x000000f0   Code   RO          821    i.Key_Scan          bsp_gpio.o
    0x08001d84   0x08001d84   0x00000004   Code   RO          150    i.MemManage_Handler  stm32f10x_it.o
    0x08001d88   0x08001d88   0x00000002   Code   RO          151    i.NMI_Handler       stm32f10x_it.o
    0x08001d8a   0x08001d8a   0x00000002   PAD
    0x08001d8c   0x08001d8c   0x00000070   Code   RO         1071    i.NVIC_Init         misc.o
    0x08001dfc   0x08001dfc   0x00000014   Code   RO         1072    i.NVIC_PriorityGroupConfig  misc.o
    0x08001e10   0x08001e10   0x00000030   Code   RO          407    i.OLED_Clear        oled.o
    0x08001e40   0x08001e40   0x0000001c   Code   RO          408    i.OLED_ColorTurn    oled.o
    0x08001e5c   0x08001e5c   0x0000002c   Code   RO          411    i.OLED_DisplayTurn  oled.o
    0x08001e88   0x08001e88   0x000000ac   Code   RO          413    i.OLED_DrawLine     oled.o
    0x08001f34   0x08001f34   0x00000078   Code   RO          414    i.OLED_DrawPoint    oled.o
    0x08001fac   0x08001fac   0x00000144   Code   RO          415    i.OLED_Init         oled.o
    0x080020f0   0x080020f0   0x00000068   Code   RO          417    i.OLED_Refresh      oled.o
    0x08002158   0x08002158   0x0000013c   Code   RO          419    i.OLED_ShowChar     oled.o
    0x08002294   0x08002294   0x0000004a   Code   RO          422    i.OLED_ShowString   oled.o
    0x080022de   0x080022de   0x00000038   Code   RO          423    i.OLED_WR_Byte      oled.o
    0x08002316   0x08002316   0x00000002   Code   RO          152    i.PendSV_Handler    stm32f10x_it.o
    0x08002318   0x08002318   0x00000018   Code   RO         1275    i.RCC_ADCCLKConfig  stm32f10x_rcc.o
    0x08002330   0x08002330   0x00000020   Code   RO         1276    i.RCC_AHBPeriphClockCmd  stm32f10x_rcc.o
    0x08002350   0x08002350   0x00000020   Code   RO         1277    i.RCC_APB1PeriphClockCmd  stm32f10x_rcc.o
    0x08002370   0x08002370   0x00000020   Code   RO         1278    i.RCC_APB1PeriphResetCmd  stm32f10x_rcc.o
    0x08002390   0x08002390   0x00000020   Code   RO         1279    i.RCC_APB2PeriphClockCmd  stm32f10x_rcc.o
    0x080023b0   0x080023b0   0x00000020   Code   RO         1280    i.RCC_APB2PeriphResetCmd  stm32f10x_rcc.o
    0x080023d0   0x080023d0   0x000000d4   Code   RO         1287    i.RCC_GetClocksFreq  stm32f10x_rcc.o
    0x080024a4   0x080024a4   0x00000002   Code   RO          153    i.SVC_Handler       stm32f10x_it.o
    0x080024a6   0x080024a6   0x00000002   PAD
    0x080024a8   0x080024a8   0x00000074   Code   RO          236    i.Scope_Auto        scope.o
    0x0800251c   0x0800251c   0x00000014   Code   RO          327    i.Scope_ClearPoint  scope_gui.o
    0x08002530   0x08002530   0x00000024   Code   RO          328    i.Scope_DrawLine    scope_gui.o
    0x08002554   0x08002554   0x00000040   Code   RO          237    i.Scope_DrawNet     scope.o
    0x08002594   0x08002594   0x000000c4   Code   RO          329    i.Scope_DrawPic     scope_gui.o
    0x08002658   0x08002658   0x000000c4   Code   RO          330    i.Scope_DrawPicReverse  scope_gui.o
    0x0800271c   0x0800271c   0x00000014   Code   RO          331    i.Scope_DrawPoint   scope_gui.o
    0x08002730   0x08002730   0x00000054   Code   RO          332    i.Scope_DrawRect    scope_gui.o
    0x08002784   0x08002784   0x0000007e   Code   RO          333    i.Scope_Fill        scope_gui.o
    0x08002802   0x08002802   0x00000002   PAD
    0x08002804   0x08002804   0x0000032c   Code   RO          238    i.Scope_GetWaveFre  scope.o
    0x08002b30   0x08002b30   0x00000194   Code   RO          239    i.Scope_GetWavePara  scope.o
    0x08002cc4   0x08002cc4   0x00000068   Code   RO          240    i.Scope_GetWaveVoltage  scope.o
    0x08002d2c   0x08002d2c   0x00000038   Code   RO          241    i.Scope_Init        scope.o
    0x08002d64   0x08002d64   0x00000030   Code   RO          242    i.Scope_IsWaveTrigPoint  scope.o
    0x08002d94   0x08002d94   0x00000008   Code   RO          334    i.Scope_Refresh     scope_gui.o
    0x08002d9c   0x08002d9c   0x000000d4   Code   RO          243    i.Scope_RefreshWave  scope.o
    0x08002e70   0x08002e70   0x000001e8   Code   RO          244    i.Scope_SetTimeBase  scope.o
    0x08003058   0x08003058   0x00000024   Code   RO          335    i.Scope_ShowStr     scope_gui.o
    0x0800307c   0x0800307c   0x00000024   Code   RO          336    i.Scope_ShowStrReverse  scope_gui.o
    0x080030a0   0x080030a0   0x0000001a   Code   RO          245    i.Scope_Start       scope.o
    0x080030ba   0x080030ba   0x00000002   PAD
    0x080030bc   0x080030bc   0x000002cc   Code   RO          247    i.Scope_Task        scope.o
    0x08003388   0x08003388   0x0000004c   Code   RO          424    i.Send_Byte         oled.o
    0x080033d4   0x080033d4   0x00000008   Code   RO         2430    i.SetSysClock       system_stm32f10x.o
    0x080033dc   0x080033dc   0x000000e0   Code   RO         2431    i.SetSysClockTo56   system_stm32f10x.o
    0x080034bc   0x080034bc   0x00000028   Code   RO         1075    i.SysTick_CLKSourceConfig  misc.o
    0x080034e4   0x080034e4   0x00000002   Code   RO          154    i.SysTick_Handler   stm32f10x_it.o
    0x080034e6   0x080034e6   0x00000002   PAD
    0x080034e8   0x080034e8   0x00000060   Code   RO         2433    i.SystemInit        system_stm32f10x.o
    0x08003548   0x08003548   0x000000a8   Code   RO          643    i.TIM1_PWM_Init     bsp_timer.o
    0x080035f0   0x080035f0   0x00000038   Code   RO          644    i.TIM2_IRQHandler   bsp_timer.o
    0x08003628   0x08003628   0x0000005c   Code   RO          645    i.TIM2_Init         bsp_timer.o
    0x08003684   0x08003684   0x00000018   Code   RO         1479    i.TIM_ARRPreloadConfig  stm32f10x_tim.o
    0x0800369c   0x0800369c   0x00000006   Code   RO         1486    i.TIM_ClearITPendingBit  stm32f10x_tim.o
    0x080036a2   0x080036a2   0x00000018   Code   RO         1491    i.TIM_Cmd           stm32f10x_tim.o
    0x080036ba   0x080036ba   0x0000001e   Code   RO         1493    i.TIM_CtrlPWMOutputs  stm32f10x_tim.o
    0x080036d8   0x080036d8   0x000001e8   Code   RO         1496    i.TIM_DeInit        stm32f10x_tim.o
    0x080038c0   0x080038c0   0x00000012   Code   RO         1516    i.TIM_ITConfig      stm32f10x_tim.o
    0x080038d2   0x080038d2   0x00000002   PAD
    0x080038d4   0x080038d4   0x00000098   Code   RO         1520    i.TIM_OC1Init       stm32f10x_tim.o
    0x0800396c   0x0800396c   0x00000012   Code   RO         1523    i.TIM_OC1PreloadConfig  stm32f10x_tim.o
    0x0800397e   0x0800397e   0x00000012   Code   RO         1548    i.TIM_SelectOutputTrigger  stm32f10x_tim.o
    0x08003990   0x08003990   0x00000004   Code   RO         1552    i.TIM_SetCompare1   stm32f10x_tim.o
    0x08003994   0x08003994   0x000000a4   Code   RO         1562    i.TIM_TimeBaseInit  stm32f10x_tim.o
    0x08003a38   0x08003a38   0x000000b4   Code   RO          584    i.UART1_Init        bsp_usart.o
    0x08003aec   0x08003aec   0x00000024   Code   RO          155    i.USART1_IRQHandler  stm32f10x_it.o
    0x08003b10   0x08003b10   0x00000024   Code   RO          156    i.USART2_IRQHandler  stm32f10x_it.o
    0x08003b34   0x08003b34   0x00000018   Code   RO         2027    i.USART_Cmd         stm32f10x_usart.o
    0x08003b4c   0x08003b4c   0x00000054   Code   RO         2031    i.USART_GetITStatus  stm32f10x_usart.o
    0x08003ba0   0x08003ba0   0x0000004a   Code   RO         2033    i.USART_ITConfig    stm32f10x_usart.o
    0x08003bea   0x08003bea   0x00000002   PAD
    0x08003bec   0x08003bec   0x000000d8   Code   RO         2034    i.USART_Init        stm32f10x_usart.o
    0x08003cc4   0x08003cc4   0x0000000a   Code   RO         2041    i.USART_ReceiveData  stm32f10x_usart.o
    0x08003cce   0x08003cce   0x00000004   Code   RO          157    i.UsageFault_Handler  stm32f10x_it.o
    0x08003cd2   0x08003cd2   0x00000028   Code   RO         2710    i.__ARM_fpclassify  m_ws.l(fpclassify.o)
    0x08003cfa   0x08003cfa   0x0000000e   Code   RO         2495    i._is_digit         c_w.l(__printf_wp.o)
    0x08003d08   0x08003d08   0x00000004   Code   RO          586    i._sys_exit         bsp_usart.o
    0x08003d0c   0x08003d0c   0x00000044   Code   RO          552    i.delay_init        bsp_config.o
    0x08003d50   0x08003d50   0x00000036   Code   RO          553    i.delay_ms          bsp_config.o
    0x08003d86   0x08003d86   0x00000002   PAD
    0x08003d88   0x08003d88   0x0000004c   Code   RO          554    i.delay_short_ms    bsp_config.o
    0x08003dd4   0x08003dd4   0x00000120   Code   RO            1    i.main              main.o
    0x08003ef4   0x08003ef4   0x0000002c   Code   RO         2704    locale$$code        c_w.l(lc_numeric_c.o)
    0x08003f20   0x08003f20   0x000002b0   Code   RO         2517    x$fpl$ddiv          fz_ws.l(ddiv.o)
    0x080041d0   0x080041d0   0x0000005a   Code   RO         2520    x$fpl$dfixu         fz_ws.l(dfixu.o)
    0x0800422a   0x0800422a   0x00000026   Code   RO         2524    x$fpl$dfltu         fz_ws.l(dflt_clz.o)
    0x08004250   0x08004250   0x00000154   Code   RO         2530    x$fpl$dmul          fz_ws.l(dmul.o)
    0x080043a4   0x080043a4   0x0000009c   Code   RO         2626    x$fpl$dnaninf       fz_ws.l(dnaninf.o)
    0x08004440   0x08004440   0x0000000c   Code   RO         2628    x$fpl$dretinf       fz_ws.l(dretinf.o)
    0x0800444c   0x0800444c   0x00000056   Code   RO         2532    x$fpl$f2d           fz_ws.l(f2d.o)
    0x080044a2   0x080044a2   0x00000018   Code   RO         2706    x$fpl$fcmpinf       fz_ws.l(fcmpi.o)
    0x080044ba   0x080044ba   0x00000002   PAD
    0x080044bc   0x080044bc   0x00000184   Code   RO         2535    x$fpl$fdiv          fz_ws.l(fdiv.o)
    0x08004640   0x08004640   0x00000036   Code   RO         2538    x$fpl$ffix          fz_ws.l(ffix.o)
    0x08004676   0x08004676   0x00000002   PAD
    0x08004678   0x08004678   0x0000003e   Code   RO         2542    x$fpl$ffixu         fz_ws.l(ffixu.o)
    0x080046b6   0x080046b6   0x00000002   PAD
    0x080046b8   0x080046b8   0x00000026   Code   RO         2546    x$fpl$ffltu         fz_ws.l(fflt_clz.o)
    0x080046de   0x080046de   0x00000002   PAD
    0x080046e0   0x080046e0   0x00000068   Code   RO         2630    x$fpl$fleqf         fz_ws.l(fleqf.o)
    0x08004748   0x08004748   0x00000102   Code   RO         2552    x$fpl$fmul          fz_ws.l(fmul.o)
    0x0800484a   0x0800484a   0x0000008c   Code   RO         2632    x$fpl$fnaninf       fz_ws.l(fnaninf.o)
    0x080048d6   0x080048d6   0x0000000a   Code   RO         2634    x$fpl$fretinf       fz_ws.l(fretinf.o)
    0x080048e0   0x080048e0   0x00000062   Code   RO         2554    x$fpl$frleqf        fz_ws.l(frleqf.o)
    0x08004942   0x08004942   0x00000004   Code   RO         2556    x$fpl$printf1       fz_ws.l(printf1.o)
    0x08004946   0x08004946   0x00000000   Code   RO         2642    x$fpl$usenofp       fz_ws.l(usenofp.o)
    0x08004946   0x08004946   0x00000015   Data   RO          337    .constdata          scope_gui.o
    0x0800495b   0x0800495b   0x000019e8   Data   RO          426    .constdata          oled.o
    0x08006343   0x08006343   0x00000011   Data   RO         2503    .constdata          c_w.l(__printf_flags_ss_wp.o)
    0x08006354   0x08006354   0x00000094   Data   RO         2677    .constdata          c_w.l(bigflt0.o)
    0x080063e8   0x080063e8   0x00000020   Data   RO         2854    Region$$Table       anon$$obj.o
    0x08006408   0x08006408   0x0000001c   Data   RO         2703    locale$$data        c_w.l(lc_numeric_c.o)


    Execution Region RW_IRAM1 (Exec base: 0x20000000, Load base: 0x08006424, Size: 0x00002a88, Max: 0x00005000, ABSOLUTE)

    Exec Addr    Load Addr    Size         Type   Attr      Idx    E Section Name        Object

    0x20000000   0x08006424   0x00000002   Data   RW          158    .data               stm32f10x_it.o
    0x20000002   0x08006426   0x00000008   Data   RW          249    .data               scope.o
    0x2000000a   0x0800642e   0x00000004   Data   RW          556    .data               bsp_config.o
    0x2000000e   0x08006432   0x00000004   Data   RW          648    .data               bsp_timer.o
    0x20000012   0x08006436   0x00000001   Data   RW          751    .data               bsp_adc.o
    0x20000013   0x08006437   0x00000001   Data   RW          823    .data               bsp_gpio.o
    0x20000014   0x08006438   0x00000014   Data   RW         1307    .data               stm32f10x_rcc.o
    0x20000028   0x0800644c   0x00000014   Data   RW         2434    .data               system_stm32f10x.o
    0x2000003c        -       0x00001f40   Zero   RW            2    .bss                main.o
    0x20001f7c        -       0x0000002c   Zero   RW          248    .bss                scope.o
    0x20001fa8        -       0x00000480   Zero   RW          425    .bss                oled.o
    0x20002428        -       0x00000060   Zero   RW         2713    .bss                c_w.l(libspace.o)
    0x20002488        -       0x00000200   Zero   RW         2465    HEAP                startup_stm32f10x_md.o
    0x20002688        -       0x00000400   Zero   RW         2464    STACK               startup_stm32f10x_md.o


==============================================================================

Image component sizes


      Code (inc. data)   RO Data    RW Data    ZI Data      Debug   Object Name

       544         60          0          1          0       4566   bsp_adc.o
       198         22          0          4          0       1757   bsp_config.o
       316         24          0          1          0       1202   bsp_gpio.o
       316         20          0          4          0       2058   bsp_timer.o
       184          8          0          0          0       1121   bsp_usart.o
         0          0          0          0          0         32   core_cm3.o
       288         14          0          0       8000     273462   main.o
       172         22          0          0          0       2109   misc.o
      1510         60       6632          0       1152      10039   oled.o
      3046        450          0          8         44       7868   scope.o
       758          0         21          0          0       8030   scope_gui.o
        64         26        236          0       1536        824   startup_stm32f10x_md.o
       482         24          0          0          0       7897   stm32f10x_adc.o
       506         26          0          0          0       5153   stm32f10x_dma.o
       286          0          0          0          0       3092   stm32f10x_gpio.o
       120         20          0          2          0       5331   stm32f10x_it.o
       396         56          0         20          0       6663   stm32f10x_rcc.o
       946        126          0          0          0       7118   stm32f10x_tim.o
       408          6          0          0          0       5026   stm32f10x_usart.o
       328         28          0         20          0       2317   system_stm32f10x.o

    ----------------------------------------------------------------------
     10894        992       6921         60      10732     355665   Object Totals
         0          0         32          0          0          0   (incl. Generated)
        26          0          0          0          0          0   (incl. Padding)

    ----------------------------------------------------------------------

      Code (inc. data)   RO Data    RW Data    ZI Data      Debug   Library Member Name

        44          6          0          0          0         84   __2sprintf.o
         8          0          0          0          0         68   __main.o
       392          4         17          0          0         92   __printf_flags_ss_wp.o
        14          0          0          0          0         68   __printf_wp.o
         0          0          0          0          0          0   __rtentry.o
        12          0          0          0          0          0   __rtentry2.o
         6          0          0          0          0          0   __rtentry4.o
        52          8          0          0          0          0   __scatter.o
        26          0          0          0          0          0   __scatter_copy.o
        28          0          0          0          0          0   __scatter_zi.o
        48          6          0          0          0         96   _printf_char_common.o
         6          0          0          0          0          0   _printf_d.o
       120         16          0          0          0         92   _printf_dec.o
         6          0          0          0          0          0   _printf_f.o
      1054          0          0          0          0        216   _printf_fp_dec.o
       128         16          0          0          0         84   _printf_fp_infnan.o
       178          0          0          0          0         88   _printf_intcommon.o
        78          0          0          0          0        108   _printf_pad.o
         0          0          0          0          0          0   _printf_percent.o
         4          0          0          0          0          0   _printf_percent_end.o
        10          0          0          0          0         68   _sputc.o
       228          4        148          0          0         96   bigflt0.o
      1936        128          0          0          0        672   btod.o
        18          0          0          0          0         80   exit.o
         6          0          0          0          0        152   heapauxi.o
        44         10         28          0          0         76   lc_numeric_c.o
         2          0          0          0          0          0   libinit.o
        18          0          0          0          0          0   libinit2.o
         2          0          0          0          0          0   libshutdown.o
         2          0          0          0          0          0   libshutdown2.o
         8          4          0          0         96         68   libspace.o
       138          0          0          0          0         80   lludiv10.o
         8          4          0          0          0         68   rt_locale_intlibspace.o
        78          0          0          0          0         80   rt_memclr_w.o
         2          0          0          0          0          0   rtexit.o
        10          0          0          0          0          0   rtexit2.o
       128          0          0          0          0         68   strcmpv7m.o
        62          0          0          0          0         76   strlen.o
        74          0          0          0          0         80   sys_stackheap_outer.o
       688        140          0          0          0        208   ddiv.o
        90          4          0          0          0         92   dfixu.o
        38          0          0          0          0         68   dflt_clz.o
       340         12          0          0          0        104   dmul.o
       156          4          0          0          0         92   dnaninf.o
        12          0          0          0          0         68   dretinf.o
        86          4          0          0          0         84   f2d.o
        24          0          0          0          0         68   fcmpi.o
       388         76          0          0          0         96   fdiv.o
        54          4          0          0          0         84   ffix.o
        62          4          0          0          0         84   ffixu.o
        38          0          0          0          0         68   fflt_clz.o
       104          4          0          0          0         84   fleqf.o
       258          4          0          0          0         84   fmul.o
       140          4          0          0          0         84   fnaninf.o
        10          0          0          0          0         68   fretinf.o
        98          0          0          0          0         68   frleqf.o
         4          0          0          0          0         68   printf1.o
         0          0          0          0          0          0   usenofp.o
        40          0          0          0          0         68   fpclassify.o

    ----------------------------------------------------------------------
      7628        466        193          0         96       4300   Library Totals
        20          0          0          0          0          0   (incl. Padding)

    ----------------------------------------------------------------------

      Code (inc. data)   RO Data    RW Data    ZI Data      Debug   Library Name

      4978        206        193          0         96       2660   c_w.l
      2590        260          0          0          0       1572   fz_ws.l
        40          0          0          0          0         68   m_ws.l

    ----------------------------------------------------------------------
      7628        466        193          0         96       4300   Library Totals

    ----------------------------------------------------------------------

==============================================================================


      Code (inc. data)   RO Data    RW Data    ZI Data      Debug   

     18522       1458       7114         60      10828     351797   Grand Totals
     18522       1458       7114         60      10828     351797   ELF Image Totals
     18522       1458       7114         60          0          0   ROM Totals

==============================================================================

    Total RO  Size (Code + RO Data)                25636 (  25.04kB)
    Total RW  Size (RW Data + ZI Data)             10888 (  10.63kB)
    Total ROM Size (Code + RO Data + RW Data)      25696 (  25.09kB)

==============================================================================

