Component: ARM Compiler 5.06 update 6 (build 750) Tool: armlink [4d35ed]

==============================================================================

Section Cross References

    main.o(i.main) refers to misc.o(i.NVIC_PriorityGroupConfig) for NVIC_PriorityGroupConfig
    main.o(i.main) refers to bsp_config.o(i.delay_init) for delay_init
    main.o(i.main) refers to bsp_usart.o(i.UART1_Init) for UART1_Init
    main.o(i.main) refers to bsp_timer.o(i.TIM2_Init) for TIM2_Init
    main.o(i.main) refers to bsp_timer.o(i.TIM1_PWM_Init) for TIM1_PWM_Init
    main.o(i.main) refers to stm32f10x_tim.o(i.TIM_SetCompare1) for TIM_SetCompare1
    main.o(i.main) refers to bsp_adc.o(i.ADC1_Init) for ADC1_Init
    main.o(i.main) refers to oled.o(i.OLED_Init) for OLED_Init
    main.o(i.main) refers to oled.o(i.OLED_ColorTurn) for OLED_ColorTurn
    main.o(i.main) refers to oled.o(i.OLED_DisplayTurn) for OLED_DisplayTurn
    main.o(i.main) refers to bsp_gpio.o(i.Key_Init) for Key_Init
    main.o(i.main) refers to scope.o(i.Scope_Start) for Scope_Start
    main.o(i.main) refers to scope.o(i.Scope_SetTimeBase) for Scope_SetTimeBase
    main.o(i.main) refers to oled.o(i.OLED_Refresh) for OLED_Refresh
    main.o(i.main) refers to bsp_gpio.o(i.Key_Scan) for Key_Scan
    main.o(i.main) refers to scope.o(i.Scope_WaveRefresh) for Scope_WaveRefresh
    main.o(i.main) refers to scope.o(i.Scope_ParaRefresh) for Scope_ParaRefresh
    main.o(i.main) refers to bsp_config.o(i.delay_ms) for delay_ms
    main.o(i.main) refers to scope.o(.data) for hscope
    main.o(i.main) refers to main.o(.bss) for adc_buf
    stm32f10x_it.o(i.DMA1_Channel1_IRQHandler) refers to stm32f10x_dma.o(i.DMA_GetFlagStatus) for DMA_GetFlagStatus
    stm32f10x_it.o(i.DMA1_Channel1_IRQHandler) refers to __2printf.o(.text) for __2printf
    stm32f10x_it.o(i.DMA1_Channel1_IRQHandler) refers to stm32f10x_dma.o(i.DMA_ClearITPendingBit) for DMA_ClearITPendingBit
    stm32f10x_it.o(i.DMA1_Channel1_IRQHandler) refers to stm32f10x_it.o(.data) for i
    stm32f10x_it.o(i.USART1_IRQHandler) refers to stm32f10x_usart.o(i.USART_GetITStatus) for USART_GetITStatus
    stm32f10x_it.o(i.USART1_IRQHandler) refers to stm32f10x_usart.o(i.USART_ReceiveData) for USART_ReceiveData
    stm32f10x_it.o(i.USART1_IRQHandler) refers to stm32f10x_it.o(.data) for uart1_recive_ch
    stm32f10x_it.o(i.USART2_IRQHandler) refers to stm32f10x_usart.o(i.USART_GetITStatus) for USART_GetITStatus
    stm32f10x_it.o(i.USART2_IRQHandler) refers to stm32f10x_usart.o(i.USART_ReceiveData) for USART_ReceiveData
    stm32f10x_it.o(i.USART2_IRQHandler) refers to stm32f10x_it.o(.data) for uart2_recive_ch
    scope.o(i.Scope_DrawNet) refers to scope_gui.o(i.Scope_DrawPoint) for Scope_DrawPoint
    scope.o(i.Scope_DrawNet) refers to scope.o(.data) for lines_y_per_gap
    scope.o(i.Scope_Init) refers to scope.o(.data) for hscope
    scope.o(i.Scope_ParaRefresh) refers to scope_gui.o(i.Scope_ShowStrReverse) for Scope_ShowStrReverse
    scope.o(i.Scope_ParaRefresh) refers to scope.o(.data) for hscope
    scope.o(i.Scope_SetTimeBase) refers to bsp_adc.o(i.ADC_SetTimerFre) for ADC_SetTimerFre
    scope.o(i.Scope_SetTimeBase) refers to scope.o(.data) for hscope
    scope.o(i.Scope_Start) refers to scope_gui.o(i.Scope_DrawRect) for Scope_DrawRect
    scope.o(i.Scope_Start) refers to scope.o(i.Scope_DrawNet) for Scope_DrawNet
    scope.o(i.Scope_Start) refers to scope_gui.o(i.Scope_Fill) for Scope_Fill
    scope.o(i.Scope_Start) refers to scope_gui.o(i.Scope_ShowStrReverse) for Scope_ShowStrReverse
    scope.o(i.Scope_WaveRefresh) refers to scope_gui.o(i.Scope_Fill) for Scope_Fill
    scope.o(i.Scope_WaveRefresh) refers to dflt_clz.o(x$fpl$dfltu) for __aeabi_ui2d
    scope.o(i.Scope_WaveRefresh) refers to ddiv.o(x$fpl$ddiv) for __aeabi_ddiv
    scope.o(i.Scope_WaveRefresh) refers to dmul.o(x$fpl$dmul) for __aeabi_dmul
    scope.o(i.Scope_WaveRefresh) refers to dfixu.o(x$fpl$dfixu) for __aeabi_d2uiz
    scope.o(i.Scope_WaveRefresh) refers to scope_gui.o(i.Scope_DrawPoint) for Scope_DrawPoint
    scope.o(i.Scope_WaveRefresh) refers to scope.o(i.Scope_DrawNet) for Scope_DrawNet
    scope.o(i.Scope_WaveRefresh) refers to scope_gui.o(i.Scope_Refresh) for Scope_Refresh
    scope_gui.o(i.Scope_ClearPoint) refers to oled.o(i.OLED_DrawPoint) for OLED_DrawPoint
    scope_gui.o(i.Scope_DrawLine) refers to oled.o(i.OLED_DrawLine) for OLED_DrawLine
    scope_gui.o(i.Scope_DrawPoint) refers to oled.o(i.OLED_DrawPoint) for OLED_DrawPoint
    scope_gui.o(i.Scope_DrawRect) refers to oled.o(i.OLED_DrawLine) for OLED_DrawLine
    scope_gui.o(i.Scope_Fill) refers to scope_gui.o(i.Scope_DrawPoint) for Scope_DrawPoint
    scope_gui.o(i.Scope_Fill) refers to scope_gui.o(i.Scope_ClearPoint) for Scope_ClearPoint
    scope_gui.o(i.Scope_Refresh) refers to oled.o(i.OLED_Refresh) for OLED_Refresh
    scope_gui.o(i.Scope_ShowStr) refers to oled.o(i.OLED_ShowString) for OLED_ShowString
[...]
    ../clib/angel/handlers.s                 0x00000000   Number         0  __scatter_copy.o ABSOLUTE
    ../clib/angel/handlers.s                 0x00000000   Number         0  __scatter_zi.o ABSOLUTE
    ../clib/angel/kernel.s                   0x00000000   Number         0  __rtentry2.o ABSOLUTE
    ../clib/angel/kernel.s                   0x00000000   Number         0  rtexit.o ABSOLUTE
    ../clib/angel/kernel.s                   0x00000000   Number         0  __rtentry.o ABSOLUTE
    ../clib/angel/kernel.s                   0x00000000   Number         0  rtexit2.o ABSOLUTE
    ../clib/angel/kernel.s                   0x00000000   Number         0  __rtentry4.o ABSOLUTE
    ../clib/angel/rt.s                       0x00000000   Number         0  rt_locale.o ABSOLUTE
    ../clib/angel/rt.s                       0x00000000   Number         0  rt_ctype_table.o ABSOLUTE
    ../clib/angel/rt.s                       0x00000000   Number         0  rt_locale_intlibspace.o ABSOLUTE
    ../clib/angel/rt.s                       0x00000000   Number         0  rt_raise.o ABSOLUTE
    ../clib/angel/scatter.s                  0x00000000   Number         0  __scatter.o ABSOLUTE
    ../clib/angel/startup.s                  0x00000000   Number         0  __main.o ABSOLUTE
    ../clib/angel/sys.s                      0x00000000   Number         0  sys_stackheap_outer.o ABSOLUTE
    ../clib/angel/sys.s                      0x00000000   Number         0  indicate_semi.o ABSOLUTE
    ../clib/angel/sys.s                      0x00000000   Number         0  libspace.o ABSOLUTE
    ../clib/angel/sys.s                      0x00000000   Number         0  use_no_semi.o ABSOLUTE
    ../clib/angel/sysapp.c                   0x00000000   Number         0  sys_wrch.o ABSOLUTE
    ../clib/angel/sysapp.c                   0x00000000   Number         0  sys_command.o ABSOLUTE
    ../clib/armsys.c                         0x00000000   Number         0  no_argv.o ABSOLUTE
    ../clib/armsys.c                         0x00000000   Number         0  argv_veneer.o ABSOLUTE
    ../clib/armsys.c                         0x00000000   Number         0  _get_argv_nomalloc.o ABSOLUTE
    ../clib/armsys.c                         0x00000000   Number         0  argv_veneer.o ABSOLUTE
    ../clib/bigflt.c                         0x00000000   Number         0  bigflt0.o ABSOLUTE
    ../clib/btod.s                           0x00000000   Number         0  btod.o ABSOLUTE
    ../clib/heapalloc.c                      0x00000000   Number         0  hrguard.o ABSOLUTE
    ../clib/heapaux.c                        0x00000000   Number         0  heapauxi.o ABSOLUTE
    ../clib/libinit.s                        0x00000000   Number         0  libinit.o ABSOLUTE
    ../clib/libinit.s                        0x00000000   Number         0  libshutdown2.o ABSOLUTE
    ../clib/libinit.s                        0x00000000   Number         0  libinit2.o ABSOLUTE
    ../clib/libinit.s                        0x00000000   Number         0  libshutdown.o ABSOLUTE
    ../clib/locale.c                         0x00000000   Number         0  _wcrtomb.o ABSOLUTE
    ../clib/locale.s                         0x00000000   Number         0  lc_ctype_c.o ABSOLUTE
    ../clib/locale.s                         0x00000000   Number         0  lc_numeric_c.o ABSOLUTE
    ../clib/longlong.s                       0x00000000   Number         0  lludiv10.o ABSOLUTE
    ../clib/memcpset.s                       0x00000000   Number         0  rt_memclr_w.o ABSOLUTE
    ../clib/memcpset.s                       0x00000000   Number         0  strcmpv7m.o ABSOLUTE
    ../clib/misc.s                           0x00000000   Number         0  printf_stubs.o ABSOLUTE
    ../clib/printf.c                         0x00000000   Number         0  noretval__2printf.o ABSOLUTE
    ../clib/printf.c                         0x00000000   Number         0  _printf_longlong_dec.o ABSOLUTE
    ../clib/printf.c                         0x00000000   Number         0  _printf_fp_infnan.o ABSOLUTE
    ../clib/printf.c                         0x00000000   Number         0  _printf_char_file.o ABSOLUTE
    ../clib/printf.c                         0x00000000   Number         0  _sputc.o ABSOLUTE
    ../clib/printf.c                         0x00000000   Number         0  _printf_wctomb.o ABSOLUTE
    ../clib/printf.c                         0x00000000   Number         0  _printf_char_common.o ABSOLUTE
    ../clib/printf.c                         0x00000000   Number         0  _printf_wchar.o ABSOLUTE
    ../clib/printf.c                         0x00000000   Number         0  _printf_charcount.o ABSOLUTE
    ../clib/printf.c                         0x00000000   Number         0  _printf_char.o ABSOLUTE
    ../clib/printf.c                         0x00000000   Number         0  _printf_dec.o ABSOLUTE
    ../clib/printf.c                         0x00000000   Number         0  _printf_str.o ABSOLUTE
    ../clib/printf.c                         0x00000000   Number         0  __printf.o ABSOLUTE
    ../clib/printf.c                         0x00000000   Number         0  _printf_pad.o ABSOLUTE
    ../clib/printf.c                         0x00000000   Number         0  __printf_nopercent.o ABSOLUTE
    ../clib/printf.c                         0x00000000   Number         0  _printf_fp_hex.o ABSOLUTE
    ../clib/printf.c                         0x00000000   Number         0  _printf_fp_dec.o ABSOLUTE
    ../clib/printf.c                         0x00000000   Number         0  _printf_intcommon.o ABSOLUTE
    ../clib/printf.c                         0x00000000   Number         0  _printf_hex_int_ll_ptr.o ABSOLUTE
    ../clib/printf.c                         0x00000000   Number         0  __printf_flags_ss_wp.o ABSOLUTE
    ../clib/printf.c                         0x00000000   Number         0  __printf_ss_wp.o ABSOLUTE
    ../clib/printf.c                         0x00000000   Number         0  __printf_flags_wp.o ABSOLUTE
    ../clib/printf.c                         0x00000000   Number         0  _printf_truncate.o ABSOLUTE
    ../clib/printf.c                         0x00000000   Number         0  __printf_wp.o ABSOLUTE
    ../clib/printf.c                         0x00000000   Number         0  __printf_flags_ss.o ABSOLUTE
    ../clib/printf.c                         0x00000000   Number         0  __printf_ss.o ABSOLUTE
    ../clib/printf.c                         0x00000000   Number         0  __printf_flags.o ABSOLUTE
    ../clib/printf.c                         0x00000000   Number         0  _printf_hex_ll_ptr.o ABSOLUTE
    ../clib/printf.c                         0x00000000   Number         0  _printf_hex_int_ptr.o ABSOLUTE
    ../clib/printf.c                         0x00000000   Number         0  _printf_hex_ptr.o ABSOLUTE
    ../clib/printf.c                         0x00000000   Number         0  _printf_hex_int_ll.o ABSOLUTE
    ../clib/printf.c                         0x00000000   Number         0  _printf_hex_int.o ABSOLUTE
    ../clib/printf.c                         0x00000000   Number         0  _printf_hex_ll.o ABSOLUTE
    ../clib/printf.c                         0x00000000   Number         0  _printf_oct_int_ll.o ABSOLUTE
    ../clib/printf.c                         0x00000000   Number         0  _printf_oct_int.o ABSOLUTE
    ../clib/printf.c                         0x00000000   Number         0  vsprintf.o ABSOLUTE
    ../clib/printf.c                         0x00000000   Number         0  __2printf.o ABSOLUTE
    ../clib/printf.c                         0x00000000   Number         0  _printf_oct_ll.o ABSOLUTE
    ../clib/printf_percent.s                 0x00000000   Number         0  _printf_s.o ABSOLUTE
    ../clib/printf_percent.s                 0x00000000   Number         0  _printf_e.o ABSOLUTE
    ../clib/printf_percent.s                 0x00000000   Number         0  _printf_f.o ABSOLUTE
    ../clib/printf_percent.s                 0x00000000   Number         0  _printf_a.o ABSOLUTE
    ../clib/printf_percent.s                 0x00000000   Number         0  _printf_n.o ABSOLUTE
    ../clib/printf_percent.s                 0x00000000   Number         0  _printf_x.o ABSOLUTE
    ../clib/printf_percent.s                 0x00000000   Number         0  _printf_p.o ABSOLUTE
    ../clib/printf_percent.s                 0x00000000   Number         0  _printf_ls.o ABSOLUTE
    ../clib/printf_percent.s                 0x00000000   Number         0  _printf_llo.o ABSOLUTE
    ../clib/printf_percent.s                 0x00000000   Number         0  _printf_o.o ABSOLUTE
    ../clib/printf_percent.s                 0x00000000   Number         0  _printf_u.o ABSOLUTE
    ../clib/printf_percent.s                 0x00000000   Number         0  _printf_d.o ABSOLUTE
    ../clib/printf_percent.s                 0x00000000   Number         0  _printf_lc.o ABSOLUTE
    ../clib/printf_percent.s                 0x00000000   Number         0  _printf_llx.o ABSOLUTE
    ../clib/printf_percent.s                 0x00000000   Number         0  _printf_l.o ABSOLUTE
    ../clib/printf_percent.s                 0x00000000   Number         0  _printf_ll.o ABSOLUTE
    ../clib/printf_percent.s                 0x00000000   Number         0  _printf_llu.o ABSOLUTE
    ../clib/printf_percent.s                 0x00000000   Number         0  _printf_lld.o ABSOLUTE
    ../clib/printf_percent.s                 0x00000000   Number         0  _printf_i.o ABSOLUTE
    ../clib/printf_percent.s                 0x00000000   Number         0  _printf_percent_end.o ABSOLUTE
    ../clib/printf_percent.s                 0x00000000   Number         0  _printf_c.o ABSOLUTE
    ../clib/printf_percent.s                 0x00000000   Number         0  _printf_lli.o ABSOLUTE
    ../clib/printf_percent.s                 0x00000000   Number         0  _printf_percent.o ABSOLUTE
    ../clib/printf_percent.s                 0x00000000   Number         0  _printf_g.o ABSOLUTE
    ../clib/signal.c                         0x00000000   Number         0  defsig_segv_inner.o ABSOLUTE
    ../clib/signal.c                         0x00000000   Number         0  __raise.o ABSOLUTE
    ../clib/signal.c                         0x00000000   Number         0  defsig_rtmem_inner.o ABSOLUTE
    ../clib/signal.c                         0x00000000   Number         0  defsig_exit.o ABSOLUTE
    ../clib/signal.c                         0x00000000   Number         0  defsig_rtmem_formal.o ABSOLUTE
    ../clib/signal.c                         0x00000000   Number         0  defsig_rtmem_outer.o ABSOLUTE
    ../clib/signal.c                         0x00000000   Number         0  defsig_general.o ABSOLUTE
    ../clib/signal.c                         0x00000000   Number         0  defsig_other.o ABSOLUTE
    ../clib/signal.c                         0x00000000   Number         0  defsig_cppl_inner.o ABSOLUTE
    ../clib/signal.c                         0x00000000   Number         0  defsig_pvfn_inner.o ABSOLUTE
    ../clib/signal.c                         0x00000000   Number         0  defsig_stak_inner.o ABSOLUTE
    ../clib/signal.c                         0x00000000   Number         0  defsig_rtred_inner.o ABSOLUTE
    ../clib/signal.c                         0x00000000   Number         0  defsig_fpe_inner.o ABSOLUTE
    ../clib/signal.c                         0x00000000   Number         0  defsig_abrt_inner.o ABSOLUTE
    ../clib/signal.s                         0x00000000   Number         0  defsig.o ABSOLUTE
    ../clib/stdio.c                          0x00000000   Number         0  ferror.o ABSOLUTE
    ../clib/stdio.c                          0x00000000   Number         0  ferror_locked.o ABSOLUTE
    ../clib/stdlib.c                         0x00000000   Number         0  exit.o ABSOLUTE
    ../clib/string.c                         0x00000000   Number         0  strlen.o ABSOLUTE
    ../fplib/ddiv.s                          0x00000000   Number         0  ddiv.o ABSOLUTE
    ../fplib/dfixu.s                         0x00000000   Number         0  dfixu.o ABSOLUTE
    ../fplib/dflt.s                          0x00000000   Number         0  dflt_clz.o ABSOLUTE
    ../fplib/dmul.s                          0x00000000   Number         0  dmul.o ABSOLUTE
    ../fplib/dnaninf.s                       0x00000000   Number         0  dnaninf.o ABSOLUTE
    ../fplib/dretinf.s                       0x00000000   Number         0  dretinf.o ABSOLUTE
    ../fplib/fpinit.s                        0x00000000   Number         0  fpinit.o ABSOLUTE
    ../fplib/istatus.s                       0x00000000   Number         0  istatus.o ABSOLUTE
    ../fplib/printf1.s                       0x00000000   Number         0  printf1.o ABSOLUTE
    ../fplib/printf2.s                       0x00000000   Number         0  printf2.o ABSOLUTE
    ../fplib/printf2a.s                      0x00000000   Number         0  printf2a.o ABSOLUTE
    ../fplib/printf2b.s                      0x00000000   Number         0  printf2b.o ABSOLUTE
    ../fplib/usenofp.s                       0x00000000   Number         0  usenofp.o ABSOLUTE
    ../mathlib/fpclassify.c                  0x00000000   Number         0  fpclassify.o ABSOLUTE
    ..\\libraries\\cmsis\\core_cm3.c         0x00000000   Number         0  core_cm3.o ABSOLUTE
    ..\bsp\bsp_adc.c                         0x00000000   Number         0  bsp_adc.o ABSOLUTE
    ..\bsp\bsp_config.c                      0x00000000   Number         0  bsp_config.o ABSOLUTE
    ..\bsp\bsp_gpio.c                        0x00000000   Number         0  bsp_gpio.o ABSOLUTE
    ..\bsp\bsp_timer.c                       0x00000000   Number         0  bsp_timer.o ABSOLUTE
    ..\bsp\bsp_usart.c                       0x00000000   Number         0  bsp_usart.o ABSOLUTE
    ..\bsp\dma.c                             0x00000000   Number         0  dma.o ABSOLUTE
    ..\bsp\spi.c                             0x00000000   Number         0  spi.o ABSOLUTE
    ..\drivers\oled.c                        0x00000000   Number         0  oled.o ABSOLUTE
    ..\libraries\cmsis\core_cm3.c            0x00000000   Number         0  core_cm3.o ABSOLUTE
    ..\libraries\cmsis\startup\startup_stm32f10x_md.s 0x00000000   Number         0  startup_stm32f10x_md.o ABSOLUTE
    ..\libraries\cmsis\system_stm32f10x.c    0x00000000   Number         0  system_stm32f10x.o ABSOLUTE
    ..\libraries\fwlib\src\misc.c            0x00000000   Number         0  misc.o ABSOLUTE
    ..\libraries\fwlib\src\stm32f10x_adc.c   0x00000000   Number         0  stm32f10x_adc.o ABSOLUTE
    ..\libraries\fwlib\src\stm32f10x_dma.c   0x00000000   Number         0  stm32f10x_dma.o ABSOLUTE
    ..\libraries\fwlib\src\stm32f10x_exti.c  0x00000000   Number         0  stm32f10x_exti.o ABSOLUTE
    ..\libraries\fwlib\src\stm32f10x_gpio.c  0x00000000   Number         0  stm32f10x_gpio.o ABSOLUTE
    ..\libraries\fwlib\src\stm32f10x_rcc.c   0x00000000   Number         0  stm32f10x_rcc.o ABSOLUTE
    ..\libraries\fwlib\src\stm32f10x_spi.c   0x00000000   Number         0  stm32f10x_spi.o ABSOLUTE
    ..\libraries\fwlib\src\stm32f10x_tim.c   0x00000000   Number         0  stm32f10x_tim.o ABSOLUTE
    ..\libraries\fwlib\src\stm32f10x_usart.c 0x00000000   Number         0  stm32f10x_usart.o ABSOLUTE
    ..\oscilloscope\scope.c                  0x00000000   Number         0  scope.o ABSOLUTE
    ..\oscilloscope\scope_gui.c              0x00000000   Number         0  scope_gui.o ABSOLUTE
    ..\src\main.c                            0x00000000   Number         0  main.o ABSOLUTE
    ..\src\stm32f10x_it.c                    0x00000000   Number         0  stm32f10x_it.o ABSOLUTE
    dc.s                                     0x00000000   Number         0  dc.o ABSOLUTE
    RESET                                    0x08000000   Section      236  startup_stm32f10x_md.o(RESET)
    !!!main                                  0x080000ec   Section        8  __main.o(!!!main)
    !!!scatter                               0x080000f4   Section       52  __scatter.o(!!!scatter)
    !!handler_copy                           0x08000128   Section       26  __scatter_copy.o(!!handler_copy)
    !!handler_zi                             0x08000144   Section       28  __scatter_zi.o(!!handler_zi)
    .ARM.Collect$$_printf_percent$$00000000  0x08000160   Section        0  _printf_percent.o(.ARM.Collect$$_printf_percent$$00000000)
    .ARM.Collect$$_printf_percent$$00000017  0x08000160   Section        4  _printf_percent_end.o(.ARM.Collect$$_printf_percent$$00000017)
    .ARM.Collect$$libinit$$00000000          0x08000164   Section        2  libinit.o(.ARM.Collect$$libinit$$00000000)
    .ARM.Collect$$libinit$$00000002          0x08000166   Section        0  libinit2.o(.ARM.Collect$$libinit$$00000002)
    .ARM.Collect$$libinit$$00000004          0x08000166   Section        0  libinit2.o(.ARM.Collect$$libinit$$00000004)
    .ARM.Collect$$libinit$$0000000A          0x08000166   Section        0  libinit2.o(.ARM.Collect$$libinit$$0000000A)
    .ARM.Collect$$libinit$$0000000C          0x08000166   Section        0  libinit2.o(.ARM.Collect$$libinit$$0000000C)
    .ARM.Collect$$libinit$$0000000E          0x08000166   Section        0  libinit2.o(.ARM.Collect$$libinit$$0000000E)
    .ARM.Collect$$libinit$$00000011          0x08000166   Section        0  libinit2.o(.ARM.Collect$$libinit$$00000011)
    .ARM.Collect$$libinit$$00000013          0x08000166   Section        0  libinit2.o(.ARM.Collect$$libinit$$00000013)
    .ARM.Collect$$libinit$$00000015          0x08000166   Section        0  libinit2.o(.ARM.Collect$$libinit$$00000015)
    .ARM.Collect$$libinit$$00000017          0x08000166   Section        0  libinit2.o(.ARM.Collect$$libinit$$00000017)
    .ARM.Collect$$libinit$$00000019          0x08000166   Section        0  libinit2.o(.ARM.Collect$$libinit$$00000019)
    .ARM.Collect$$libinit$$0000001B          0x08000166   Section        0  libinit2.o(.ARM.Collect$$libinit$$0000001B)
    .ARM.Collect$$libinit$$0000001D          0x08000166   Section        0  libinit2.o(.ARM.Collect$$libinit$$0000001D)
    .ARM.Collect$$libinit$$0000001F          0x08000166   Section        0  libinit2.o(.ARM.Collect$$libinit$$0000001F)
    .ARM.Collect$$libinit$$00000021          0x08000166   Section        0  libinit2.o(.ARM.Collect$$libinit$$00000021)
    .ARM.Collect$$libinit$$00000023          0x08000166   Section        0  libinit2.o(.ARM.Collect$$libinit$$00000023)
    .ARM.Collect$$libinit$$00000025          0x08000166   Section        0  libinit2.o(.ARM.Collect$$libinit$$00000025)
    .ARM.Collect$$libinit$$0000002C          0x08000166   Section        0  libinit2.o(.ARM.Collect$$libinit$$0000002C)
    .ARM.Collect$$libinit$$0000002E          0x08000166   Section        0  libinit2.o(.ARM.Collect$$libinit$$0000002E)
    .ARM.Collect$$libinit$$00000030          0x08000166   Section        0  libinit2.o(.ARM.Collect$$libinit$$00000030)
    .ARM.Collect$$libinit$$00000032          0x08000166   Section        0  libinit2.o(.ARM.Collect$$libinit$$00000032)
    .ARM.Collect$$libinit$$00000033          0x08000166   Section        2  libinit2.o(.ARM.Collect$$libinit$$00000033)
    .ARM.Collect$$libshutdown$$00000000      0x08000168   Section        2  libshutdown.o(.ARM.Collect$$libshutdown$$00000000)
    .ARM.Collect$$libshutdown$$00000002      0x0800016a   Section        0  libshutdown2.o(.ARM.Collect$$libshutdown$$00000002)
    .ARM.Collect$$libshutdown$$00000004      0x0800016a   Section        0  libshutdown2.o(.ARM.Collect$$libshutdown$$00000004)
    .ARM.Collect$$libshutdown$$00000007      0x0800016a   Section        0  libshutdown2.o(.ARM.Collect$$libshutdown$$00000007)
    .ARM.Collect$$libshutdown$$0000000A      0x0800016a   Section        0  libshutdown2.o(.ARM.Collect$$libshutdown$$0000000A)
    .ARM.Collect$$libshutdown$$0000000C      0x0800016a   Section        0  libshutdown2.o(.ARM.Collect$$libshutdown$$0000000C)
    .ARM.Collect$$libshutdown$$0000000F      0x0800016a   Section        0  libshutdown2.o(.ARM.Collect$$libshutdown$$0000000F)
    .ARM.Collect$$libshutdown$$00000010      0x0800016a   Section        2  libshutdown2.o(.ARM.Collect$$libshutdown$$00000010)
    .ARM.Collect$$rtentry$$00000000          0x0800016c   Section        0  __rtentry.o(.ARM.Collect$$rtentry$$00000000)
    .ARM.Collect$$rtentry$$00000002          0x0800016c   Section        0  __rtentry2.o(.ARM.Collect$$rtentry$$00000002)
    .ARM.Collect$$rtentry$$00000004          0x0800016c   Section        6  __rtentry4.o(.ARM.Collect$$rtentry$$00000004)
    .ARM.Collect$$rtentry$$00000009          0x08000172   Section        0  __rtentry2.o(.ARM.Collect$$rtentry$$00000009)
    .ARM.Collect$$rtentry$$0000000A          0x08000172   Section        4  __rtentry2.o(.ARM.Collect$$rtentry$$0000000A)
    .ARM.Collect$$rtentry$$0000000C          0x08000176   Section        0  __rtentry2.o(.ARM.Collect$$rtentry$$0000000C)
    .ARM.Collect$$rtentry$$0000000D          0x08000176   Section        8  __rtentry2.o(.ARM.Collect$$rtentry$$0000000D)
    .ARM.Collect$$rtexit$$00000000           0x0800017e   Section        2  rtexit.o(.ARM.Collect$$rtexit$$00000000)
    .ARM.Collect$$rtexit$$00000002           0x08000180   Section        0  rtexit2.o(.ARM.Collect$$rtexit$$00000002)
    .ARM.Collect$$rtexit$$00000003           0x08000180   Section        4  rtexit2.o(.ARM.Collect$$rtexit$$00000003)
    .ARM.Collect$$rtexit$$00000004           0x08000184   Section        6  rtexit2.o(.ARM.Collect$$rtexit$$00000004)
    .text                                    0x0800018c   Section       64  startup_stm32f10x_md.o(.text)
    .text                                    0x080001cc   Section        0  __2printf.o(.text)
    .text                                    0x080001e4   Section       78  rt_memclr_w.o(.text)
    .text                                    0x08000232   Section        0  heapauxi.o(.text)
    .text                                    0x08000238   Section        0  _printf_char_common.o(.text)
    _printf_input_char                       0x08000239   Thumb Code    10  _printf_char_common.o(.text)
    .text                                    0x08000268   Section        0  _printf_char_file.o(.text)
    .text                                    0x0800028c   Section        0  __printf_flags_ss_wp.o(.text)
    .text                                    0x08000414   Section        0  ferror.o(.text)
    .text                                    0x0800041c   Section       74  sys_stackheap_outer.o(.text)
    .text                                    0x08000466   Section        0  exit.o(.text)
    .text                                    0x08000478   Section        8  libspace.o(.text)
    i.ADC1_Init                              0x08000480   Section        0  bsp_adc.o(i.ADC1_Init)
    i.ADC_Cmd                                0x08000544   Section        0  stm32f10x_adc.o(i.ADC_Cmd)
    i.ADC_DMACmd                             0x0800055a   Section        0  stm32f10x_adc.o(i.ADC_DMACmd)
    i.ADC_DMA_Init                           0x08000570   Section        0  bsp_adc.o(i.ADC_DMA_Init)
    i.ADC_DeInit                             0x08000608   Section        0  stm32f10x_adc.o(i.ADC_DeInit)
    i.ADC_ExternalTrigConvCmd                0x08000664   Section        0  stm32f10x_adc.o(i.ADC_ExternalTrigConvCmd)
    i.ADC_GetCalibrationStatus               0x0800067a   Section        0  stm32f10x_adc.o(i.ADC_GetCalibrationStatus)
    i.ADC_GetResetCalibrationStatus          0x0800068e   Section        0  stm32f10x_adc.o(i.ADC_GetResetCalibrationStatus)
    i.ADC_Init                               0x080006a4   Section        0  stm32f10x_adc.o(i.ADC_Init)
    i.ADC_RegularChannelConfig               0x080006f4   Section        0  stm32f10x_adc.o(i.ADC_RegularChannelConfig)
    i.ADC_ResetCalibration                   0x080007ac   Section        0  stm32f10x_adc.o(i.ADC_ResetCalibration)
    i.ADC_SetTimerFre                        0x080007b8   Section        0  bsp_adc.o(i.ADC_SetTimerFre)
    i.ADC_StartCalibration                   0x080007c8   Section        0  stm32f10x_adc.o(i.ADC_StartCalibration)
    i.ADC_TIM_Init                           0x080007d4   Section        0  bsp_adc.o(i.ADC_TIM_Init)
    i.BusFault_Handler                       0x08000820   Section        0  stm32f10x_it.o(i.BusFault_Handler)
    i.DMA1_Channel1_IRQHandler               0x08000824   Section        0  stm32f10x_it.o(i.DMA1_Channel1_IRQHandler)
    i.DMA_ClearITPendingBit                  0x08000860   Section        0  stm32f10x_dma.o(i.DMA_ClearITPendingBit)
    i.DMA_Cmd                                0x0800087c   Section        0  stm32f10x_dma.o(i.DMA_Cmd)
    i.DMA_DeInit                             0x08000894   Section        0  stm32f10x_dma.o(i.DMA_DeInit)
    i.DMA_GetFlagStatus                      0x080009e0   Section        0  stm32f10x_dma.o(i.DMA_GetFlagStatus)
    i.DMA_ITConfig                           0x08000a0c   Section        0  stm32f10x_dma.o(i.DMA_ITConfig)
    i.DMA_Init                               0x08000a1e   Section        0  stm32f10x_dma.o(i.DMA_Init)
    i.DebugMon_Handler                       0x08000a5a   Section        0  stm32f10x_it.o(i.DebugMon_Handler)
    i.GPIO_Init                              0x08000a5c   Section        0  stm32f10x_gpio.o(i.GPIO_Init)
    i.GPIO_ResetBits                         0x08000b72   Section        0  stm32f10x_gpio.o(i.GPIO_ResetBits)
    i.GPIO_SetBits                           0x08000b76   Section        0  stm32f10x_gpio.o(i.GPIO_SetBits)
    i.HardFault_Handler                      0x08000b7a   Section        0  stm32f10x_it.o(i.HardFault_Handler)
    i.I2C_Start                              0x08000b80   Section        0  oled.o(i.I2C_Start)
    i.I2C_Stop                               0x08000bb4   Section        0  oled.o(i.I2C_Stop)
    i.I2C_WaitAck                            0x08000bd8   Section        0  oled.o(i.I2C_WaitAck)
    i.IIC_delay                              0x08000c04   Section        0  oled.o(i.IIC_delay)
    i.Key_Init                               0x08000c14   Section        0  bsp_gpio.o(i.Key_Init)
    i.Key_Scan                               0x08000c3c   Section        0  bsp_gpio.o(i.Key_Scan)
    i.MemManage_Handler                      0x08000cd8   Section        0  stm32f10x_it.o(i.MemManage_Handler)
    i.NMI_Handler                            0x08000cdc   Section        0  stm32f10x_it.o(i.NMI_Handler)
    i.NVIC_Init                              0x08000ce0   Section        0  misc.o(i.NVIC_Init)
    i.NVIC_PriorityGroupConfig               0x08000d50   Section        0  misc.o(i.NVIC_PriorityGroupConfig)
    i.OLED_Clear                             0x08000d64   Section        0  oled.o(i.OLED_Clear)
    i.OLED_ColorTurn                         0x08000d94   Section        0  oled.o(i.OLED_ColorTurn)
    i.OLED_DisplayTurn                       0x08000db0   Section        0  oled.o(i.OLED_DisplayTurn)
    i.OLED_DrawLine                          0x08000ddc   Section        0  oled.o(i.OLED_DrawLine)
    i.OLED_DrawPoint                         0x08000e88   Section        0  oled.o(i.OLED_DrawPoint)
    i.OLED_Init                              0x08000f00   Section        0  oled.o(i.OLED_Init)
    i.OLED_Refresh                           0x08001044   Section        0  oled.o(i.OLED_Refresh)
    i.OLED_ShowChar                          0x080010ac   Section        0  oled.o(i.OLED_ShowChar)
    i.OLED_ShowString                        0x080011e8   Section        0  oled.o(i.OLED_ShowString)
    i.OLED_WR_Byte                           0x08001232   Section        0  oled.o(i.OLED_WR_Byte)
    i.PendSV_Handler                         0x0800126a   Section        0  stm32f10x_it.o(i.PendSV_Handler)
    i.RCC_ADCCLKConfig                       0x0800126c   Section        0  stm32f10x_rcc.o(i.RCC_ADCCLKConfig)
    i.RCC_AHBPeriphClockCmd                  0x08001284   Section        0  stm32f10x_rcc.o(i.RCC_AHBPeriphClockCmd)
    i.RCC_APB1PeriphClockCmd                 0x080012a4   Section        0  stm32f10x_rcc.o(i.RCC_APB1PeriphClockCmd)
    i.RCC_APB1PeriphResetCmd                 0x080012c4   Section        0  stm32f10x_rcc.o(i.RCC_APB1PeriphResetCmd)
    i.RCC_APB2PeriphClockCmd                 0x080012e4   Section        0  stm32f10x_rcc.o(i.RCC_APB2PeriphClockCmd)
    i.RCC_APB2PeriphResetCmd                 0x08001304   Section        0  stm32f10x_rcc.o(i.RCC_APB2PeriphResetCmd)
    i.RCC_GetClocksFreq                      0x08001324   Section        0  stm32f10x_rcc.o(i.RCC_GetClocksFreq)
    i.SVC_Handler                            0x080013f8   Section        0  stm32f10x_it.o(i.SVC_Handler)
    i.Scope_ClearPoint                       0x080013fa   Section        0  scope_gui.o(i.Scope_ClearPoint)
    i.Scope_DrawNet                          0x08001410   Section        0  scope.o(i.Scope_DrawNet)
    i.Scope_DrawPoint                        0x08001450   Section        0  scope_gui.o(i.Scope_DrawPoint)
    i.Scope_DrawRect                         0x08001464   Section        0  scope_gui.o(i.Scope_DrawRect)
    i.Scope_Fill                             0x080014b8   Section        0  scope_gui.o(i.Scope_Fill)
    i.Scope_ParaRefresh                      0x08001538   Section        0  scope.o(i.Scope_ParaRefresh)
    i.Scope_Refresh                          0x08001554   Section        0  scope_gui.o(i.Scope_Refresh)
    i.Scope_SetTimeBase                      0x0800155c   Section        0  scope.o(i.Scope_SetTimeBase)
    i.Scope_ShowStrReverse                   0x080017fc   Section        0  scope_gui.o(i.Scope_ShowStrReverse)
    i.Scope_Start                            0x08001820   Section        0  scope.o(i.Scope_Start)
    i.Scope_WaveRefresh                      0x08001898   Section        0  scope.o(i.Scope_WaveRefresh)
    i.Send_Byte                              0x08001930   Section        0  oled.o(i.Send_Byte)
    i.SetSysClock                            0x0800197c   Section        0  system_stm32f10x.o(i.SetSysClock)
    SetSysClock                              0x0800197d   Thumb Code     8  system_stm32f10x.o(i.SetSysClock)
    i.SetSysClockTo72                        0x08001984   Section        0  system_stm32f10x.o(i.SetSysClockTo72)
    SetSysClockTo72                          0x08001985   Thumb Code   214  system_stm32f10x.o(i.SetSysClockTo72)
    i.SysTick_CLKSourceConfig                0x08001a64   Section        0  misc.o(i.SysTick_CLKSourceConfig)
    i.SysTick_Handler                        0x08001a8c   Section        0  stm32f10x_it.o(i.SysTick_Handler)
    i.SystemInit                             0x08001a90   Section        0  system_stm32f10x.o(i.SystemInit)
    i.TIM1_PWM_Init                          0x08001af0   Section        0  bsp_timer.o(i.TIM1_PWM_Init)
    i.TIM2_IRQHandler                        0x08001b98   Section        0  bsp_timer.o(i.TIM2_IRQHandler)
    i.TIM2_Init                              0x08001bd0   Section        0  bsp_timer.o(i.TIM2_Init)
    i.TIM_ARRPreloadConfig                   0x08001c2c   Section        0  stm32f10x_tim.o(i.TIM_ARRPreloadConfig)
    i.TIM_ClearITPendingBit                  0x08001c44   Section        0  stm32f10x_tim.o(i.TIM_ClearITPendingBit)
    i.TIM_Cmd                                0x08001c4a   Section        0  stm32f10x_tim.o(i.TIM_Cmd)
    i.TIM_CtrlPWMOutputs                     0x08001c62   Section        0  stm32f10x_tim.o(i.TIM_CtrlPWMOutputs)
    i.TIM_DeInit                             0x08001c80   Section        0  stm32f10x_tim.o(i.TIM_DeInit)
    i.TIM_ITConfig                           0x08001e68   Section        0  stm32f10x_tim.o(i.TIM_ITConfig)
    i.TIM_OC1Init                            0x08001e7c   Section        0  stm32f10x_tim.o(i.TIM_OC1Init)
    i.TIM_OC1PreloadConfig                   0x08001f14   Section        0  stm32f10x_tim.o(i.TIM_OC1PreloadConfig)
    i.TIM_SelectOutputTrigger                0x08001f26   Section        0  stm32f10x_tim.o(i.TIM_SelectOutputTrigger)
    i.TIM_SetCompare1                        0x08001f38   Section        0  stm32f10x_tim.o(i.TIM_SetCompare1)
    i.TIM_TimeBaseInit                       0x08001f3c   Section        0  stm32f10x_tim.o(i.TIM_TimeBaseInit)
    i.UART1_Init                             0x08001fe0   Section        0  bsp_usart.o(i.UART1_Init)
    i.USART1_IRQHandler                      0x08002094   Section        0  stm32f10x_it.o(i.USART1_IRQHandler)
    i.USART2_IRQHandler                      0x080020b8   Section        0  stm32f10x_it.o(i.USART2_IRQHandler)
    i.USART_Cmd                              0x080020dc   Section        0  stm32f10x_usart.o(i.USART_Cmd)
    i.USART_GetFlagStatus                    0x080020f4   Section        0  stm32f10x_usart.o(i.USART_GetFlagStatus)
    i.USART_GetITStatus                      0x0800210e   Section        0  stm32f10x_usart.o(i.USART_GetITStatus)
    i.USART_ITConfig                         0x08002162   Section        0  stm32f10x_usart.o(i.USART_ITConfig)
    i.USART_Init                             0x080021ac   Section        0  stm32f10x_usart.o(i.USART_Init)
    i.USART_ReceiveData                      0x08002284   Section        0  stm32f10x_usart.o(i.USART_ReceiveData)
    i.USART_SendData                         0x0800228e   Section        0  stm32f10x_usart.o(i.USART_SendData)
    i.UsageFault_Handler                     0x08002296   Section        0  stm32f10x_it.o(i.UsageFault_Handler)
    i._is_digit                              0x0800229a   Section        0  __printf_wp.o(i._is_digit)
    i._sys_exit                              0x080022a8   Section        0  bsp_usart.o(i._sys_exit)
    i.delay_init                             0x080022ac   Section        0  bsp_config.o(i.delay_init)
    i.delay_ms                               0x080022f0   Section        0  bsp_config.o(i.delay_ms)
    i.delay_short_ms                         0x08002328   Section        0  bsp_config.o(i.delay_short_ms)
    i.fputc                                  0x08002374   Section        0  bsp_usart.o(i.fputc)
    i.main                                   0x08002398   Section        0  main.o(i.main)
    x$fpl$ddiv                               0x08002458   Section      688  ddiv.o(x$fpl$ddiv)
    ddiv_entry                               0x0800245f   Thumb Code     0  ddiv.o(x$fpl$ddiv)
    x$fpl$dfixu                              0x08002708   Section       90  dfixu.o(x$fpl$dfixu)
    x$fpl$dfltu                              0x08002762   Section       38  dflt_clz.o(x$fpl$dfltu)
    x$fpl$dmul                               0x08002788   Section      340  dmul.o(x$fpl$dmul)
    x$fpl$dnaninf                            0x080028dc   Section      156  dnaninf.o(x$fpl$dnaninf)
    x$fpl$dretinf                            0x08002978   Section       12  dretinf.o(x$fpl$dretinf)
    .constdata                               0x08002984   Section     6632  oled.o(.constdata)
    x$fpl$usenofp                            0x08002984   Section        0  usenofp.o(x$fpl$usenofp)
    .constdata                               0x0800436c   Section       17  __printf_flags_ss_wp.o(.constdata)
    maptable                                 0x0800436c   Data          17  __printf_flags_ss_wp.o(.constdata)
    .data                                    0x20000000   Section        4  stm32f10x_it.o(.data)
    i                                        0x20000002   Data           2  stm32f10x_it.o(.data)
    .data                                    0x20000004   Section       12  scope.o(.data)
    lines_x_per_gap                          0x2000000c   Data           2  scope.o(.data)
    lines_y_per_gap                          0x2000000e   Data           2  scope.o(.data)
    .data                                    0x20000010   Section        4  bsp_config.o(.data)
    fac_us                                   0x20000010   Data           1  bsp_config.o(.data)
    fac_ms                                   0x20000012   Data           2  bsp_config.o(.data)
    .data                                    0x20000014   Section        4  bsp_usart.o(.data)
    .data                                    0x20000018   Section        4  bsp_timer.o(.data)
    .data                                    0x2000001c   Section        1  bsp_gpio.o(.data)
    key_up                                   0x2000001c   Data           1  bsp_gpio.o(.data)
    .data                                    0x2000001d   Section       20  stm32f10x_rcc.o(.data)
    APBAHBPrescTable                         0x2000001d   Data          16  stm32f10x_rcc.o(.data)
    ADCPrescTable                            0x2000002d   Data           4  stm32f10x_rcc.o(.data)
    .data                                    0x20000034   Section       20  system_stm32f10x.o(.data)
    .bss                                     0x20000048   Section     2048  main.o(.bss)
    .bss                                     0x20000848   Section     1152  oled.o(.bss)
    .bss                                     0x20000cc8   Section       96  libspace.o(.bss)
    HEAP                                     0x20000d28   Section      512  startup_stm32f10x_md.o(HEAP)
    Heap_Mem                                 0x20000d28   Data         512  startup_stm32f10x_md.o(HEAP)
    STACK                                    0x20000f28   Section     1024  startup_stm32f10x_md.o(STACK)
    Stack_Mem                                0x20000f28   Data        1024  startup_stm32f10x_md.o(STACK)
    __initial_sp                             0x20001328   Data           0  startup_stm32f10x_md.o(STACK)

    Global Symbols

    Symbol Name                              Value     Ov Type        Size  Object(Section)

    BuildAttributes$$THM_ISAv4$P$D$K$B$S$PE$A:L22UL41UL21$X:L11$S22US41US21$IEEE1$IW$USESV6$~STKCKD$USESV7$~SHL$OTIME$ROPI$IEEEJ$EBA8$UX$STANDARDLIB$REQ8$PRES8$EABIv2 0x00000000   Number         0  anon$$obj.o ABSOLUTE
    __ARM_use_no_argv                        0x00000000   Number         0  main.o ABSOLUTE
    _printf_flags                            0x00000000   Number         0  printf_stubs.o ABSOLUTE
    _printf_return_value                     0x00000000   Number         0  printf_stubs.o ABSOLUTE
    _printf_sizespec                         0x00000000   Number         0  printf_stubs.o ABSOLUTE
    _printf_widthprec                        0x00000000   Number         0  printf_stubs.o ABSOLUTE
    __ARM_exceptions_init                     - Undefined Weak Reference
    __alloca_initialize                       - Undefined Weak Reference
    __arm_preinit_                            - Undefined Weak Reference
    __cpp_initialize__aeabi_                  - Undefined Weak Reference
    __cxa_finalize                            - Undefined Weak Reference
    __sigvec_lookup                           - Undefined Weak Reference
    _atexit_init                              - Undefined Weak Reference
    _call_atexit_fns                          - Undefined Weak Reference
    _clock_init                               - Undefined Weak Reference
    _fp_trap_init                             - Undefined Weak Reference
    _fp_trap_shutdown                         - Undefined Weak Reference
    _get_lc_collate                           - Undefined Weak Reference
    _get_lc_monetary                          - Undefined Weak Reference
    _get_lc_time                              - Undefined Weak Reference
    _getenv_init                              - Undefined Weak Reference
    _handle_redirection                       - Undefined Weak Reference
    _init_alloc                               - Undefined Weak Reference
    _init_user_alloc                          - Undefined Weak Reference
    _initio                                   - Undefined Weak Reference
    _mutex_acquire                            - Undefined Weak Reference
    _mutex_release                            - Undefined Weak Reference
    _printf_mbtowc                            - Undefined Weak Reference
    _printf_wc                                - Undefined Weak Reference
    _rand_init                                - Undefined Weak Reference
    _signal_finish                            - Undefined Weak Reference
    _signal_init                              - Undefined Weak Reference
    _terminate_alloc                          - Undefined Weak Reference
    _terminate_user_alloc                     - Undefined Weak Reference
    _terminateio                              - Undefined Weak Reference
    __Vectors_Size                           0x000000ec   Number         0  startup_stm32f10x_md.o ABSOLUTE
    __Vectors                                0x08000000   Data           4  startup_stm32f10x_md.o(RESET)
    __Vectors_End                            0x080000ec   Data           0  startup_stm32f10x_md.o(RESET)
    __main                                   0x080000ed   Thumb Code     8  __main.o(!!!main)
    __scatterload                            0x080000f5   Thumb Code     0  __scatter.o(!!!scatter)
    __scatterload_rt2                        0x080000f5   Thumb Code    44  __scatter.o(!!!scatter)
    __scatterload_rt2_thumb_only             0x080000f5   Thumb Code     0  __scatter.o(!!!scatter)
    __scatterload_null                       0x08000103   Thumb Code     0  __scatter.o(!!!scatter)
    __scatterload_copy                       0x08000129   Thumb Code    26  __scatter_copy.o(!!handler_copy)
    __scatterload_zeroinit                   0x08000145   Thumb Code    28  __scatter_zi.o(!!handler_zi)
    _printf_percent                          0x08000161   Thumb Code     0  _printf_percent.o(.ARM.Collect$$_printf_percent$$00000000)
    _printf_percent_end                      0x08000161   Thumb Code     0  _printf_percent_end.o(.ARM.Collect$$_printf_percent$$00000017)
    __rt_lib_init                            0x08000165   Thumb Code     0  libinit.o(.ARM.Collect$$libinit$$00000000)
    __rt_lib_init_alloca_1                   0x08000167   Thumb Code     0  libinit2.o(.ARM.Collect$$libinit$$0000002E)
    __rt_lib_init_argv_1                     0x08000167   Thumb Code     0  libinit2.o(.ARM.Collect$$libinit$$0000002C)
    __rt_lib_init_atexit_1                   0x08000167   Thumb Code     0  libinit2.o(.ARM.Collect$$libinit$$0000001B)
    __rt_lib_init_clock_1                    0x08000167   Thumb Code     0  libinit2.o(.ARM.Collect$$libinit$$00000021)
    __rt_lib_init_cpp_1                      0x08000167   Thumb Code     0  libinit2.o(.ARM.Collect$$libinit$$00000032)
    __rt_lib_init_exceptions_1               0x08000167   Thumb Code     0  libinit2.o(.ARM.Collect$$libinit$$00000030)
    __rt_lib_init_fp_1                       0x08000167   Thumb Code     0  libinit2.o(.ARM.Collect$$libinit$$00000002)
    __rt_lib_init_fp_trap_1                  0x08000167   Thumb Code     0  libinit2.o(.ARM.Collect$$libinit$$0000001F)
    __rt_lib_init_getenv_1                   0x08000167   Thumb Code     0  libinit2.o(.ARM.Collect$$libinit$$00000023)
    __rt_lib_init_heap_1                     0x08000167   Thumb Code     0  libinit2.o(.ARM.Collect$$libinit$$0000000A)
    __rt_lib_init_lc_collate_1               0x08000167   Thumb Code     0  libinit2.o(.ARM.Collect$$libinit$$00000011)
    __rt_lib_init_lc_ctype_1                 0x08000167   Thumb Code     0  libinit2.o(.ARM.Collect$$libinit$$00000013)
    __rt_lib_init_lc_monetary_1              0x08000167   Thumb Code     0  libinit2.o(.ARM.Collect$$libinit$$00000015)
    __rt_lib_init_lc_numeric_1               0x08000167   Thumb Code     0  libinit2.o(.ARM.Collect$$libinit$$00000017)
    __rt_lib_init_lc_time_1                  0x08000167   Thumb Code     0  libinit2.o(.ARM.Collect$$libinit$$00000019)
    __rt_lib_init_preinit_1                  0x08000167   Thumb Code     0  libinit2.o(.ARM.Collect$$libinit$$00000004)
    __rt_lib_init_rand_1                     0x08000167   Thumb Code     0  libinit2.o(.ARM.Collect$$libinit$$0000000E)
    __rt_lib_init_return                     0x08000167   Thumb Code     0  libinit2.o(.ARM.Collect$$libinit$$00000033)
    __rt_lib_init_signal_1                   0x08000167   Thumb Code     0  libinit2.o(.ARM.Collect$$libinit$$0000001D)
    __rt_lib_init_stdio_1                    0x08000167   Thumb Code     0  libinit2.o(.ARM.Collect$$libinit$$00000025)
    __rt_lib_init_user_alloc_1               0x08000167   Thumb Code     0  libinit2.o(.ARM.Collect$$libinit$$0000000C)
    __rt_lib_shutdown                        0x08000169   Thumb Code     0  libshutdown.o(.ARM.Collect$$libshutdown$$00000000)
    __rt_lib_shutdown_cpp_1                  0x0800016b   Thumb Code     0  libshutdown2.o(.ARM.Collect$$libshutdown$$00000002)
    __rt_lib_shutdown_fp_trap_1              0x0800016b   Thumb Code     0  libshutdown2.o(.ARM.Collect$$libshutdown$$00000007)
    __rt_lib_shutdown_heap_1                 0x0800016b   Thumb Code     0  libshutdown2.o(.ARM.Collect$$libshutdown$$0000000F)
    __rt_lib_shutdown_return                 0x0800016b   Thumb Code     0  libshutdown2.o(.ARM.Collect$$libshutdown$$00000010)
    __rt_lib_shutdown_signal_1               0x0800016b   Thumb Code     0  libshutdown2.o(.ARM.Collect$$libshutdown$$0000000A)
    __rt_lib_shutdown_stdio_1                0x0800016b   Thumb Code     0  libshutdown2.o(.ARM.Collect$$libshutdown$$00000004)
    __rt_lib_shutdown_user_alloc_1           0x0800016b   Thumb Code     0  libshutdown2.o(.ARM.Collect$$libshutdown$$0000000C)
    __rt_entry                               0x0800016d   Thumb Code     0  __rtentry.o(.ARM.Collect$$rtentry$$00000000)
    __rt_entry_presh_1                       0x0800016d   Thumb Code     0  __rtentry2.o(.ARM.Collect$$rtentry$$00000002)
    __rt_entry_sh                            0x0800016d   Thumb Code     0  __rtentry4.o(.ARM.Collect$$rtentry$$00000004)
    __rt_entry_li                            0x08000173   Thumb Code     0  __rtentry2.o(.ARM.Collect$$rtentry$$0000000A)
    __rt_entry_postsh_1                      0x08000173   Thumb Code     0  __rtentry2.o(.ARM.Collect$$rtentry$$00000009)
    __rt_entry_main                          0x08000177   Thumb Code     0  __rtentry2.o(.ARM.Collect$$rtentry$$0000000D)
    __rt_entry_postli_1                      0x08000177   Thumb Code     0  __rtentry2.o(.ARM.Collect$$rtentry$$0000000C)
    __rt_exit                                0x0800017f   Thumb Code     0  rtexit.o(.ARM.Collect$$rtexit$$00000000)
    __rt_exit_ls                             0x08000181   Thumb Code     0  rtexit2.o(.ARM.Collect$$rtexit$$00000003)
    __rt_exit_prels_1                        0x08000181   Thumb Code     0  rtexit2.o(.ARM.Collect$$rtexit$$00000002)
    __rt_exit_exit                           0x08000185   Thumb Code     0  rtexit2.o(.ARM.Collect$$rtexit$$00000004)
    Reset_Handler                            0x0800018d   Thumb Code     8  startup_stm32f10x_md.o(.text)
    ADC1_2_IRQHandler                        0x080001a7   Thumb Code     0  startup_stm32f10x_md.o(.text)
    CAN1_RX1_IRQHandler                      0x080001a7   Thumb Code     0  startup_stm32f10x_md.o(.text)
    CAN1_SCE_IRQHandler                      0x080001a7   Thumb Code     0  startup_stm32f10x_md.o(.text)
    DMA1_Channel2_IRQHandler                 0x080001a7   Thumb Code     0  startup_stm32f10x_md.o(.text)
    DMA1_Channel3_IRQHandler                 0x080001a7   Thumb Code     0  startup_stm32f10x_md.o(.text)
    DMA1_Channel4_IRQHandler                 0x080001a7   Thumb Code     0  startup_stm32f10x_md.o(.text)
    DMA1_Channel5_IRQHandler                 0x080001a7   Thumb Code     0  startup_stm32f10x_md.o(.text)
    DMA1_Channel6_IRQHandler                 0x080001a7   Thumb Code     0  startup_stm32f10x_md.o(.text)
    DMA1_Channel7_IRQHandler                 0x080001a7   Thumb Code     0  startup_stm32f10x_md.o(.text)
    EXTI0_IRQHandler                         0x080001a7   Thumb Code     0  startup_stm32f10x_md.o(.text)
    EXTI15_10_IRQHandler                     0x080001a7   Thumb Code     0  startup_stm32f10x_md.o(.text)
    EXTI1_IRQHandler                         0x080001a7   Thumb Code     0  startup_stm32f10x_md.o(.text)
    EXTI2_IRQHandler                         0x080001a7   Thumb Code     0  startup_stm32f10x_md.o(.text)
    EXTI3_IRQHandler                         0x080001a7   Thumb Code     0  startup_stm32f10x_md.o(.text)
    EXTI4_IRQHandler                         0x080001a7   Thumb Code     0  startup_stm32f10x_md.o(.text)
    EXTI9_5_IRQHandler                       0x080001a7   Thumb Code     0  startup_stm32f10x_md.o(.text)
    FLASH_IRQHandler                         0x080001a7   Thumb Code     0  startup_stm32f10x_md.o(.text)
    I2C1_ER_IRQHandler                       0x080001a7   Thumb Code     0  startup_stm32f10x_md.o(.text)
    I2C1_EV_IRQHandler                       0x080001a7   Thumb Code     0  startup_stm32f10x_md.o(.text)
    I2C2_ER_IRQHandler                       0x080001a7   Thumb Code     0  startup_stm32f10x_md.o(.text)
    I2C2_EV_IRQHandler                       0x080001a7   Thumb Code     0  startup_stm32f10x_md.o(.text)
    PVD_IRQHandler                           0x080001a7   Thumb Code     0  startup_stm32f10x_md.o(.text)
    RCC_IRQHandler                           0x080001a7   Thumb Code     0  startup_stm32f10x_md.o(.text)
    RTCAlarm_IRQHandler                      0x080001a7   Thumb Code     0  startup_stm32f10x_md.o(.text)
    RTC_IRQHandler                           0x080001a7   Thumb Code     0  startup_stm32f10x_md.o(.text)
    SPI1_IRQHandler                          0x080001a7   Thumb Code     0  startup_stm32f10x_md.o(.text)
    SPI2_IRQHandler                          0x080001a7   Thumb Code     0  startup_stm32f10x_md.o(.text)
    TAMPER_IRQHandler                        0x080001a7   Thumb Code     0  startup_stm32f10x_md.o(.text)
    TIM1_BRK_IRQHandler                      0x080001a7   Thumb Code     0  startup_stm32f10x_md.o(.text)
    TIM1_CC_IRQHandler                       0x080001a7   Thumb Code     0  startup_stm32f10x_md.o(.text)
    TIM1_TRG_COM_IRQHandler                  0x080001a7   Thumb Code     0  startup_stm32f10x_md.o(.text)
    TIM1_UP_IRQHandler                       0x080001a7   Thumb Code     0  startup_stm32f10x_md.o(.text)
    TIM3_IRQHandler                          0x080001a7   Thumb Code     0  startup_stm32f10x_md.o(.text)
    TIM4_IRQHandler                          0x080001a7   Thumb Code     0  startup_stm32f10x_md.o(.text)
    USART3_IRQHandler                        0x080001a7   Thumb Code     0  startup_stm32f10x_md.o(.text)
    USBWakeUp_IRQHandler                     0x080001a7   Thumb Code     0  startup_stm32f10x_md.o(.text)
    USB_HP_CAN1_TX_IRQHandler                0x080001a7   Thumb Code     0  startup_stm32f10x_md.o(.text)
    USB_LP_CAN1_RX0_IRQHandler               0x080001a7   Thumb Code     0  startup_stm32f10x_md.o(.text)
    WWDG_IRQHandler                          0x080001a7   Thumb Code     0  startup_stm32f10x_md.o(.text)
    __user_initial_stackheap                 0x080001a9   Thumb Code     0  startup_stm32f10x_md.o(.text)
    __2printf                                0x080001cd   Thumb Code    20  __2printf.o(.text)
    __aeabi_memclr4                          0x080001e5   Thumb Code     0  rt_memclr_w.o(.text)
    __aeabi_memclr8                          0x080001e5   Thumb Code     0  rt_memclr_w.o(.text)
    __rt_memclr_w                            0x080001e5   Thumb Code    78  rt_memclr_w.o(.text)
    _memset_w                                0x080001e9   Thumb Code     0  rt_memclr_w.o(.text)
    __use_two_region_memory                  0x08000233   Thumb Code     2  heapauxi.o(.text)
    __rt_heap_escrow$2region                 0x08000235   Thumb Code     2  heapauxi.o(.text)
    __rt_heap_expand$2region                 0x08000237   Thumb Code     2  heapauxi.o(.text)
    _printf_char_common                      0x08000243   Thumb Code    32  _printf_char_common.o(.text)
    _printf_char_file                        0x08000269   Thumb Code    32  _printf_char_file.o(.text)
    __printf                                 0x0800028d   Thumb Code   388  __printf_flags_ss_wp.o(.text)
    ferror                                   0x08000415   Thumb Code     8  ferror.o(.text)
    __user_setup_stackheap                   0x0800041d   Thumb Code    74  sys_stackheap_outer.o(.text)
    exit                                     0x08000467   Thumb Code    18  exit.o(.text)
    __user_libspace                          0x08000479   Thumb Code     8  libspace.o(.text)
    __user_perproc_libspace                  0x08000479   Thumb Code     0  libspace.o(.text)
    __user_perthread_libspace                0x08000479   Thumb Code     0  libspace.o(.text)
    ADC1_Init                                0x08000481   Thumb Code   186  bsp_adc.o(i.ADC1_Init)
    ADC_Cmd                                  0x08000545   Thumb Code    22  stm32f10x_adc.o(i.ADC_Cmd)
    ADC_DMACmd                               0x0800055b   Thumb Code    22  stm32f10x_adc.o(i.ADC_DMACmd)
    ADC_DMA_Init                             0x08000571   Thumb Code   138  bsp_adc.o(i.ADC_DMA_Init)
    ADC_DeInit                               0x08000609   Thumb Code    78  stm32f10x_adc.o(i.ADC_DeInit)
    ADC_ExternalTrigConvCmd                  0x08000665   Thumb Code    22  stm32f10x_adc.o(i.ADC_ExternalTrigConvCmd)
    ADC_GetCalibrationStatus                 0x0800067b   Thumb Code    20  stm32f10x_adc.o(i.ADC_GetCalibrationStatus)
    ADC_GetResetCalibrationStatus            0x0800068f   Thumb Code    20  stm32f10x_adc.o(i.ADC_GetResetCalibrationStatus)
    ADC_Init                                 0x080006a5   Thumb Code    70  stm32f10x_adc.o(i.ADC_Init)
    ADC_RegularChannelConfig                 0x080006f5   Thumb Code   184  stm32f10x_adc.o(i.ADC_RegularChannelConfig)
    ADC_ResetCalibration                     0x080007ad   Thumb Code    10  stm32f10x_adc.o(i.ADC_ResetCalibration)
    ADC_SetTimerFre                          0x080007b9   Thumb Code    10  bsp_adc.o(i.ADC_SetTimerFre)
    ADC_StartCalibration                     0x080007c9   Thumb Code    10  stm32f10x_adc.o(i.ADC_StartCalibration)
    ADC_TIM_Init                             0x080007d5   Thumb Code    72  bsp_adc.o(i.ADC_TIM_Init)
    BusFault_Handler                         0x08000821   Thumb Code     4  stm32f10x_it.o(i.BusFault_Handler)
    DMA1_Channel1_IRQHandler                 0x08000825   Thumb Code    48  stm32f10x_it.o(i.DMA1_Channel1_IRQHandler)
    DMA_ClearITPendingBit                    0x08000861   Thumb Code    18  stm32f10x_dma.o(i.DMA_ClearITPendingBit)
    DMA_Cmd                                  0x0800087d   Thumb Code    24  stm32f10x_dma.o(i.DMA_Cmd)
    DMA_DeInit                               0x08000895   Thumb Code   324  stm32f10x_dma.o(i.DMA_DeInit)
    DMA_GetFlagStatus                        0x080009e1   Thumb Code    36  stm32f10x_dma.o(i.DMA_GetFlagStatus)
    DMA_ITConfig                             0x08000a0d   Thumb Code    18  stm32f10x_dma.o(i.DMA_ITConfig)
    DMA_Init                                 0x08000a1f   Thumb Code    60  stm32f10x_dma.o(i.DMA_Init)
    DebugMon_Handler                         0x08000a5b   Thumb Code     2  stm32f10x_it.o(i.DebugMon_Handler)
    GPIO_Init                                0x08000a5d   Thumb Code   278  stm32f10x_gpio.o(i.GPIO_Init)
    GPIO_ResetBits                           0x08000b73   Thumb Code     4  stm32f10x_gpio.o(i.GPIO_ResetBits)
    GPIO_SetBits                             0x08000b77   Thumb Code     4  stm32f10x_gpio.o(i.GPIO_SetBits)
    HardFault_Handler                        0x08000b7b   Thumb Code     4  stm32f10x_it.o(i.HardFault_Handler)
    I2C_Start                                0x08000b81   Thumb Code    48  oled.o(i.I2C_Start)
    I2C_Stop                                 0x08000bb5   Thumb Code    32  oled.o(i.I2C_Stop)
    I2C_WaitAck                              0x08000bd9   Thumb Code    40  oled.o(i.I2C_WaitAck)
    IIC_delay                                0x08000c05   Thumb Code    16  oled.o(i.IIC_delay)
    Key_Init                                 0x08000c15   Thumb Code    36  bsp_gpio.o(i.Key_Init)
    Key_Scan                                 0x08000c3d   Thumb Code   146  bsp_gpio.o(i.Key_Scan)
    MemManage_Handler                        0x08000cd9   Thumb Code     4  stm32f10x_it.o(i.MemManage_Handler)
    NMI_Handler                              0x08000cdd   Thumb Code     2  stm32f10x_it.o(i.NMI_Handler)
    NVIC_Init                                0x08000ce1   Thumb Code   100  misc.o(i.NVIC_Init)
    NVIC_PriorityGroupConfig                 0x08000d51   Thumb Code    10  misc.o(i.NVIC_PriorityGroupConfig)
    OLED_Clear                               0x08000d65   Thumb Code    42  oled.o(i.OLED_Clear)
    OLED_ColorTurn                           0x08000d95   Thumb Code    28  oled.o(i.OLED_ColorTurn)
    OLED_DisplayTurn                         0x08000db1   Thumb Code    44  oled.o(i.OLED_DisplayTurn)
    OLED_DrawLine                            0x08000ddd   Thumb Code   172  oled.o(i.OLED_DrawLine)
    OLED_DrawPoint                           0x08000e89   Thumb Code   114  oled.o(i.OLED_DrawPoint)
    OLED_Init                                0x08000f01   Thumb Code   314  oled.o(i.OLED_Init)
    OLED_Refresh                             0x08001045   Thumb Code   100  oled.o(i.OLED_Refresh)
    OLED_ShowChar                            0x080010ad   Thumb Code   300  oled.o(i.OLED_ShowChar)
    OLED_ShowString                          0x080011e9   Thumb Code    74  oled.o(i.OLED_ShowString)
    OLED_WR_Byte                             0x08001233   Thumb Code    56  oled.o(i.OLED_WR_Byte)
    PendSV_Handler                           0x0800126b   Thumb Code     2  stm32f10x_it.o(i.PendSV_Handler)
    RCC_ADCCLKConfig                         0x0800126d   Thumb Code    18  stm32f10x_rcc.o(i.RCC_ADCCLKConfig)
    RCC_AHBPeriphClockCmd                    0x08001285   Thumb Code    26  stm32f10x_rcc.o(i.RCC_AHBPeriphClockCmd)
    RCC_APB1PeriphClockCmd                   0x080012a5   Thumb Code    26  stm32f10x_rcc.o(i.RCC_APB1PeriphClockCmd)
    RCC_APB1PeriphResetCmd                   0x080012c5   Thumb Code    26  stm32f10x_rcc.o(i.RCC_APB1PeriphResetCmd)
    RCC_APB2PeriphClockCmd                   0x080012e5   Thumb Code    26  stm32f10x_rcc.o(i.RCC_APB2PeriphClockCmd)
    RCC_APB2PeriphResetCmd                   0x08001305   Thumb Code    26  stm32f10x_rcc.o(i.RCC_APB2PeriphResetCmd)
    RCC_GetClocksFreq                        0x08001325   Thumb Code   192  stm32f10x_rcc.o(i.RCC_GetClocksFreq)
    SVC_Handler                              0x080013f9   Thumb Code     2  stm32f10x_it.o(i.SVC_Handler)
    Scope_ClearPoint                         0x080013fb   Thumb Code    20  scope_gui.o(i.Scope_ClearPoint)
    Scope_DrawNet                            0x08001411   Thumb Code    56  scope.o(i.Scope_DrawNet)
    Scope_DrawPoint                          0x08001451   Thumb Code    20  scope_gui.o(i.Scope_DrawPoint)
    Scope_DrawRect                           0x08001465   Thumb Code    84  scope_gui.o(i.Scope_DrawRect)
    Scope_Fill                               0x080014b9   Thumb Code   126  scope_gui.o(i.Scope_Fill)
    Scope_ParaRefresh                        0x08001539   Thumb Code    24  scope.o(i.Scope_ParaRefresh)
    Scope_Refresh                            0x08001555   Thumb Code     8  scope_gui.o(i.Scope_Refresh)
    Scope_SetTimeBase                        0x0800155d   Thumb Code   474  scope.o(i.Scope_SetTimeBase)
    Scope_ShowStrReverse                     0x080017fd   Thumb Code    36  scope_gui.o(i.Scope_ShowStrReverse)
    Scope_Start                              0x08001821   Thumb Code   110  scope.o(i.Scope_Start)
    Scope_WaveRefresh                        0x08001899   Thumb Code   144  scope.o(i.Scope_WaveRefresh)
    Send_Byte                                0x08001931   Thumb Code    70  oled.o(i.Send_Byte)
    SysTick_CLKSourceConfig                  0x08001a65   Thumb Code    40  misc.o(i.SysTick_CLKSourceConfig)
    SysTick_Handler                          0x08001a8d   Thumb Code     2  stm32f10x_it.o(i.SysTick_Handler)
    SystemInit                               0x08001a91   Thumb Code    78  system_stm32f10x.o(i.SystemInit)
    TIM1_PWM_Init                            0x08001af1   Thumb Code   158  bsp_timer.o(i.TIM1_PWM_Init)
    TIM2_IRQHandler                          0x08001b99   Thumb Code    46  bsp_timer.o(i.TIM2_IRQHandler)
    TIM2_Init                                0x08001bd1   Thumb Code    92  bsp_timer.o(i.TIM2_Init)
    TIM_ARRPreloadConfig                     0x08001c2d   Thumb Code    24  stm32f10x_tim.o(i.TIM_ARRPreloadConfig)
    TIM_ClearITPendingBit                    0x08001c45   Thumb Code     6  stm32f10x_tim.o(i.TIM_ClearITPendingBit)
    TIM_Cmd                                  0x08001c4b   Thumb Code    24  stm32f10x_tim.o(i.TIM_Cmd)
    TIM_CtrlPWMOutputs                       0x08001c63   Thumb Code    30  stm32f10x_tim.o(i.TIM_CtrlPWMOutputs)
    TIM_DeInit                               0x08001c81   Thumb Code   424  stm32f10x_tim.o(i.TIM_DeInit)
    TIM_ITConfig                             0x08001e69   Thumb Code    18  stm32f10x_tim.o(i.TIM_ITConfig)
    TIM_OC1Init                              0x08001e7d   Thumb Code   132  stm32f10x_tim.o(i.TIM_OC1Init)
    TIM_OC1PreloadConfig                     0x08001f15   Thumb Code    18  stm32f10x_tim.o(i.TIM_OC1PreloadConfig)
    TIM_SelectOutputTrigger                  0x08001f27   Thumb Code    18  stm32f10x_tim.o(i.TIM_SelectOutputTrigger)
    TIM_SetCompare1                          0x08001f39   Thumb Code     4  stm32f10x_tim.o(i.TIM_SetCompare1)
    TIM_TimeBaseInit                         0x08001f3d   Thumb Code   122  stm32f10x_tim.o(i.TIM_TimeBaseInit)
    UART1_Init                               0x08001fe1   Thumb Code   172  bsp_usart.o(i.UART1_Init)
    USART1_IRQHandler                        0x08002095   Thumb Code    26  stm32f10x_it.o(i.USART1_IRQHandler)
    USART2_IRQHandler                        0x080020b9   Thumb Code    26  stm32f10x_it.o(i.USART2_IRQHandler)
    USART_Cmd                                0x080020dd   Thumb Code    24  stm32f10x_usart.o(i.USART_Cmd)
    USART_GetFlagStatus                      0x080020f5   Thumb Code    26  stm32f10x_usart.o(i.USART_GetFlagStatus)
    USART_GetITStatus                        0x0800210f   Thumb Code    84  stm32f10x_usart.o(i.USART_GetITStatus)
    USART_ITConfig                           0x08002163   Thumb Code    74  stm32f10x_usart.o(i.USART_ITConfig)
    USART_Init                               0x080021ad   Thumb Code   210  stm32f10x_usart.o(i.USART_Init)
    USART_ReceiveData                        0x08002285   Thumb Code    10  stm32f10x_usart.o(i.USART_ReceiveData)
    USART_SendData                           0x0800228f   Thumb Code     8  stm32f10x_usart.o(i.USART_SendData)
    UsageFault_Handler                       0x08002297   Thumb Code     4  stm32f10x_it.o(i.UsageFault_Handler)
    _is_digit                                0x0800229b   Thumb Code    14  __printf_wp.o(i._is_digit)
    _sys_exit                                0x080022a9   Thumb Code     4  bsp_usart.o(i._sys_exit)
    delay_init                               0x080022ad   Thumb Code    50  bsp_config.o(i.delay_init)
    delay_ms                                 0x080022f1   Thumb Code    54  bsp_config.o(i.delay_ms)
    delay_short_ms                           0x08002329   Thumb Code    72  bsp_config.o(i.delay_short_ms)
    fputc                                    0x08002375   Thumb Code    32  bsp_usart.o(i.fputc)
    main                                     0x08002399   Thumb Code   178  main.o(i.main)
    __aeabi_ddiv                             0x08002459   Thumb Code     0  ddiv.o(x$fpl$ddiv)
    _ddiv                                    0x08002459   Thumb Code   552  ddiv.o(x$fpl$ddiv)
    __aeabi_d2uiz                            0x08002709   Thumb Code     0  dfixu.o(x$fpl$dfixu)
    _dfixu                                   0x08002709   Thumb Code    90  dfixu.o(x$fpl$dfixu)
    __aeabi_ui2d                             0x08002763   Thumb Code     0  dflt_clz.o(x$fpl$dfltu)
    _dfltu                                   0x08002763   Thumb Code    38  dflt_clz.o(x$fpl$dfltu)
    __aeabi_dmul                             0x08002789   Thumb Code     0  dmul.o(x$fpl$dmul)
    _dmul                                    0x08002789   Thumb Code   332  dmul.o(x$fpl$dmul)
    __fpl_dnaninf                            0x080028dd   Thumb Code   156  dnaninf.o(x$fpl$dnaninf)
    __fpl_dretinf                            0x08002979   Thumb Code    12  dretinf.o(x$fpl$dretinf)
    __I$use$fp                               0x08002984   Number         0  usenofp.o(x$fpl$usenofp)
    asc2_0806                                0x08002984   Data         552  oled.o(.constdata)
    asc2_1206                                0x08002bac   Data        1140  oled.o(.constdata)
    asc2_1608                                0x08003020   Data        1520  oled.o(.constdata)
    asc2_2412                                0x08003610   Data        3420  oled.o(.constdata)
    Region$$Table$$Base                      0x08004380   Number         0  anon$$obj.o(Region$$Table)
    Region$$Table$$Limit                     0x080043a0   Number         0  anon$$obj.o(Region$$Table)
    uart1_recive_ch                          0x20000000   Data           1  stm32f10x_it.o(.data)
    uart2_recive_ch                          0x20000001   Data           1  stm32f10x_it.o(.data)
    hscope                                   0x20000004   Data           8  scope.o(.data)
    __stdout                                 0x20000014   Data           4  bsp_usart.o(.data)
    second_count                             0x20000018   Data           2  bsp_timer.o(.data)
    ms_count                                 0x2000001a   Data           2  bsp_timer.o(.data)
    SystemCoreClock                          0x20000034   Data           4  system_stm32f10x.o(.data)
    AHBPrescTable                            0x20000038   Data          16  system_stm32f10x.o(.data)
    adc_buf                                  0x20000048   Data        2048  main.o(.bss)
    OLED_GRAM                                0x20000848   Data        1152  oled.o(.bss)
    __libspace_start                         0x20000cc8   Data          96  libspace.o(.bss)
    __temporary_stack_top$libspace           0x20000d28   Data           0  libspace.o(.bss)



==============================================================================

Memory Map of the image

  Image Entry point : 0x080000ed

  Load Region LR_IROM1 (Base: 0x08000000, Size: 0x000043e8, Max: 0x00010000, ABSOLUTE)

    Execution Region ER_IROM1 (Exec base: 0x08000000, Load base: 0x08000000, Size: 0x000043a0, Max: 0x00010000, ABSOLUTE)

    Exec Addr    Load Addr    Size         Type   Attr      Idx    E Section Name        Object

    0x08000000   0x08000000   0x000000ec   Data   RO         2371    RESET               startup_stm32f10x_md.o
    0x080000ec   0x080000ec   0x00000008   Code   RO         2390  * !!!main             c_w.l(__main.o)
    0x080000f4   0x080000f4   0x00000034   Code   RO         2735    !!!scatter          c_w.l(__scatter.o)
    0x08000128   0x08000128   0x0000001a   Code   RO         2737    !!handler_copy      c_w.l(__scatter_copy.o)
    0x08000142   0x08000142   0x00000002   PAD
    0x08000144   0x08000144   0x0000001c   Code   RO         2739    !!handler_zi        c_w.l(__scatter_zi.o)
    0x08000160   0x08000160   0x00000000   Code   RO         2492    .ARM.Collect$$_printf_percent$$00000000  c_w.l(_printf_percent.o)
    0x08000160   0x08000160   0x00000004   Code   RO         2545    .ARM.Collect$$_printf_percent$$00000017  c_w.l(_printf_percent_end.o)
    0x08000164   0x08000164   0x00000002   Code   RO         2598    .ARM.Collect$$libinit$$00000000  c_w.l(libinit.o)
    0x08000166   0x08000166   0x00000000   Code   RO         2614    .ARM.Collect$$libinit$$00000002  c_w.l(libinit2.o)
    0x08000166   0x08000166   0x00000000   Code   RO         2616    .ARM.Collect$$libinit$$00000004  c_w.l(libinit2.o)
    0x08000166   0x08000166   0x00000000   Code   RO         2619    .ARM.Collect$$libinit$$0000000A  c_w.l(libinit2.o)
    0x08000166   0x08000166   0x00000000   Code   RO         2621    .ARM.Collect$$libinit$$0000000C  c_w.l(libinit2.o)
    0x08000166   0x08000166   0x00000000   Code   RO         2623    .ARM.Collect$$libinit$$0000000E  c_w.l(libinit2.o)
    0x08000166   0x08000166   0x00000000   Code   RO         2626    .ARM.Collect$$libinit$$00000011  c_w.l(libinit2.o)
    0x08000166   0x08000166   0x00000000   Code   RO         2628    .ARM.Collect$$libinit$$00000013  c_w.l(libinit2.o)
    0x08000166   0x08000166   0x00000000   Code   RO         2630    .ARM.Collect$$libinit$$00000015  c_w.l(libinit2.o)
    0x08000166   0x08000166   0x00000000   Code   RO         2632    .ARM.Collect$$libinit$$00000017  c_w.l(libinit2.o)
    0x08000166   0x08000166   0x00000000   Code   RO         2634    .ARM.Collect$$libinit$$00000019  c_w.l(libinit2.o)
    0x08000166   0x08000166   0x00000000   Code   RO         2636    .ARM.Collect$$libinit$$0000001B  c_w.l(libinit2.o)
    0x08000166   0x08000166   0x00000000   Code   RO         2638    .ARM.Collect$$libinit$$0000001D  c_w.l(libinit2.o)
    0x08000166   0x08000166   0x00000000   Code   RO         2640    .ARM.Collect$$libinit$$0000001F  c_w.l(libinit2.o)
    0x08000166   0x08000166   0x00000000   Code   RO         2642    .ARM.Collect$$libinit$$00000021  c_w.l(libinit2.o)
    0x08000166   0x08000166   0x00000000   Code   RO         2644    .ARM.Collect$$libinit$$00000023  c_w.l(libinit2.o)
    0x08000166   0x08000166   0x00000000   Code   RO         2646    .ARM.Collect$$libinit$$00000025  c_w.l(libinit2.o)
    0x08000166   0x08000166   0x00000000   Code   RO         2650    .ARM.Collect$$libinit$$0000002C  c_w.l(libinit2.o)
    0x08000166   0x08000166   0x00000000   Code   RO         2652    .ARM.Collect$$libinit$$0000002E  c_w.l(libinit2.o)
    0x08000166   0x08000166   0x00000000   Code   RO         2654    .ARM.Collect$$libinit$$00000030  c_w.l(libinit2.o)
    0x08000166   0x08000166   0x00000000   Code   RO         2656    .ARM.Collect$$libinit$$00000032  c_w.l(libinit2.o)
    0x08000166   0x08000166   0x00000002   Code   RO         2657    .ARM.Collect$$libinit$$00000033  c_w.l(libinit2.o)
    0x08000168   0x08000168   0x00000002   Code   RO         2675    .ARM.Collect$$libshutdown$$00000000  c_w.l(libshutdown.o)
    0x0800016a   0x0800016a   0x00000000   Code   RO         2685    .ARM.Collect$$libshutdown$$00000002  c_w.l(libshutdown2.o)
    0x0800016a   0x0800016a   0x00000000   Code   RO         2687    .ARM.Collect$$libshutdown$$00000004  c_w.l(libshutdown2.o)
    0x0800016a   0x0800016a   0x00000000   Code   RO         2690    .ARM.Collect$$libshutdown$$00000007  c_w.l(libshutdown2.o)
    0x0800016a   0x0800016a   0x00000000   Code   RO         2693    .ARM.Collect$$libshutdown$$0000000A  c_w.l(libshutdown2.o)
    0x0800016a   0x0800016a   0x00000000   Code   RO         2695    .ARM.Collect$$libshutdown$$0000000C  c_w.l(libshutdown2.o)
    0x0800016a   0x0800016a   0x00000000   Code   RO         2698    .ARM.Collect$$libshutdown$$0000000F  c_w.l(libshutdown2.o)
    0x0800016a   0x0800016a   0x00000002   Code   RO         2699    .ARM.Collect$$libshutdown$$00000010  c_w.l(libshutdown2.o)
    0x0800016c   0x0800016c   0x00000000   Code   RO         2408    .ARM.Collect$$rtentry$$00000000  c_w.l(__rtentry.o)
    0x0800016c   0x0800016c   0x00000000   Code   RO         2516    .ARM.Collect$$rtentry$$00000002  c_w.l(__rtentry2.o)
    0x0800016c   0x0800016c   0x00000006   Code   RO         2528    .ARM.Collect$$rtentry$$00000004  c_w.l(__rtentry4.o)
    0x08000172   0x08000172   0x00000000   Code   RO         2518    .ARM.Collect$$rtentry$$00000009  c_w.l(__rtentry2.o)
    0x08000172   0x08000172   0x00000004   Code   RO         2519    .ARM.Collect$$rtentry$$0000000A  c_w.l(__rtentry2.o)
    0x08000176   0x08000176   0x00000000   Code   RO         2521    .ARM.Collect$$rtentry$$0000000C  c_w.l(__rtentry2.o)
    0x08000176   0x08000176   0x00000008   Code   RO         2522    .ARM.Collect$$rtentry$$0000000D  c_w.l(__rtentry2.o)
    0x0800017e   0x0800017e   0x00000002   Code   RO         2606    .ARM.Collect$$rtexit$$00000000  c_w.l(rtexit.o)
    0x08000180   0x08000180   0x00000000   Code   RO         2659    .ARM.Collect$$rtexit$$00000002  c_w.l(rtexit2.o)
    0x08000180   0x08000180   0x00000004   Code   RO         2660    .ARM.Collect$$rtexit$$00000003  c_w.l(rtexit2.o)
    0x08000184   0x08000184   0x00000006   Code   RO         2661    .ARM.Collect$$rtexit$$00000004  c_w.l(rtexit2.o)
    0x0800018a   0x0800018a   0x00000002   PAD
    0x0800018c   0x0800018c   0x00000040   Code   RO         2372    .text               startup_stm32f10x_md.o
    0x080001cc   0x080001cc   0x00000018   Code   RO         2380    .text               c_w.l(__2printf.o)
    0x080001e4   0x080001e4   0x0000004e   Code   RO         2386    .text               c_w.l(rt_memclr_w.o)
    0x08000232   0x08000232   0x00000006   Code   RO         2388    .text               c_w.l(heapauxi.o)
    0x08000238   0x08000238   0x00000030   Code   RO         2421    .text               c_w.l(_printf_char_common.o)
    0x08000268   0x08000268   0x00000024   Code   RO         2425    .text               c_w.l(_printf_char_file.o)
    0x0800028c   0x0800028c   0x00000188   Code   RO         2476    .text               c_w.l(__printf_flags_ss_wp.o)
    0x08000414   0x08000414   0x00000008   Code   RO         2546    .text               c_w.l(ferror.o)
    0x0800041c   0x0800041c   0x0000004a   Code   RO         2552    .text               c_w.l(sys_stackheap_outer.o)
    0x08000466   0x08000466   0x00000012   Code   RO         2591    .text               c_w.l(exit.o)
    0x08000478   0x08000478   0x00000008   Code   RO         2603    .text               c_w.l(libspace.o)
    0x08000480   0x08000480   0x000000c4   Code   RO          678    i.ADC1_Init         bsp_adc.o
    0x08000544   0x08000544   0x00000016   Code   RO          760    i.ADC_Cmd           stm32f10x_adc.o
    0x0800055a   0x0800055a   0x00000016   Code   RO          761    i.ADC_DMACmd        stm32f10x_adc.o
    0x08000570   0x08000570   0x00000098   Code   RO          679    i.ADC_DMA_Init      bsp_adc.o
    0x08000608   0x08000608   0x0000005c   Code   RO          762    i.ADC_DeInit        stm32f10x_adc.o
    0x08000664   0x08000664   0x00000016   Code   RO          765    i.ADC_ExternalTrigConvCmd  stm32f10x_adc.o
    0x0800067a   0x0800067a   0x00000014   Code   RO          768    i.ADC_GetCalibrationStatus  stm32f10x_adc.o
    0x0800068e   0x0800068e   0x00000014   Code   RO          774    i.ADC_GetResetCalibrationStatus  stm32f10x_adc.o
    0x080006a2   0x080006a2   0x00000002   PAD
    0x080006a4   0x080006a4   0x00000050   Code   RO          778    i.ADC_Init          stm32f10x_adc.o
    0x080006f4   0x080006f4   0x000000b8   Code   RO          782    i.ADC_RegularChannelConfig  stm32f10x_adc.o
    0x080007ac   0x080007ac   0x0000000a   Code   RO          783    i.ADC_ResetCalibration  stm32f10x_adc.o
    0x080007b6   0x080007b6   0x00000002   PAD
    0x080007b8   0x080007b8   0x00000010   Code   RO          680    i.ADC_SetTimerFre   bsp_adc.o
    0x080007c8   0x080007c8   0x0000000a   Code   RO          787    i.ADC_StartCalibration  stm32f10x_adc.o
    0x080007d2   0x080007d2   0x00000002   PAD
    0x080007d4   0x080007d4   0x0000004c   Code   RO          681    i.ADC_TIM_Init      bsp_adc.o
    0x08000820   0x08000820   0x00000004   Code   RO          142    i.BusFault_Handler  stm32f10x_it.o
    0x08000824   0x08000824   0x0000003c   Code   RO          143    i.DMA1_Channel1_IRQHandler  stm32f10x_it.o
    0x08000860   0x08000860   0x0000001c   Code   RO         2109    i.DMA_ClearITPendingBit  stm32f10x_dma.o
    0x0800087c   0x0800087c   0x00000018   Code   RO         2110    i.DMA_Cmd           stm32f10x_dma.o
    0x08000894   0x08000894   0x0000014c   Code   RO         2111    i.DMA_DeInit        stm32f10x_dma.o
    0x080009e0   0x080009e0   0x0000002c   Code   RO         2113    i.DMA_GetFlagStatus  stm32f10x_dma.o
    0x08000a0c   0x08000a0c   0x00000012   Code   RO         2115    i.DMA_ITConfig      stm32f10x_dma.o
    0x08000a1e   0x08000a1e   0x0000003c   Code   RO         2116    i.DMA_Init          stm32f10x_dma.o
    0x08000a5a   0x08000a5a   0x00000002   Code   RO          144    i.DebugMon_Handler  stm32f10x_it.o
    0x08000a5c   0x08000a5c   0x00000116   Code   RO         1072    i.GPIO_Init         stm32f10x_gpio.o
    0x08000b72   0x08000b72   0x00000004   Code   RO         1079    i.GPIO_ResetBits    stm32f10x_gpio.o
    0x08000b76   0x08000b76   0x00000004   Code   RO         1080    i.GPIO_SetBits      stm32f10x_gpio.o
    0x08000b7a   0x08000b7a   0x00000004   Code   RO          145    i.HardFault_Handler  stm32f10x_it.o
    0x08000b7e   0x08000b7e   0x00000002   PAD
    0x08000b80   0x08000b80   0x00000034   Code   RO          338    i.I2C_Start         oled.o
    0x08000bb4   0x08000bb4   0x00000024   Code   RO          339    i.I2C_Stop          oled.o
    0x08000bd8   0x08000bd8   0x0000002c   Code   RO          340    i.I2C_WaitAck       oled.o
    0x08000c04   0x08000c04   0x00000010   Code   RO          341    i.IIC_delay         oled.o
    0x08000c14   0x08000c14   0x00000028   Code   RO          725    i.Key_Init          bsp_gpio.o
    0x08000c3c   0x08000c3c   0x0000009c   Code   RO          726    i.Key_Scan          bsp_gpio.o
    0x08000cd8   0x08000cd8   0x00000004   Code   RO          146    i.MemManage_Handler  stm32f10x_it.o
    0x08000cdc   0x08000cdc   0x00000002   Code   RO          147    i.NMI_Handler       stm32f10x_it.o
    0x08000cde   0x08000cde   0x00000002   PAD
    0x08000ce0   0x08000ce0   0x00000070   Code   RO          976    i.NVIC_Init         misc.o
    0x08000d50   0x08000d50   0x00000014   Code   RO          977    i.NVIC_PriorityGroupConfig  misc.o
    0x08000d64   0x08000d64   0x00000030   Code   RO          342    i.OLED_Clear        oled.o
    0x08000d94   0x08000d94   0x0000001c   Code   RO          343    i.OLED_ColorTurn    oled.o
    0x08000db0   0x08000db0   0x0000002c   Code   RO          346    i.OLED_DisplayTurn  oled.o
    0x08000ddc   0x08000ddc   0x000000ac   Code   RO          348    i.OLED_DrawLine     oled.o
    0x08000e88   0x08000e88   0x00000078   Code   RO          349    i.OLED_DrawPoint    oled.o
    0x08000f00   0x08000f00   0x00000144   Code   RO          350    i.OLED_Init         oled.o
    0x08001044   0x08001044   0x00000068   Code   RO          352    i.OLED_Refresh      oled.o
    0x080010ac   0x080010ac   0x0000013c   Code   RO          354    i.OLED_ShowChar     oled.o
    0x080011e8   0x080011e8   0x0000004a   Code   RO          357    i.OLED_ShowString   oled.o
    0x08001232   0x08001232   0x00000038   Code   RO          358    i.OLED_WR_Byte      oled.o
    0x0800126a   0x0800126a   0x00000002   Code   RO          148    i.PendSV_Handler    stm32f10x_it.o
    0x0800126c   0x0800126c   0x00000018   Code   RO         1180    i.RCC_ADCCLKConfig  stm32f10x_rcc.o
    0x08001284   0x08001284   0x00000020   Code   RO         1181    i.RCC_AHBPeriphClockCmd  stm32f10x_rcc.o
    0x080012a4   0x080012a4   0x00000020   Code   RO         1182    i.RCC_APB1PeriphClockCmd  stm32f10x_rcc.o
    0x080012c4   0x080012c4   0x00000020   Code   RO         1183    i.RCC_APB1PeriphResetCmd  stm32f10x_rcc.o
    0x080012e4   0x080012e4   0x00000020   Code   RO         1184    i.RCC_APB2PeriphClockCmd  stm32f10x_rcc.o
    0x08001304   0x08001304   0x00000020   Code   RO         1185    i.RCC_APB2PeriphResetCmd  stm32f10x_rcc.o
    0x08001324   0x08001324   0x000000d4   Code   RO         1192    i.RCC_GetClocksFreq  stm32f10x_rcc.o
    0x080013f8   0x080013f8   0x00000002   Code   RO          149    i.SVC_Handler       stm32f10x_it.o
    0x080013fa   0x080013fa   0x00000014   Code   RO          280    i.Scope_ClearPoint  scope_gui.o
    0x0800140e   0x0800140e   0x00000002   PAD
    0x08001410   0x08001410   0x00000040   Code   RO          231    i.Scope_DrawNet     scope.o
    0x08001450   0x08001450   0x00000014   Code   RO          282    i.Scope_DrawPoint   scope_gui.o
    0x08001464   0x08001464   0x00000054   Code   RO          283    i.Scope_DrawRect    scope_gui.o
    0x080014b8   0x080014b8   0x0000007e   Code   RO          284    i.Scope_Fill        scope_gui.o
    0x08001536   0x08001536   0x00000002   PAD
    0x08001538   0x08001538   0x0000001c   Code   RO          233    i.Scope_ParaRefresh  scope.o
    0x08001554   0x08001554   0x00000008   Code   RO          285    i.Scope_Refresh     scope_gui.o
    0x0800155c   0x0800155c   0x000002a0   Code   RO          234    i.Scope_SetTimeBase  scope.o
    0x080017fc   0x080017fc   0x00000024   Code   RO          287    i.Scope_ShowStrReverse  scope_gui.o
    0x08001820   0x08001820   0x00000078   Code   RO          235    i.Scope_Start       scope.o
    0x08001898   0x08001898   0x00000098   Code   RO          236    i.Scope_WaveRefresh  scope.o
    0x08001930   0x08001930   0x0000004c   Code   RO          359    i.Send_Byte         oled.o
    0x0800197c   0x0800197c   0x00000008   Code   RO         2335    i.SetSysClock       system_stm32f10x.o
    0x08001984   0x08001984   0x000000e0   Code   RO         2336    i.SetSysClockTo72   system_stm32f10x.o
    0x08001a64   0x08001a64   0x00000028   Code   RO          980    i.SysTick_CLKSourceConfig  misc.o
    0x08001a8c   0x08001a8c   0x00000002   Code   RO          150    i.SysTick_Handler   stm32f10x_it.o
    0x08001a8e   0x08001a8e   0x00000002   PAD
    0x08001a90   0x08001a90   0x00000060   Code   RO         2338    i.SystemInit        system_stm32f10x.o
    0x08001af0   0x08001af0   0x000000a8   Code   RO          581    i.TIM1_PWM_Init     bsp_timer.o
    0x08001b98   0x08001b98   0x00000038   Code   RO          582    i.TIM2_IRQHandler   bsp_timer.o
    0x08001bd0   0x08001bd0   0x0000005c   Code   RO          583    i.TIM2_Init         bsp_timer.o
    0x08001c2c   0x08001c2c   0x00000018   Code   RO         1384    i.TIM_ARRPreloadConfig  stm32f10x_tim.o
    0x08001c44   0x08001c44   0x00000006   Code   RO         1391    i.TIM_ClearITPendingBit  stm32f10x_tim.o
    0x08001c4a   0x08001c4a   0x00000018   Code   RO         1396    i.TIM_Cmd           stm32f10x_tim.o
    0x08001c62   0x08001c62   0x0000001e   Code   RO         1398    i.TIM_CtrlPWMOutputs  stm32f10x_tim.o
    0x08001c80   0x08001c80   0x000001e8   Code   RO         1401    i.TIM_DeInit        stm32f10x_tim.o
    0x08001e68   0x08001e68   0x00000012   Code   RO         1421    i.TIM_ITConfig      stm32f10x_tim.o
    0x08001e7a   0x08001e7a   0x00000002   PAD
    0x08001e7c   0x08001e7c   0x00000098   Code   RO         1425    i.TIM_OC1Init       stm32f10x_tim.o
    0x08001f14   0x08001f14   0x00000012   Code   RO         1428    i.TIM_OC1PreloadConfig  stm32f10x_tim.o
    0x08001f26   0x08001f26   0x00000012   Code   RO         1453    i.TIM_SelectOutputTrigger  stm32f10x_tim.o
    0x08001f38   0x08001f38   0x00000004   Code   RO         1457    i.TIM_SetCompare1   stm32f10x_tim.o
    0x08001f3c   0x08001f3c   0x000000a4   Code   RO         1467    i.TIM_TimeBaseInit  stm32f10x_tim.o
    0x08001fe0   0x08001fe0   0x000000b4   Code   RO          519    i.UART1_Init        bsp_usart.o
    0x08002094   0x08002094   0x00000024   Code   RO          151    i.USART1_IRQHandler  stm32f10x_it.o
    0x080020b8   0x080020b8   0x00000024   Code   RO          152    i.USART2_IRQHandler  stm32f10x_it.o
    0x080020dc   0x080020dc   0x00000018   Code   RO         1932    i.USART_Cmd         stm32f10x_usart.o
    0x080020f4   0x080020f4   0x0000001a   Code   RO         1935    i.USART_GetFlagStatus  stm32f10x_usart.o
    0x0800210e   0x0800210e   0x00000054   Code   RO         1936    i.USART_GetITStatus  stm32f10x_usart.o
    0x08002162   0x08002162   0x0000004a   Code   RO         1938    i.USART_ITConfig    stm32f10x_usart.o
    0x080021ac   0x080021ac   0x000000d8   Code   RO         1939    i.USART_Init        stm32f10x_usart.o
    0x08002284   0x08002284   0x0000000a   Code   RO         1946    i.USART_ReceiveData  stm32f10x_usart.o
    0x0800228e   0x0800228e   0x00000008   Code   RO         1949    i.USART_SendData    stm32f10x_usart.o
    0x08002296   0x08002296   0x00000004   Code   RO          153    i.UsageFault_Handler  stm32f10x_it.o
    0x0800229a   0x0800229a   0x0000000e   Code   RO         2469    i._is_digit         c_w.l(__printf_wp.o)
    0x080022a8   0x080022a8   0x00000004   Code   RO          521    i._sys_exit         bsp_usart.o
    0x080022ac   0x080022ac   0x00000044   Code   RO          487    i.delay_init        bsp_config.o
    0x080022f0   0x080022f0   0x00000036   Code   RO          488    i.delay_ms          bsp_config.o
    0x08002326   0x08002326   0x00000002   PAD
    0x08002328   0x08002328   0x0000004c   Code   RO          489    i.delay_short_ms    bsp_config.o
    0x08002374   0x08002374   0x00000024   Code   RO          523    i.fputc             bsp_usart.o
    0x08002398   0x08002398   0x000000c0   Code   RO            1    i.main              main.o
    0x08002458   0x08002458   0x000002b0   Code   RO         2393    x$fpl$ddiv          fz_ws.l(ddiv.o)
    0x08002708   0x08002708   0x0000005a   Code   RO         2396    x$fpl$dfixu         fz_ws.l(dfixu.o)
    0x08002762   0x08002762   0x00000026   Code   RO         2400    x$fpl$dfltu         fz_ws.l(dflt_clz.o)
    0x08002788   0x08002788   0x00000154   Code   RO         2406    x$fpl$dmul          fz_ws.l(dmul.o)
    0x080028dc   0x080028dc   0x0000009c   Code   RO         2502    x$fpl$dnaninf       fz_ws.l(dnaninf.o)
    0x08002978   0x08002978   0x0000000c   Code   RO         2504    x$fpl$dretinf       fz_ws.l(dretinf.o)
    0x08002984   0x08002984   0x00000000   Code   RO         2514    x$fpl$usenofp       fz_ws.l(usenofp.o)
    0x08002984   0x08002984   0x000019e8   Data   RO          361    .constdata          oled.o
    0x0800436c   0x0800436c   0x00000011   Data   RO         2477    .constdata          c_w.l(__printf_flags_ss_wp.o)
    0x0800437d   0x0800437d   0x00000003   PAD
    0x08004380   0x08004380   0x00000020   Data   RO         2733    Region$$Table       anon$$obj.o


    Execution Region RW_IRAM1 (Exec base: 0x20000000, Load base: 0x080043a0, Size: 0x00001328, Max: 0x00005000, ABSOLUTE)

    Exec Addr    Load Addr    Size         Type   Attr      Idx    E Section Name        Object

    0x20000000   0x080043a0   0x00000004   Data   RW          154    .data               stm32f10x_it.o
    0x20000004   0x080043a4   0x0000000c   Data   RW          237    .data               scope.o
    0x20000010   0x080043b0   0x00000004   Data   RW          491    .data               bsp_config.o
    0x20000014   0x080043b4   0x00000004   Data   RW          527    .data               bsp_usart.o
    0x20000018   0x080043b8   0x00000004   Data   RW          586    .data               bsp_timer.o
    0x2000001c   0x080043bc   0x00000001   Data   RW          728    .data               bsp_gpio.o
    0x2000001d   0x080043bd   0x00000014   Data   RW         1212    .data               stm32f10x_rcc.o
    0x20000031   0x080043d1   0x00000003   PAD
    0x20000034   0x080043d4   0x00000014   Data   RW         2339    .data               system_stm32f10x.o
    0x20000048        -       0x00000800   Zero   RW            2    .bss                main.o
    0x20000848        -       0x00000480   Zero   RW          360    .bss                oled.o
    0x20000cc8        -       0x00000060   Zero   RW         2604    .bss                c_w.l(libspace.o)
    0x20000d28        -       0x00000200   Zero   RW         2370    HEAP                startup_stm32f10x_md.o
    0x20000f28        -       0x00000400   Zero   RW         2369    STACK               startup_stm32f10x_md.o


==============================================================================

Image component sizes


      Code (inc. data)   RO Data    RW Data    ZI Data      Debug   Object Name

       440         34          0          0          0       2204   bsp_adc.o
       198         22          0          4          0       1757   bsp_config.o
       196         14          0          1          0       1114   bsp_gpio.o
       316         20          0          4          0       2058   bsp_timer.o
       220         12          0          4          0       4271   bsp_usart.o
         0          0          0          0          0         32   core_cm3.o
       192         14          0          0       2048     272874   main.o
       172         22          0          0          0       2109   misc.o
      1510         60       6632          0       1152      10039   oled.o
      1036        254          0         12          0       3407   scope.o
       294          0          0          0          0       3874   scope_gui.o
        64         26        236          0       1536        824   startup_stm32f10x_md.o
       482         24          0          0          0       7897   stm32f10x_adc.o
       506         26          0          0          0       5153   stm32f10x_dma.o
       286          0          0          0          0       3092   stm32f10x_gpio.o
       158         32          0          4          0       5355   stm32f10x_it.o
       396         56          0         20          0       6663   stm32f10x_rcc.o
       946        126          0          0          0       7118   stm32f10x_tim.o
       442          6          0          0          0       6165   stm32f10x_usart.o
       328         28          0         20          0       2317   system_stm32f10x.o

    ----------------------------------------------------------------------
      8202        776       6900         72       4736     348323   Object Totals
         0          0         32          0          0          0   (incl. Generated)
        20          0          0          3          0          0   (incl. Padding)

    ----------------------------------------------------------------------

      Code (inc. data)   RO Data    RW Data    ZI Data      Debug   Library Member Name

        24          4          0          0          0         84   __2printf.o
         8          0          0          0          0         68   __main.o
       392          4         17          0          0         92   __printf_flags_ss_wp.o
        14          0          0          0          0         68   __printf_wp.o
         0          0          0          0          0          0   __rtentry.o
        12          0          0          0          0          0   __rtentry2.o
         6          0          0          0          0          0   __rtentry4.o
        52          8          0          0          0          0   __scatter.o
        26          0          0          0          0          0   __scatter_copy.o
        28          0          0          0          0          0   __scatter_zi.o
        48          6          0          0          0         96   _printf_char_common.o
        36          4          0          0          0         80   _printf_char_file.o
         0          0          0          0          0          0   _printf_percent.o
         4          0          0          0          0          0   _printf_percent_end.o
        18          0          0          0          0         80   exit.o
         8          0          0          0          0         68   ferror.o
         6          0          0          0          0        152   heapauxi.o
         2          0          0          0          0          0   libinit.o
         2          0          0          0          0          0   libinit2.o
         2          0          0          0          0          0   libshutdown.o
         2          0          0          0          0          0   libshutdown2.o
         8          4          0          0         96         68   libspace.o
        78          0          0          0          0         80   rt_memclr_w.o
         2          0          0          0          0          0   rtexit.o
        10          0          0          0          0          0   rtexit2.o
        74          0          0          0          0         80   sys_stackheap_outer.o
       688        140          0          0          0        208   ddiv.o
        90          4          0          0          0         92   dfixu.o
        38          0          0          0          0         68   dflt_clz.o
       340         12          0          0          0        104   dmul.o
       156          4          0          0          0         92   dnaninf.o
        12          0          0          0          0         68   dretinf.o
         0          0          0          0          0          0   usenofp.o

    ----------------------------------------------------------------------
      2190        190         20          0         96       1648   Library Totals
         4          0          3          0          0          0   (incl. Padding)

    ----------------------------------------------------------------------

      Code (inc. data)   RO Data    RW Data    ZI Data      Debug   Library Name

       862         30         17          0         96       1016   c_w.l
      1324        160          0          0          0        632   fz_ws.l

    ----------------------------------------------------------------------
      2190        190         20          0         96       1648   Library Totals

    ----------------------------------------------------------------------

==============================================================================


      Code (inc. data)   RO Data    RW Data    ZI Data      Debug   

     10392        966       6920         72       4832     344091   Grand Totals
     10392        966       6920         72       4832     344091   ELF Image Totals
     10392        966       6920         72          0          0   ROM Totals

==============================================================================

    Total RO  Size (Code + RO Data)                17312 (  16.91kB)
    Total RW  Size (RW Data + ZI Data)              4904 (   4.79kB)
    Total ROM Size (Code + RO Data + RW Data)      17384 (  16.98kB)

==============================================================================

